../../../Drivers/STM32N6xx_HAL_Driver/Inc/stm32n6xx_ll_bus.h:1825:26:LL_AHB5_GRP1_IsEnabledClock	16	static
D:/STM32/STM32CubeIDE/STM32N6DK2/Drivers/STM32N6xx_HAL_Driver/Src/stm32n6xx_hal_xspi.c:339:19:HAL_XSPI_Init	32	static
D:/STM32/STM32CubeIDE/STM32N6DK2/Drivers/STM32N6xx_HAL_Driver/Src/stm32n6xx_hal_xspi.c:483:13:HAL_XSPI_MspInit	16	static
D:/STM32/STM32CubeIDE/STM32N6DK2/Drivers/STM32N6xx_HAL_Driver/Src/stm32n6xx_hal_xspi.c:498:19:HAL_XSPI_DeInit	24	static
D:/STM32/STM32CubeIDE/STM32N6DK2/Drivers/STM32N6xx_HAL_Driver/Src/stm32n6xx_hal_xspi.c:541:13:HAL_XSPI_MspDeInit	16	static
D:/STM32/STM32CubeIDE/STM32N6DK2/Drivers/STM32N6xx_HAL_Driver/Src/stm32n6xx_hal_xspi.c:581:6:HAL_XSPI_IRQHandler	32	static
D:/STM32/STM32CubeIDE/STM32N6DK2/Drivers/STM32N6xx_HAL_Driver/Src/stm32n6xx_hal_xspi.c:821:19:HAL_XSPI_Command	48	static
D:/STM32/STM32CubeIDE/STM32N6DK2/Drivers/STM32N6xx_HAL_Driver/Src/stm32n6xx_hal_xspi.c:957:19:HAL_XSPI_Command_IT	32	static
D:/STM32/STM32CubeIDE/STM32N6DK2/Drivers/STM32N6xx_HAL_Driver/Src/stm32n6xx_hal_xspi.c:1046:19:HAL_XSPI_HyperbusCfg	48	static
D:/STM32/STM32CubeIDE/STM32N6DK2/Drivers/STM32N6xx_HAL_Driver/Src/stm32n6xx_hal_xspi.c:1097:19:HAL_XSPI_HyperbusCmd	40	static
D:/STM32/STM32CubeIDE/STM32N6DK2/Drivers/STM32N6xx_HAL_Driver/Src/stm32n6xx_hal_xspi.c:1164:19:HAL_XSPI_Transmit	48	static
D:/STM32/STM32CubeIDE/STM32N6DK2/Drivers/STM32N6xx_HAL_Driver/Src/stm32n6xx_hal_xspi.c:1236:19:HAL_XSPI_Receive	56	static
D:/STM32/STM32CubeIDE/STM32N6DK2/Drivers/STM32N6xx_HAL_Driver/Src/stm32n6xx_hal_xspi.c:1326:19:HAL_XSPI_Transmit_IT	24	static
D:/STM32/STM32CubeIDE/STM32N6DK2/Drivers/STM32N6xx_HAL_Driver/Src/stm32n6xx_hal_xspi.c:1375:19:HAL_XSPI_Receive_IT	32	static
D:/STM32/STM32CubeIDE/STM32N6DK2/Drivers/STM32N6xx_HAL_Driver/Src/stm32n6xx_hal_xspi.c:1447:19:HAL_XSPI_Transmit_DMA	32	static
D:/STM32/STM32CubeIDE/STM32N6DK2/Drivers/STM32N6xx_HAL_Driver/Src/stm32n6xx_hal_xspi.c:1630:19:HAL_XSPI_Receive_DMA	40	static
D:/STM32/STM32CubeIDE/STM32N6DK2/Drivers/STM32N6xx_HAL_Driver/Src/stm32n6xx_hal_xspi.c:1830:19:HAL_XSPI_AutoPolling	48	static
D:/STM32/STM32CubeIDE/STM32N6DK2/Drivers/STM32N6xx_HAL_Driver/Src/stm32n6xx_hal_xspi.c:1911:19:HAL_XSPI_AutoPolling_IT	40	static
D:/STM32/STM32CubeIDE/STM32N6DK2/Drivers/STM32N6xx_HAL_Driver/Src/stm32n6xx_hal_xspi.c:1984:19:HAL_XSPI_MemoryMapped	32	static
D:/STM32/STM32CubeIDE/STM32N6DK2/Drivers/STM32N6xx_HAL_Driver/Src/stm32n6xx_hal_xspi.c:2050:13:HAL_XSPI_ErrorCallback	16	static
D:/STM32/STM32CubeIDE/STM32N6DK2/Drivers/STM32N6xx_HAL_Driver/Src/stm32n6xx_hal_xspi.c:2065:13:HAL_XSPI_AbortCpltCallback	16	static
D:/STM32/STM32CubeIDE/STM32N6DK2/Drivers/STM32N6xx_HAL_Driver/Src/stm32n6xx_hal_xspi.c:2080:13:HAL_XSPI_FifoThresholdCallback	16	static
D:/STM32/STM32CubeIDE/STM32N6DK2/Drivers/STM32N6xx_HAL_Driver/Src/stm32n6xx_hal_xspi.c:2095:13:HAL_XSPI_CmdCpltCallback	16	static
D:/STM32/STM32CubeIDE/STM32N6DK2/Drivers/STM32N6xx_HAL_Driver/Src/stm32n6xx_hal_xspi.c:2110:13:HAL_XSPI_RxCpltCallback	16	static
D:/STM32/STM32CubeIDE/STM32N6DK2/Drivers/STM32N6xx_HAL_Driver/Src/stm32n6xx_hal_xspi.c:2125:13:HAL_XSPI_TxCpltCallback	16	static
D:/STM32/STM32CubeIDE/STM32N6DK2/Drivers/STM32N6xx_HAL_Driver/Src/stm32n6xx_hal_xspi.c:2140:13:HAL_XSPI_RxHalfCpltCallback	16	static
D:/STM32/STM32CubeIDE/STM32N6DK2/Drivers/STM32N6xx_HAL_Driver/Src/stm32n6xx_hal_xspi.c:2155:13:HAL_XSPI_TxHalfCpltCallback	16	static
D:/STM32/STM32CubeIDE/STM32N6DK2/Drivers/STM32N6xx_HAL_Driver/Src/stm32n6xx_hal_xspi.c:2170:13:HAL_XSPI_StatusMatchCallback	16	static
D:/STM32/STM32CubeIDE/STM32N6DK2/Drivers/STM32N6xx_HAL_Driver/Src/stm32n6xx_hal_xspi.c:2185:13:HAL_XSPI_TimeOutCallback	16	static
D:/STM32/STM32CubeIDE/STM32N6DK2/Drivers/STM32N6xx_HAL_Driver/Src/stm32n6xx_hal_xspi.c:2436:19:HAL_XSPI_Abort	32	static
D:/STM32/STM32CubeIDE/STM32N6DK2/Drivers/STM32N6xx_HAL_Driver/Src/stm32n6xx_hal_xspi.c:2512:19:HAL_XSPI_Abort_IT	24	static
D:/STM32/STM32CubeIDE/STM32N6DK2/Drivers/STM32N6xx_HAL_Driver/Src/stm32n6xx_hal_xspi.c:2604:19:HAL_XSPI_SetFifoThreshold	24	static
D:/STM32/STM32CubeIDE/STM32N6DK2/Drivers/STM32N6xx_HAL_Driver/Src/stm32n6xx_hal_xspi.c:2633:10:HAL_XSPI_GetFifoThreshold	16	static
D:/STM32/STM32CubeIDE/STM32N6DK2/Drivers/STM32N6xx_HAL_Driver/Src/stm32n6xx_hal_xspi.c:2643:19:HAL_XSPI_SetMemoryType	24	static
D:/STM32/STM32CubeIDE/STM32N6DK2/Drivers/STM32N6xx_HAL_Driver/Src/stm32n6xx_hal_xspi.c:2672:19:HAL_XSPI_SetDeviceSize	24	static
D:/STM32/STM32CubeIDE/STM32N6DK2/Drivers/STM32N6xx_HAL_Driver/Src/stm32n6xx_hal_xspi.c:2702:19:HAL_XSPI_SetClockPrescaler	24	static
D:/STM32/STM32CubeIDE/STM32N6DK2/Drivers/STM32N6xx_HAL_Driver/Src/stm32n6xx_hal_xspi.c:2731:19:HAL_XSPI_SetTimeout	16	static
D:/STM32/STM32CubeIDE/STM32N6DK2/Drivers/STM32N6xx_HAL_Driver/Src/stm32n6xx_hal_xspi.c:2742:10:HAL_XSPI_GetError	16	static
D:/STM32/STM32CubeIDE/STM32N6DK2/Drivers/STM32N6xx_HAL_Driver/Src/stm32n6xx_hal_xspi.c:2752:10:HAL_XSPI_GetState	16	static
D:/STM32/STM32CubeIDE/STM32N6DK2/Drivers/STM32N6xx_HAL_Driver/Src/stm32n6xx_hal_xspi.c:2784:19:HAL_XSPIM_Config	64	static
D:/STM32/STM32CubeIDE/STM32N6DK2/Drivers/STM32N6xx_HAL_Driver/Src/stm32n6xx_hal_xspi.c:2950:19:HAL_XSPI_GetDelayValue	24	static
D:/STM32/STM32CubeIDE/STM32N6DK2/Drivers/STM32N6xx_HAL_Driver/Src/stm32n6xx_hal_xspi.c:3002:19:HAL_XSPI_SetDelayValue	24	static
D:/STM32/STM32CubeIDE/STM32N6DK2/Drivers/STM32N6xx_HAL_Driver/Src/stm32n6xx_hal_xspi.c:3063:13:XSPI_DMACplt	24	static
D:/STM32/STM32CubeIDE/STM32N6DK2/Drivers/STM32N6xx_HAL_Driver/Src/stm32n6xx_hal_xspi.c:3080:13:XSPI_DMAHalfCplt	24	static
D:/STM32/STM32CubeIDE/STM32N6DK2/Drivers/STM32N6xx_HAL_Driver/Src/stm32n6xx_hal_xspi.c:3108:13:XSPI_DMAError	24	static
D:/STM32/STM32CubeIDE/STM32N6DK2/Drivers/STM32N6xx_HAL_Driver/Src/stm32n6xx_hal_xspi.c:3139:13:XSPI_DMAAbortCplt	24	static
D:/STM32/STM32CubeIDE/STM32N6DK2/Drivers/STM32N6xx_HAL_Driver/Src/stm32n6xx_hal_xspi.c:3194:26:XSPI_WaitFlagStateUntilTimeout	24	static
D:/STM32/STM32CubeIDE/STM32N6DK2/Drivers/STM32N6xx_HAL_Driver/Src/stm32n6xx_hal_xspi.c:3221:26:XSPI_ConfigCmd	40	static
D:/STM32/STM32CubeIDE/STM32N6DK2/Drivers/STM32N6xx_HAL_Driver/Src/stm32n6xx_hal_xspi.c:3441:13:XSPIM_GetConfig	24	static
