Archive member included to satisfy reference by file (symbol)

D:/STM32/STM32CubeIDE_2.0.0/STM32CubeIDE/plugins/com.st.stm32cube.ide.mcu.externaltools.gnu-tools-for-stm32.13.3.rel1.win32_1.0.100.202509120712/tools/bin/../lib/gcc/arm-none-eabi/13.3.1/../../../../arm-none-eabi/lib/thumb/v8-m.main+dp/hard\libc_nano.a(libc_a-exit.o)
                              D:/STM32/STM32CubeIDE_2.0.0/STM32CubeIDE/plugins/com.st.stm32cube.ide.mcu.externaltools.gnu-tools-for-stm32.13.3.rel1.win32_1.0.100.202509120712/tools/bin/../lib/gcc/arm-none-eabi/13.3.1/../../../../arm-none-eabi/lib/thumb/v8-m.main+dp/hard/crt0.o (exit)
D:/STM32/STM32CubeIDE_2.0.0/STM32CubeIDE/plugins/com.st.stm32cube.ide.mcu.externaltools.gnu-tools-for-stm32.13.3.rel1.win32_1.0.100.202509120712/tools/bin/../lib/gcc/arm-none-eabi/13.3.1/../../../../arm-none-eabi/lib/thumb/v8-m.main+dp/hard\libc_nano.a(libc_a-findfp.o)
                              D:/STM32/STM32CubeIDE_2.0.0/STM32CubeIDE/plugins/com.st.stm32cube.ide.mcu.externaltools.gnu-tools-for-stm32.13.3.rel1.win32_1.0.100.202509120712/tools/bin/../lib/gcc/arm-none-eabi/13.3.1/../../../../arm-none-eabi/lib/thumb/v8-m.main+dp/hard\libc_nano.a(libc_a-exit.o) (__stdio_exit_handler)
D:/STM32/STM32CubeIDE_2.0.0/STM32CubeIDE/plugins/com.st.stm32cube.ide.mcu.externaltools.gnu-tools-for-stm32.13.3.rel1.win32_1.0.100.202509120712/tools/bin/../lib/gcc/arm-none-eabi/13.3.1/../../../../arm-none-eabi/lib/thumb/v8-m.main+dp/hard\libc_nano.a(libc_a-fwalk.o)
                              D:/STM32/STM32CubeIDE_2.0.0/STM32CubeIDE/plugins/com.st.stm32cube.ide.mcu.externaltools.gnu-tools-for-stm32.13.3.rel1.win32_1.0.100.202509120712/tools/bin/../lib/gcc/arm-none-eabi/13.3.1/../../../../arm-none-eabi/lib/thumb/v8-m.main+dp/hard\libc_nano.a(libc_a-findfp.o) (_fwalk_sglue)
D:/STM32/STM32CubeIDE_2.0.0/STM32CubeIDE/plugins/com.st.stm32cube.ide.mcu.externaltools.gnu-tools-for-stm32.13.3.rel1.win32_1.0.100.202509120712/tools/bin/../lib/gcc/arm-none-eabi/13.3.1/../../../../arm-none-eabi/lib/thumb/v8-m.main+dp/hard\libc_nano.a(libc_a-stdio.o)
                              D:/STM32/STM32CubeIDE_2.0.0/STM32CubeIDE/plugins/com.st.stm32cube.ide.mcu.externaltools.gnu-tools-for-stm32.13.3.rel1.win32_1.0.100.202509120712/tools/bin/../lib/gcc/arm-none-eabi/13.3.1/../../../../arm-none-eabi/lib/thumb/v8-m.main+dp/hard\libc_nano.a(libc_a-findfp.o) (__sread)
D:/STM32/STM32CubeIDE_2.0.0/STM32CubeIDE/plugins/com.st.stm32cube.ide.mcu.externaltools.gnu-tools-for-stm32.13.3.rel1.win32_1.0.100.202509120712/tools/bin/../lib/gcc/arm-none-eabi/13.3.1/../../../../arm-none-eabi/lib/thumb/v8-m.main+dp/hard\libc_nano.a(libc_a-memset.o)
                              D:/STM32/STM32CubeIDE_2.0.0/STM32CubeIDE/plugins/com.st.stm32cube.ide.mcu.externaltools.gnu-tools-for-stm32.13.3.rel1.win32_1.0.100.202509120712/tools/bin/../lib/gcc/arm-none-eabi/13.3.1/../../../../arm-none-eabi/lib/thumb/v8-m.main+dp/hard/crt0.o (memset)
D:/STM32/STM32CubeIDE_2.0.0/STM32CubeIDE/plugins/com.st.stm32cube.ide.mcu.externaltools.gnu-tools-for-stm32.13.3.rel1.win32_1.0.100.202509120712/tools/bin/../lib/gcc/arm-none-eabi/13.3.1/../../../../arm-none-eabi/lib/thumb/v8-m.main+dp/hard\libc_nano.a(libc_a-closer.o)
                              D:/STM32/STM32CubeIDE_2.0.0/STM32CubeIDE/plugins/com.st.stm32cube.ide.mcu.externaltools.gnu-tools-for-stm32.13.3.rel1.win32_1.0.100.202509120712/tools/bin/../lib/gcc/arm-none-eabi/13.3.1/../../../../arm-none-eabi/lib/thumb/v8-m.main+dp/hard\libc_nano.a(libc_a-stdio.o) (_close_r)
D:/STM32/STM32CubeIDE_2.0.0/STM32CubeIDE/plugins/com.st.stm32cube.ide.mcu.externaltools.gnu-tools-for-stm32.13.3.rel1.win32_1.0.100.202509120712/tools/bin/../lib/gcc/arm-none-eabi/13.3.1/../../../../arm-none-eabi/lib/thumb/v8-m.main+dp/hard\libc_nano.a(libc_a-reent.o)
                              D:/STM32/STM32CubeIDE_2.0.0/STM32CubeIDE/plugins/com.st.stm32cube.ide.mcu.externaltools.gnu-tools-for-stm32.13.3.rel1.win32_1.0.100.202509120712/tools/bin/../lib/gcc/arm-none-eabi/13.3.1/../../../../arm-none-eabi/lib/thumb/v8-m.main+dp/hard\libc_nano.a(libc_a-closer.o) (errno)
D:/STM32/STM32CubeIDE_2.0.0/STM32CubeIDE/plugins/com.st.stm32cube.ide.mcu.externaltools.gnu-tools-for-stm32.13.3.rel1.win32_1.0.100.202509120712/tools/bin/../lib/gcc/arm-none-eabi/13.3.1/../../../../arm-none-eabi/lib/thumb/v8-m.main+dp/hard\libc_nano.a(libc_a-impure.o)
                              D:/STM32/STM32CubeIDE_2.0.0/STM32CubeIDE/plugins/com.st.stm32cube.ide.mcu.externaltools.gnu-tools-for-stm32.13.3.rel1.win32_1.0.100.202509120712/tools/bin/../lib/gcc/arm-none-eabi/13.3.1/../../../../arm-none-eabi/lib/thumb/v8-m.main+dp/hard\libc_nano.a(libc_a-reent.o) (_impure_ptr)
D:/STM32/STM32CubeIDE_2.0.0/STM32CubeIDE/plugins/com.st.stm32cube.ide.mcu.externaltools.gnu-tools-for-stm32.13.3.rel1.win32_1.0.100.202509120712/tools/bin/../lib/gcc/arm-none-eabi/13.3.1/../../../../arm-none-eabi/lib/thumb/v8-m.main+dp/hard\libc_nano.a(libc_a-lseekr.o)
[...]
Memory Configuration

Name             Origin             Length             Attributes
ROM              0x70100400         0x0007fc00         xrw
RAM              0x34000000         0x00200000         xrw
EXTRAM           0x90000000         0x04000000         rw
*default*        0x00000000         0xffffffff

Linker script and memory map

LOAD D:/STM32/STM32CubeIDE_2.0.0/STM32CubeIDE/plugins/com.st.stm32cube.ide.mcu.externaltools.gnu-tools-for-stm32.13.3.rel1.win32_1.0.100.202509120712/tools/bin/../lib/gcc/arm-none-eabi/13.3.1/thumb/v8-m.main+dp/hard/crti.o
LOAD D:/STM32/STM32CubeIDE_2.0.0/STM32CubeIDE/plugins/com.st.stm32cube.ide.mcu.externaltools.gnu-tools-for-stm32.13.3.rel1.win32_1.0.100.202509120712/tools/bin/../lib/gcc/arm-none-eabi/13.3.1/thumb/v8-m.main+dp/hard/crtbegin.o
LOAD D:/STM32/STM32CubeIDE_2.0.0/STM32CubeIDE/plugins/com.st.stm32cube.ide.mcu.externaltools.gnu-tools-for-stm32.13.3.rel1.win32_1.0.100.202509120712/tools/bin/../lib/gcc/arm-none-eabi/13.3.1/../../../../arm-none-eabi/lib/thumb/v8-m.main+dp/hard/crt0.o
LOAD ./Application/User/Core/cacheaxi.o
LOAD ./Application/User/Core/dcmipp.o
LOAD ./Application/User/Core/gpio.o
LOAD ./Application/User/Core/i2c.o
LOAD ./Application/User/Core/main.o
LOAD ./Application/User/Core/secure_nsc.o
LOAD ./Application/User/Core/stm32n6xx_hal_msp.o
LOAD ./Application/User/Core/stm32n6xx_it.o
LOAD ./Application/User/Core/syscalls.o
LOAD ./Application/User/Core/sysmem.o
LOAD ./Application/User/Startup/startup_stm32n657x0hxq.o
LOAD ./Drivers/CMSIS/system_stm32n6xx_s.o
LOAD ./Drivers/STM32N6xx_HAL_Driver/stm32n6xx_hal.o
LOAD ./Drivers/STM32N6xx_HAL_Driver/stm32n6xx_hal_cacheaxi.o
LOAD ./Drivers/STM32N6xx_HAL_Driver/stm32n6xx_hal_cortex.o
LOAD ./Drivers/STM32N6xx_HAL_Driver/stm32n6xx_hal_dcmipp.o
LOAD ./Drivers/STM32N6xx_HAL_Driver/stm32n6xx_hal_dma.o
LOAD ./Drivers/STM32N6xx_HAL_Driver/stm32n6xx_hal_dma_ex.o
LOAD ./Drivers/STM32N6xx_HAL_Driver/stm32n6xx_hal_exti.o
LOAD ./Drivers/STM32N6xx_HAL_Driver/stm32n6xx_hal_gpio.o
LOAD ./Drivers/STM32N6xx_HAL_Driver/stm32n6xx_hal_i2c.o
LOAD ./Drivers/STM32N6xx_HAL_Driver/stm32n6xx_hal_i2c_ex.o
LOAD ./Drivers/STM32N6xx_HAL_Driver/stm32n6xx_hal_pwr.o
LOAD ./Drivers/STM32N6xx_HAL_Driver/stm32n6xx_hal_pwr_ex.o
LOAD ./Drivers/STM32N6xx_HAL_Driver/stm32n6xx_hal_rcc.o
LOAD ./Drivers/STM32N6xx_HAL_Driver/stm32n6xx_hal_rcc_ex.o
LOAD ./Drivers/STM32N6xx_HAL_Driver/stm32n6xx_hal_tim.o
LOAD ./Drivers/STM32N6xx_HAL_Driver/stm32n6xx_hal_tim_ex.o
START GROUP
LOAD D:/STM32/STM32CubeIDE_2.0.0/STM32CubeIDE/plugins/com.st.stm32cube.ide.mcu.externaltools.gnu-tools-for-stm32.13.3.rel1.win32_1.0.100.202509120712/tools/bin/../lib/gcc/arm-none-eabi/13.3.1/../../../../arm-none-eabi/lib/thumb/v8-m.main+dp/hard\libc_nano.a
LOAD D:/STM32/STM32CubeIDE_2.0.0/STM32CubeIDE/plugins/com.st.stm32cube.ide.mcu.externaltools.gnu-tools-for-stm32.13.3.rel1.win32_1.0.100.202509120712/tools/bin/../lib/gcc/arm-none-eabi/13.3.1/../../../../arm-none-eabi/lib/thumb/v8-m.main+dp/hard\libm.a
END GROUP
START GROUP
LOAD D:/STM32/STM32CubeIDE_2.0.0/STM32CubeIDE/plugins/com.st.stm32cube.ide.mcu.externaltools.gnu-tools-for-stm32.13.3.rel1.win32_1.0.100.202509120712/tools/bin/../lib/gcc/arm-none-eabi/13.3.1/thumb/v8-m.main+dp/hard\libgcc.a
LOAD D:/STM32/STM32CubeIDE_2.0.0/STM32CubeIDE/plugins/com.st.stm32cube.ide.mcu.externaltools.gnu-tools-for-stm32.13.3.rel1.win32_1.0.100.202509120712/tools/bin/../lib/gcc/arm-none-eabi/13.3.1/../../../../arm-none-eabi/lib/thumb/v8-m.main+dp/hard\libc_nano.a
END GROUP
START GROUP
LOAD D:/STM32/STM32CubeIDE_2.0.0/STM32CubeIDE/plugins/com.st.stm32cube.ide.mcu.externaltools.gnu-tools-for-stm32.13.3.rel1.win32_1.0.100.202509120712/tools/bin/../lib/gcc/arm-none-eabi/13.3.1/thumb/v8-m.main+dp/hard\libgcc.a
LOAD D:/STM32/STM32CubeIDE_2.0.0/STM32CubeIDE/plugins/com.st.stm32cube.ide.mcu.externaltools.gnu-tools-for-stm32.13.3.rel1.win32_1.0.100.202509120712/tools/bin/../lib/gcc/arm-none-eabi/13.3.1/../../../../arm-none-eabi/lib/thumb/v8-m.main+dp/hard\libc_nano.a
LOAD D:/STM32/STM32CubeIDE_2.0.0/STM32CubeIDE/plugins/com.st.stm32cube.ide.mcu.externaltools.gnu-tools-for-stm32.13.3.rel1.win32_1.0.100.202509120712/tools/bin/../lib/gcc/arm-none-eabi/13.3.1/../../../../arm-none-eabi/lib/thumb/v8-m.main+dp/hard\libnosys.a
END GROUP
START GROUP
LOAD D:/STM32/STM32CubeIDE_2.0.0/STM32CubeIDE/plugins/com.st.stm32cube.ide.mcu.externaltools.gnu-tools-for-stm32.13.3.rel1.win32_1.0.100.202509120712/tools/bin/../lib/gcc/arm-none-eabi/13.3.1/thumb/v8-m.main+dp/hard\libgcc.a
LOAD D:/STM32/STM32CubeIDE_2.0.0/STM32CubeIDE/plugins/com.st.stm32cube.ide.mcu.externaltools.gnu-tools-for-stm32.13.3.rel1.win32_1.0.100.202509120712/tools/bin/../lib/gcc/arm-none-eabi/13.3.1/../../../../arm-none-eabi/lib/thumb/v8-m.main+dp/hard\libc_nano.a
LOAD D:/STM32/STM32CubeIDE_2.0.0/STM32CubeIDE/plugins/com.st.stm32cube.ide.mcu.externaltools.gnu-tools-for-stm32.13.3.rel1.win32_1.0.100.202509120712/tools/bin/../lib/gcc/arm-none-eabi/13.3.1/../../../../arm-none-eabi/lib/thumb/v8-m.main+dp/hard\libnosys.a
END GROUP
LOAD D:/STM32/STM32CubeIDE_2.0.0/STM32CubeIDE/plugins/com.st.stm32cube.ide.mcu.externaltools.gnu-tools-for-stm32.13.3.rel1.win32_1.0.100.202509120712/tools/bin/../lib/gcc/arm-none-eabi/13.3.1/thumb/v8-m.main+dp/hard/crtend.o
LOAD D:/STM32/STM32CubeIDE_2.0.0/STM32CubeIDE/plugins/com.st.stm32cube.ide.mcu.externaltools.gnu-tools-for-stm32.13.3.rel1.win32_1.0.100.202509120712/tools/bin/../lib/gcc/arm-none-eabi/13.3.1/thumb/v8-m.main+dp/hard/crtn.o
                0x00000200                        _Min_Heap_Size = 0x200
                0x00000800                        _Min_Stack_Size = 0x800
                0x34200000                        _estack = (ORIGIN (RAM) + LENGTH (RAM))
                0x341ff800                        _sstack = (_estack - _Min_Stack_Size)

.isr_vector     0x70100400      0x34c
                0x70100400                        . = ALIGN (0x4)
 *(.isr_vector)
 .isr_vector    0x70100400      0x34c ./Application/User/Startup/startup_stm32n657x0hxq.o
                0x70100400                g_pfnVectors
                0x7010074c                        . = ALIGN (0x4)

.text           0x7010074c     0x1164
                0x7010074c                        . = ALIGN (0x4)
 *(.text)
 .text          0x7010074c       0x40 D:/STM32/STM32CubeIDE_2.0.0/STM32CubeIDE/plugins/com.st.stm32cube.ide.mcu.externaltools.gnu-tools-for-stm32.13.3.rel1.win32_1.0.100.202509120712/tools/bin/../lib/gcc/arm-none-eabi/13.3.1/thumb/v8-m.main+dp/hard/crtbegin.o
 *(.text*)
 .text.LL_AHB5_GRP1_EnableClock
                0x7010078c       0x2c ./Application/User/Core/cacheaxi.o
 .text.MX_CACHEAXI_Init
                0x701007b8       0x28 ./Application/User/Core/cacheaxi.o
                0x701007b8                MX_CACHEAXI_Init
 .text.HAL_CACHEAXI_MspInit
                0x701007e0       0x28 ./Application/User/Core/cacheaxi.o
                0x701007e0                HAL_CACHEAXI_MspInit
 .text.LL_AHB4_GRP1_EnableClock
                0x70100808       0x2c ./Application/User/Core/gpio.o
 .text.MX_GPIO_Init
                0x70100834       0xc8 ./Application/User/Core/gpio.o
                0x70100834                MX_GPIO_Init
 .text.main     0x701008fc       0xf4 ./Application/User/Core/main.o
                0x701008fc                main
 .text.Error_Handler
                0x701009f0        0xc ./Application/User/Core/main.o
                0x701009f0                Error_Handler
 .text.SECURE_RegisterCallback
                0x701009fc       0x54 ./Application/User/Core/secure_nsc.o
                0x701009fc                __acle_se_SECURE_RegisterCallback
 .text.HAL_MspInit
                0x70100a50       0x38 ./Application/User/Core/stm32n6xx_hal_msp.o
                0x70100a50                HAL_MspInit
 .text.NMI_Handler
                0x70100a88        0x8 ./Application/User/Core/stm32n6xx_it.o
                0x70100a88                NMI_Handler
 .text.HardFault_Handler
                0x70100a90        0x8 ./Application/User/Core/stm32n6xx_it.o
                0x70100a90                HardFault_Handler
 .text.MemManage_Handler
                0x70100a98        0x8 ./Application/User/Core/stm32n6xx_it.o
                0x70100a98                MemManage_Handler
 .text.BusFault_Handler
                0x70100aa0        0x8 ./Application/User/Core/stm32n6xx_it.o
                0x70100aa0                BusFault_Handler
 .text.UsageFault_Handler
                0x70100aa8        0x8 ./Application/User/Core/stm32n6xx_it.o
                0x70100aa8                UsageFault_Handler
 .text.SecureFault_Handler
                0x70100ab0        0x8 ./Application/User/Core/stm32n6xx_it.o
                0x70100ab0                SecureFault_Handler
 .text.SVC_Handler
                0x70100ab8        0xe ./Application/User/Core/stm32n6xx_it.o
                0x70100ab8                SVC_Handler
 .text.DebugMon_Handler
                0x70100ac6        0xe ./Application/User/Core/stm32n6xx_it.o
                0x70100ac6                DebugMon_Handler
 .text.PendSV_Handler
                0x70100ad4        0xe ./Application/User/Core/stm32n6xx_it.o
                0x70100ad4                PendSV_Handler
 .text.SysTick_Handler
                0x70100ae2        0xc ./Application/User/Core/stm32n6xx_it.o
                0x70100ae2                SysTick_Handler
 *fill*         0x70100aee        0x2 
 .text.Reset_Handler
                0x70100af0       0x5c ./Application/User/Startup/startup_stm32n657x0hxq.o
                0x70100af0                Reset_Handler
 .text.Default_Handler
                0x70100b4c        0x2 ./Application/User/Startup/startup_stm32n657x0hxq.o
                0x70100b4c                HPDMA1_Channel13_IRQHandler
                0x70100b4c                EXTI2_IRQHandler
                0x70100b4c                MCE2_IRQHandler
                0x70100b4c                TIM8_CC_IRQHandler
                0x70100b4c                USB2_OTG_HS_IRQHandler
                0x70100b4c                SAI1_A_IRQHandler
                0x70100b4c                EXTI5_IRQHandler
                0x70100b4c                I3C1_ER_IRQHandler
                0x70100b4c                UART8_IRQHandler
                0x70100b4c                CTI_INT0_IRQHandler
                0x70100b4c                SPI4_IRQHandler
                0x70100b4c                LTDC_LO_IRQHandler
                0x70100b4c                NPU2_IRQHandler
                0x70100b4c                FDCAN3_IT0_IRQHandler
                0x70100b4c                EXTI13_IRQHandler
                0x70100b4c                TIM1_CC_IRQHandler
                0x70100b4c                XSPI1_IRQHandler
                0x70100b4c                TIM10_IRQHandler
                0x70100b4c                JPEG_IRQHandler
                0x70100b4c                TAMP_IRQHandler
                0x70100b4c                CACHE_ECC_IRQHandler
                0x70100b4c                TIM6_IRQHandler
                0x70100b4c                CSI_IRQHandler
                0x70100b4c                EXTI12_IRQHandler
                0x70100b4c                GFXTIM_IRQHandler
                0x70100b4c                EXTI3_IRQHandler
                0x70100b4c                LPTIM4_IRQHandler
                0x70100b4c                GPDMA1_Channel5_IRQHandler
                0x70100b4c                EXTI8_IRQHandler
                0x70100b4c                LPTIM2_IRQHandler
                0x70100b4c                GFXMMU_IRQHandler
                0x70100b4c                LTDC_LO_ERR_IRQHandler
                0x70100b4c                I2C3_ER_IRQHandler
                0x70100b4c                RIFSC_TAMPER_IRQHandler
                0x70100b4c                USART10_IRQHandler
                0x70100b4c                MDF1_FLT2_IRQHandler
                0x70100b4c                LPTIM3_IRQHandler
                0x70100b4c                SAI2_A_IRQHandler
                0x70100b4c                EXTI0_IRQHandler
                0x70100b4c                HPDMA1_Channel9_IRQHandler
                0x70100b4c                I2C2_EV_IRQHandler
                0x70100b4c                GPU2D_IRQHandler
                0x70100b4c                FPU_IRQHandler
                0x70100b4c                GPDMA1_Channel3_IRQHandler
                0x70100b4c                GPDMA1_Channel7_IRQHandler
                0x70100b4c                MDF1_FLT4_IRQHandler
                0x70100b4c                FDCAN1_IT1_IRQHandler
                0x70100b4c                HPDMA1_Channel3_IRQHandler
                0x70100b4c                ADC1_2_IRQHandler
                0x70100b4c                GPDMA1_Channel9_IRQHandler
                0x70100b4c                SPI1_IRQHandler
                0x70100b4c                CACHEAXI_IRQHandler
                0x70100b4c                SAI1_B_IRQHandler
                0x70100b4c                GPDMA1_Channel2_IRQHandler
                0x70100b4c                PAHB_ERR_IRQHandler
                0x70100b4c                TIM8_UP_IRQHandler
                0x70100b4c                RCC_S_IRQHandler
                0x70100b4c                MDF1_FLT1_IRQHandler
                0x70100b4c                LTDC_UP_IRQHandler
                0x70100b4c                LOCKUP_IRQHandler
                0x70100b4c                PKA_IRQHandler
                0x70100b4c                USART6_IRQHandler
                0x70100b4c                HPDMA1_Channel2_IRQHandler
                0x70100b4c                MDF1_FLT5_IRQHandler
                0x70100b4c                MCE4_IRQHandler
                0x70100b4c                I3C2_ER_IRQHandler
                0x70100b4c                EXTI15_IRQHandler
                0x70100b4c                TIM17_IRQHandler
                0x70100b4c                USART3_IRQHandler
                0x70100b4c                HPDMA1_Channel6_IRQHandler
                0x70100b4c                CRYP_IRQHandler
                0x70100b4c                RTC_IRQHandler
                0x70100b4c                XSPI2_IRQHandler
                0x70100b4c                EXTI9_IRQHandler
                0x70100b4c                IAC_IRQHandler
                0x70100b4c                HPDMA1_Channel0_IRQHandler
                0x70100b4c                LPTIM5_IRQHandler
                0x70100b4c                HPDMA1_Channel1_IRQHandler
                0x70100b4c                UART5_IRQHandler
                0x70100b4c                TIM4_IRQHandler
                0x70100b4c                NPU3_IRQHandler
                0x70100b4c                I3C2_EV_IRQHandler
                0x70100b4c                I2C1_EV_IRQHandler
                0x70100b4c                FDCAN_CU_IRQHandler
                0x70100b4c                GPDMA1_Channel12_IRQHandler
                0x70100b4c                HPDMA1_Channel7_IRQHandler
                0x70100b4c                GPDMA1_Channel1_IRQHandler
                0x70100b4c                TIM16_IRQHandler
                0x70100b4c                GPDMA1_Channel15_IRQHandler
                0x70100b4c                UART4_IRQHandler
                0x70100b4c                TCM_ECC_IRQHandler
                0x70100b4c                TIM3_IRQHandler
                0x70100b4c                RCC_IRQHandler
                0x70100b4c                UART9_IRQHandler
                0x70100b4c                NPU1_IRQHandler
                0x70100b4c                SAI2_B_IRQHandler
                0x70100b4c                Default_Handler
                0x70100b4c                GPDMA1_Channel8_IRQHandler
                0x70100b4c                HPDMA1_Channel8_IRQHandler
                0x70100b4c                TIM18_IRQHandler
                0x70100b4c                TIM14_IRQHandler
                0x70100b4c                TIM13_IRQHandler
                0x70100b4c                CTI_INT1_IRQHandler
                0x70100b4c                GPDMA1_Channel11_IRQHandler
                0x70100b4c                GPU2D_ER_IRQHandler
                0x70100b4c                SPI5_IRQHandler
                0x70100b4c                TIM12_IRQHandler
                0x70100b4c                TIM7_IRQHandler
                0x70100b4c                FDCAN3_IT1_IRQHandler
                0x70100b4c                HPDMA1_Channel10_IRQHandler
                0x70100b4c                SDMMC1_IRQHandler
                0x70100b4c                SAES_IRQHandler
                0x70100b4c                TIM5_IRQHandler
                0x70100b4c                UCPD1_IRQHandler
                0x70100b4c                GPDMA1_Channel0_IRQHandler
                0x70100b4c                I3C1_EV_IRQHandler
                0x70100b4c                HPDMA1_Channel5_IRQHandler
                0x70100b4c                TIM15_IRQHandler
                0x70100b4c                I2C3_EV_IRQHandler
                0x70100b4c                HPDMA1_Channel4_IRQHandler
                0x70100b4c                HPDMA1_Channel15_IRQHandler
                0x70100b4c                TIM9_IRQHandler
                0x70100b4c                ETH1_IRQHandler
                0x70100b4c                USB1_OTG_HS_IRQHandler
                0x70100b4c                PVD_PVM_IRQHandler
                0x70100b4c                SPI2_IRQHandler
                0x70100b4c                TIM1_TRG_CCU_IRQHandler
                0x70100b4c                HPDMA1_Channel11_IRQHandler
                0x70100b4c                EXTI14_IRQHandler
                0x70100b4c                EXTI11_IRQHandler
                0x70100b4c                VENC_IRQHandler
                0x70100b4c                GPDMA1_Channel14_IRQHandler
                0x70100b4c                EXTI4_IRQHandler
                0x70100b4c                RTC_S_IRQHandler
                0x70100b4c                GPDMA1_Channel13_IRQHandler
                0x70100b4c                RNG_IRQHandler
                0x70100b4c                XSPI3_IRQHandler
                0x70100b4c                FDCAN2_IT1_IRQHandler
                0x70100b4c                TIM1_UP_IRQHandler
                0x70100b4c                NPU0_IRQHandler
                0x70100b4c                BCK_ECC_IRQHandler
                0x70100b4c                WWDG_IRQHandler
                0x70100b4c                SPI6_IRQHandler
                0x70100b4c                MDIOS_IRQHandler
                0x70100b4c                I2C4_EV_IRQHandler
                0x70100b4c                FDCAN2_IT0_IRQHandler
                0x70100b4c                IWDG_IRQHandler
                0x70100b4c                HPDMA1_Channel14_IRQHandler
                0x70100b4c                LPUART1_IRQHandler
                0x70100b4c                FDCAN1_IT0_IRQHandler
                0x70100b4c                MDF1_FLT0_IRQHandler
                0x70100b4c                TIM2_IRQHandler
                0x70100b4c                MCE3_IRQHandler
                0x70100b4c                GPDMA1_Channel4_IRQHandler
                0x70100b4c                EXTI7_IRQHandler
                0x70100b4c                DMA2D_IRQHandler
                0x70100b4c                TIM1_BRK_IRQHandler
                0x70100b4c                EXTI1_IRQHandler
                0x70100b4c                SDMMC2_IRQHandler
                0x70100b4c                TIM11_IRQHandler
                0x70100b4c                LTDC_UP_ERR_IRQHandler
                0x70100b4c                UART7_IRQHandler
                0x70100b4c                DTS_IRQHandler
                0x70100b4c                MDF1_FLT3_IRQHandler
                0x70100b4c                USART2_IRQHandler
                0x70100b4c                GPDMA1_Channel6_IRQHandler
                0x70100b4c                ADF1_FLT0_IRQHandler
                0x70100b4c                I2C2_ER_IRQHandler
                0x70100b4c                MCE1_IRQHandler
                0x70100b4c                SPDIFRX_IRQHandler
                0x70100b4c                TIM8_BRK_IRQHandler
                0x70100b4c                HPDMA1_Channel12_IRQHandler
                0x70100b4c                USART1_IRQHandler
                0x70100b4c                EXTI10_IRQHandler
                0x70100b4c                SPI3_IRQHandler
                0x70100b4c                WAKEUP_PIN_IRQHandler
                0x70100b4c                DCMIPP_IRQHandler
                0x70100b4c                I2C1_ER_IRQHandler
                0x70100b4c                FMC_IRQHandler
                0x70100b4c                EXTI6_IRQHandler
                0x70100b4c                LPTIM1_IRQHandler
                0x70100b4c                DCMI_PSSI_IRQHandler
                0x70100b4c                TIM8_TRG_CCU_IRQHandler
                0x70100b4c                I2C4_ER_IRQHandler
                0x70100b4c                GPDMA1_Channel10_IRQHandler
                0x70100b4c                ICACHE_IRQHandler
                0x70100b4c                HASH_IRQHandler
 *fill*         0x70100b4e        0x2 
 .text.TZ_SAU_Setup
                0x70100b50       0x74 ./Drivers/CMSIS/system_stm32n6xx_s.o
 .text.SystemInit
                0x70100bc4       0x70 ./Drivers/CMSIS/system_stm32n6xx_s.o
                0x70100bc4                SystemInit
 .text.SystemCoreClockUpdate
                0x70100c34      0x350 ./Drivers/CMSIS/system_stm32n6xx_s.o
                0x70100c34                SystemCoreClockUpdate
 .text.SECURE_SystemCoreClockUpdate
                0x70100f84       0x2c ./Drivers/CMSIS/system_stm32n6xx_s.o
                0x70100f84                __acle_se_SECURE_SystemCoreClockUpdate
 .text.HAL_Init
                0x70100fb0       0x28 ./Drivers/STM32N6xx_HAL_Driver/stm32n6xx_hal.o
                0x70100fb0                HAL_Init
 .text.HAL_InitTick
                0x70100fd8       0x6c ./Drivers/STM32N6xx_HAL_Driver/stm32n6xx_hal.o
                0x70100fd8                HAL_InitTick
 .text.HAL_IncTick
                0x70101044       0x28 ./Drivers/STM32N6xx_HAL_Driver/stm32n6xx_hal.o
                0x70101044                HAL_IncTick
 .text.HAL_GetTick
                0x7010106c       0x18 ./Drivers/STM32N6xx_HAL_Driver/stm32n6xx_hal.o
                0x7010106c                HAL_GetTick
 .text.HAL_Delay
                0x70101084       0x48 ./Drivers/STM32N6xx_HAL_Driver/stm32n6xx_hal.o
                0x70101084                HAL_Delay
 .text.HAL_CACHEAXI_Init
                0x701010cc       0x42 ./Drivers/STM32N6xx_HAL_Driver/stm32n6xx_hal_cacheaxi.o
                0x701010cc                HAL_CACHEAXI_Init
 .text.HAL_CACHEAXI_Enable
                0x7010110e       0x88 ./Drivers/STM32N6xx_HAL_Driver/stm32n6xx_hal_cacheaxi.o
                0x7010110e                HAL_CACHEAXI_Enable
 *fill*         0x70101196        0x2 
 .text.__NVIC_SetPriorityGrouping
                0x70101198       0x48 ./Drivers/STM32N6xx_HAL_Driver/stm32n6xx_hal_cortex.o
 .text.__NVIC_GetPriorityGrouping
                0x701011e0       0x1c ./Drivers/STM32N6xx_HAL_Driver/stm32n6xx_hal_cortex.o
 .text.__NVIC_SetPriority
                0x701011fc       0x54 ./Drivers/STM32N6xx_HAL_Driver/stm32n6xx_hal_cortex.o
 .text.NVIC_EncodePriority
                0x70101250       0x66 ./Drivers/STM32N6xx_HAL_Driver/stm32n6xx_hal_cortex.o
 *fill*         0x701012b6        0x2 
 .text.SysTick_Config
                0x701012b8       0x44 ./Drivers/STM32N6xx_HAL_Driver/stm32n6xx_hal_cortex.o
 .text.HAL_NVIC_SetPriorityGrouping
                0x701012fc       0x16 ./Drivers/STM32N6xx_HAL_Driver/stm32n6xx_hal_cortex.o
                0x701012fc                HAL_NVIC_SetPriorityGrouping
 .text.HAL_NVIC_SetPriority
                0x70101312       0x3a ./Drivers/STM32N6xx_HAL_Driver/stm32n6xx_hal_cortex.o
                0x70101312                HAL_NVIC_SetPriority
 .text.HAL_SYSTICK_Config
                0x7010134c       0x18 ./Drivers/STM32N6xx_HAL_Driver/stm32n6xx_hal_cortex.o
                0x7010134c                HAL_SYSTICK_Config
 .text.HAL_GPIO_Init
                0x70101364      0x364 ./Drivers/STM32N6xx_HAL_Driver/stm32n6xx_hal_gpio.o
                0x70101364                HAL_GPIO_Init
 .text.HAL_GPIO_WritePin
                0x701016c8       0x30 ./Drivers/STM32N6xx_HAL_Driver/stm32n6xx_hal_gpio.o
                0x701016c8                HAL_GPIO_WritePin
 .text.HAL_GPIO_TogglePin
                0x701016f8       0x34 ./Drivers/STM32N6xx_HAL_Driver/stm32n6xx_hal_gpio.o
                0x701016f8                HAL_GPIO_TogglePin
 .text.HAL_PWREx_ConfigVddIORange
                0x7010172c       0xa4 ./Drivers/STM32N6xx_HAL_Driver/stm32n6xx_hal_pwr_ex.o
                0x7010172c                HAL_PWREx_ConfigVddIORange
 .text.HAL_PWREx_EnableVddIO2
                0x701017d0       0x20 ./Drivers/STM32N6xx_HAL_Driver/stm32n6xx_hal_pwr_ex.o
                0x701017d0                HAL_PWREx_EnableVddIO2
 .text.HAL_PWREx_EnableVddIO3
                0x701017f0       0x20 ./Drivers/STM32N6xx_HAL_Driver/stm32n6xx_hal_pwr_ex.o
                0x701017f0                HAL_PWREx_EnableVddIO3
 .text.HAL_PWREx_EnableVddIO4
                0x70101810       0x20 ./Drivers/STM32N6xx_HAL_Driver/stm32n6xx_hal_pwr_ex.o
                0x70101810                HAL_PWREx_EnableVddIO4
 .text.HAL_PWREx_EnableVddIO5
                0x70101830       0x20 ./Drivers/STM32N6xx_HAL_Driver/stm32n6xx_hal_pwr_ex.o
                0x70101830                HAL_PWREx_EnableVddIO5
 .text.__libc_init_array
                0x70101850       0x48 D:/STM32/STM32CubeIDE_2.0.0/STM32CubeIDE/plugins/com.st.stm32cube.ide.mcu.externaltools.gnu-tools-for-stm32.13.3.rel1.win32_1.0.100.202509120712/tools/bin/../lib/gcc/arm-none-eabi/13.3.1/../../../../arm-none-eabi/lib/thumb/v8-m.main+dp/hard\libc_nano.a(libc_a-init.o)
                0x70101850                __libc_init_array
 *(.glue_7)
 .glue_7        0x70101898        0x0 linker stubs
 *(.glue_7t)
 .glue_7t       0x70101898        0x0 linker stubs
 *(.eh_frame)
 .eh_frame      0x70101898        0x0 D:/STM32/STM32CubeIDE_2.0.0/STM32CubeIDE/plugins/com.st.stm32cube.ide.mcu.externaltools.gnu-tools-for-stm32.13.3.rel1.win32_1.0.100.202509120712/tools/bin/../lib/gcc/arm-none-eabi/13.3.1/thumb/v8-m.main+dp/hard/crtbegin.o
 *(.RamFunc)
 *(.RamFunc*)
 *(.init)
 .init          0x70101898        0x4 D:/STM32/STM32CubeIDE_2.0.0/STM32CubeIDE/plugins/com.st.stm32cube.ide.mcu.externaltools.gnu-tools-for-stm32.13.3.rel1.win32_1.0.100.202509120712/tools/bin/../lib/gcc/arm-none-eabi/13.3.1/thumb/v8-m.main+dp/hard/crti.o
                0x70101898                _init
 .init          0x7010189c        0x8 D:/STM32/STM32CubeIDE_2.0.0/STM32CubeIDE/plugins/com.st.stm32cube.ide.mcu.externaltools.gnu-tools-for-stm32.13.3.rel1.win32_1.0.100.202509120712/tools/bin/../lib/gcc/arm-none-eabi/13.3.1/thumb/v8-m.main+dp/hard/crtn.o
 *(.fini)
 .fini          0x701018a4        0x4 D:/STM32/STM32CubeIDE_2.0.0/STM32CubeIDE/plugins/com.st.stm32cube.ide.mcu.externaltools.gnu-tools-for-stm32.13.3.rel1.win32_1.0.100.202509120712/tools/bin/../lib/gcc/arm-none-eabi/13.3.1/thumb/v8-m.main+dp/hard/crti.o
                0x701018a4                _fini
 .fini          0x701018a8        0x8 D:/STM32/STM32CubeIDE_2.0.0/STM32CubeIDE/plugins/com.st.stm32cube.ide.mcu.externaltools.gnu-tools-for-stm32.13.3.rel1.win32_1.0.100.202509120712/tools/bin/../lib/gcc/arm-none-eabi/13.3.1/thumb/v8-m.main+dp/hard/crtn.o
                0x701018b0                        . = ALIGN (0x4)
                0x701018b0                        _etext = .

.vfp11_veneer   0x701018b0        0x0
 .vfp11_veneer  0x701018b0        0x0 linker stubs

.v4_bx          0x701018b0        0x0
 .v4_bx         0x701018b0        0x0 linker stubs

.iplt           0x701018b0        0x0
 .iplt          0x701018b0        0x0 D:/STM32/STM32CubeIDE_2.0.0/STM32CubeIDE/plugins/com.st.stm32cube.ide.mcu.externaltools.gnu-tools-for-stm32.13.3.rel1.win32_1.0.100.202509120712/tools/bin/../lib/gcc/arm-none-eabi/13.3.1/thumb/v8-m.main+dp/hard/crtbegin.o

.rodata         0x701018b0        0x0
                0x701018b0                        . = ALIGN (0x4)
 *(.rodata)
 *(.rodata*)
                0x701018b0                        . = ALIGN (0x4)

.ARM.extab      0x701018b0        0x0
                0x701018b0                        . = ALIGN (0x4)
 *(.ARM.extab* .gnu.linkonce.armextab.*)
                0x701018b0                        . = ALIGN (0x4)

.ARM            0x701018b0        0x0
                0x701018b0                        . = ALIGN (0x4)
                0x701018b0                        __exidx_start = .
 *(.ARM.exidx*)
                0x701018b0                        __exidx_end = .
                0x701018b0                        . = ALIGN (0x4)

.preinit_array  0x701018b0        0x0
                0x701018b0                        . = ALIGN (0x4)
                0x701018b0                        PROVIDE (__preinit_array_start = .)
 *(.preinit_array*)
                0x701018b0                        PROVIDE (__preinit_array_end = .)
                0x701018b0                        . = ALIGN (0x4)

.init_array     0x701018b0        0x4
                0x701018b0                        . = ALIGN (0x4)
                0x701018b0                        PROVIDE (__init_array_start = .)
 *(SORT_BY_NAME(.init_array.*))
 *(.init_array*)
 .init_array    0x701018b0        0x4 D:/STM32/STM32CubeIDE_2.0.0/STM32CubeIDE/plugins/com.st.stm32cube.ide.mcu.externaltools.gnu-tools-for-stm32.13.3.rel1.win32_1.0.100.202509120712/tools/bin/../lib/gcc/arm-none-eabi/13.3.1/thumb/v8-m.main+dp/hard/crtbegin.o
                0x701018b4                        PROVIDE (__init_array_end = .)
                0x701018b4                        . = ALIGN (0x4)

.fini_array     0x701018b4        0x4
                0x701018b4                        . = ALIGN (0x4)
                [!provide]                        PROVIDE (__fini_array_start = .)
 *(SORT_BY_NAME(.fini_array.*))
 *(.fini_array*)
 .fini_array    0x701018b4        0x4 D:/STM32/STM32CubeIDE_2.0.0/STM32CubeIDE/plugins/com.st.stm32cube.ide.mcu.externaltools.gnu-tools-for-stm32.13.3.rel1.win32_1.0.100.202509120712/tools/bin/../lib/gcc/arm-none-eabi/13.3.1/thumb/v8-m.main+dp/hard/crtbegin.o
                [!provide]                        PROVIDE (__fini_array_end = .)
                0x701018b8                        . = ALIGN (0x4)
                0x701018b8                        _sidata = LOADADDR (.data)

.rel.dyn        0x701018b8        0x0
 .rel.iplt      0x701018b8        0x0 D:/STM32/STM32CubeIDE_2.0.0/STM32CubeIDE/plugins/com.st.stm32cube.ide.mcu.externaltools.gnu-tools-for-stm32.13.3.rel1.win32_1.0.100.202509120712/tools/bin/../lib/gcc/arm-none-eabi/13.3.1/thumb/v8-m.main+dp/hard/crtbegin.o

.data           0x34000000        0xc load address 0x701018b8
                0x34000000                        . = ALIGN (0x4)
                0x34000000                        _sdata = .
 *(.data)
 *(.data*)
 .data.SystemCoreClock
                0x34000000        0x4 ./Drivers/CMSIS/system_stm32n6xx_s.o
                0x34000000                SystemCoreClock
 .data.uwTickPrio
                0x34000004        0x4 ./Drivers/STM32N6xx_HAL_Driver/stm32n6xx_hal.o
                0x34000004                uwTickPrio
 .data.uwTickFreq
                0x34000008        0x1 ./Drivers/STM32N6xx_HAL_Driver/stm32n6xx_hal.o
                0x34000008                uwTickFreq
                0x3400000c                        . = ALIGN (0x4)
 *fill*         0x34000009        0x3 
                0x3400000c                        _edata = .

.igot.plt       0x3400000c        0x0 load address 0x701018c4
 .igot.plt      0x3400000c        0x0 D:/STM32/STM32CubeIDE_2.0.0/STM32CubeIDE/plugins/com.st.stm32cube.ide.mcu.externaltools.gnu-tools-for-stm32.13.3.rel1.win32_1.0.100.202509120712/tools/bin/../lib/gcc/arm-none-eabi/13.3.1/thumb/v8-m.main+dp/hard/crtbegin.o

.noncacheable   0x3400000c        0x4 load address 0x701018c4
                0x34000010                        . = ALIGN (0x8)
 *fill*         0x3400000c        0x4 
                0x34000010                        __snoncacheable = .
 *(.noncacheable)
                0x34000010                        . = ALIGN (0x8)
                0x34000010                        __enoncacheable = .

.gnu.sgstubs    0x701018e0       0x20
                0x701018e0                        . = ALIGN (0x4)
 *(.gnu.sgstubs*)
                0x701018e0                        . = ALIGN (0x4)
 .gnu.sgstubs.__stub
                0x701018e0       0x10 linker stubs
                0x701018e0                SECURE_SystemCoreClockUpdate
                0x701018e8                SECURE_RegisterCallback
                0x701018f0                        . = ALIGN (0x4)

.bss            0x34000010       0x34
                0x34000010                        _sbss = .
                0x34000010                        __bss_start__ = _sbss
 *(.bss)
 .bss           0x34000010       0x1c D:/STM32/STM32CubeIDE_2.0.0/STM32CubeIDE/plugins/com.st.stm32cube.ide.mcu.externaltools.gnu-tools-for-stm32.13.3.rel1.win32_1.0.100.202509120712/tools/bin/../lib/gcc/arm-none-eabi/13.3.1/thumb/v8-m.main+dp/hard/crtbegin.o
 *(.bss*)
 .bss.hcacheaxi
                0x3400002c        0xc ./Application/User/Core/cacheaxi.o
                0x3400002c                hcacheaxi
 .bss.pSecureFaultCallback
                0x34000038        0x4 ./Application/User/Core/secure_nsc.o
                0x34000038                pSecureFaultCallback
 .bss.pSecureErrorCallback
                0x3400003c        0x4 ./Application/User/Core/secure_nsc.o
                0x3400003c                pSecureErrorCallback
 .bss.uwTick    0x34000040        0x4 ./Drivers/STM32N6xx_HAL_Driver/stm32n6xx_hal.o
                0x34000040                uwTick
 *(COMMON)
                0x34000044                        . = ALIGN (0x4)
                0x34000044                        _ebss = .
                0x34000044                        __bss_end__ = _ebss

._user_heap_stack
                0x34000044      0xa04
                0x34000048                        . = ALIGN (0x8)
 *fill*         0x34000044        0x4 
                [!provide]                        PROVIDE (end = .)
                0x34000048                        PROVIDE (_end = .)
                0x34000248                        . = (. + _Min_Heap_Size)
 *fill*         0x34000048      0x200 
                0x34000a48                        . = (. + _Min_Stack_Size)
 *fill*         0x34000248      0x800 
                0x34000a48                        . = ALIGN (0x8)

/DISCARD/
 libc.a(*)
 libm.a(*)
 libgcc.a(*)

.ARM.attributes
                0x00000000       0x3a
 *(.ARM.attributes)
 .ARM.attributes
                0x00000000       0x24 D:/STM32/STM32CubeIDE_2.0.0/STM32CubeIDE/plugins/com.st.stm32cube.ide.mcu.externaltools.gnu-tools-for-stm32.13.3.rel1.win32_1.0.100.202509120712/tools/bin/../lib/gcc/arm-none-eabi/13.3.1/thumb/v8-m.main+dp/hard/crti.o
 .ARM.attributes
                0x00000024       0x36 D:/STM32/STM32CubeIDE_2.0.0/STM32CubeIDE/plugins/com.st.stm32cube.ide.mcu.externaltools.gnu-tools-for-stm32.13.3.rel1.win32_1.0.100.202509120712/tools/bin/../lib/gcc/arm-none-eabi/13.3.1/thumb/v8-m.main+dp/hard/crtbegin.o
 .ARM.attributes
                0x0000005a       0x3e ./Application/User/Core/cacheaxi.o
 .ARM.attributes
                0x00000098       0x3e ./Application/User/Core/gpio.o
 .ARM.attributes
                0x000000d6       0x3e ./Application/User/Core/main.o
 .ARM.attributes
                0x00000114       0x3e ./Application/User/Core/secure_nsc.o
 .ARM.attributes
                0x00000152       0x3e ./Application/User/Core/stm32n6xx_hal_msp.o
 .ARM.attributes
                0x00000190       0x3e ./Application/User/Core/stm32n6xx_it.o
 .ARM.attributes
                0x000001ce       0x22 ./Application/User/Startup/startup_stm32n657x0hxq.o
 .ARM.attributes
                0x000001f0       0x3e ./Drivers/CMSIS/system_stm32n6xx_s.o
 .ARM.attributes
                0x0000022e       0x3e ./Drivers/STM32N6xx_HAL_Driver/stm32n6xx_hal.o
 .ARM.attributes
                0x0000026c       0x3e ./Drivers/STM32N6xx_HAL_Driver/stm32n6xx_hal_cacheaxi.o
 .ARM.attributes
                0x000002aa       0x3e ./Drivers/STM32N6xx_HAL_Driver/stm32n6xx_hal_cortex.o
 .ARM.attributes
                0x000002e8       0x3e ./Drivers/STM32N6xx_HAL_Driver/stm32n6xx_hal_gpio.o
 .ARM.attributes
                0x00000326       0x3e ./Drivers/STM32N6xx_HAL_Driver/stm32n6xx_hal_pwr_ex.o
 .ARM.attributes
                0x00000364       0x36 D:/STM32/STM32CubeIDE_2.0.0/STM32CubeIDE/plugins/com.st.stm32cube.ide.mcu.externaltools.gnu-tools-for-stm32.13.3.rel1.win32_1.0.100.202509120712/tools/bin/../lib/gcc/arm-none-eabi/13.3.1/../../../../arm-none-eabi/lib/thumb/v8-m.main+dp/hard\libc_nano.a(libc_a-init.o)
 .ARM.attributes
                0x0000039a       0x24 D:/STM32/STM32CubeIDE_2.0.0/STM32CubeIDE/plugins/com.st.stm32cube.ide.mcu.externaltools.gnu-tools-for-stm32.13.3.rel1.win32_1.0.100.202509120712/tools/bin/../lib/gcc/arm-none-eabi/13.3.1/thumb/v8-m.main+dp/hard/crtn.o
OUTPUT(STM32N6DK2_Appli.elf elf32-littlearm)
LOAD linker stubs
LOAD D:/STM32/STM32CubeIDE_2.0.0/STM32CubeIDE/plugins/com.st.stm32cube.ide.mcu.externaltools.gnu-tools-for-stm32.13.3.rel1.win32_1.0.100.202509120712/tools/bin/../lib/gcc/arm-none-eabi/13.3.1/../../../../arm-none-eabi/lib/thumb/v8-m.main+dp/hard\libc.a
LOAD D:/STM32/STM32CubeIDE_2.0.0/STM32CubeIDE/plugins/com.st.stm32cube.ide.mcu.externaltools.gnu-tools-for-stm32.13.3.rel1.win32_1.0.100.202509120712/tools/bin/../lib/gcc/arm-none-eabi/13.3.1/../../../../arm-none-eabi/lib/thumb/v8-m.main+dp/hard\libm.a
LOAD D:/STM32/STM32CubeIDE_2.0.0/STM32CubeIDE/plugins/com.st.stm32cube.ide.mcu.externaltools.gnu-tools-for-stm32.13.3.rel1.win32_1.0.100.202509120712/tools/bin/../lib/gcc/arm-none-eabi/13.3.1/thumb/v8-m.main+dp/hard\libgcc.a

.debug_info     0x00000000     0xa6ce
 .debug_info    0x00000000     0x1240 ./Application/User/Core/cacheaxi.o
 .debug_info    0x00001240     0x11e1 ./Application/User/Core/gpio.o
 .debug_info    0x00002421      0x722 ./Application/User/Core/main.o
 .debug_info    0x00002b43      0x103 ./Application/User/Core/secure_nsc.o
 .debug_info    0x00002c46       0xeb ./Application/User/Core/stm32n6xx_hal_msp.o
 .debug_info    0x00002d31      0x138 ./Application/User/Core/stm32n6xx_it.o
 .debug_info    0x00002e69       0x30 ./Application/User/Startup/startup_stm32n657x0hxq.o
 .debug_info    0x00002e99     0x1ab2 ./Drivers/CMSIS/system_stm32n6xx_s.o
 .debug_info    0x0000494b     0x2784 ./Drivers/STM32N6xx_HAL_Driver/stm32n6xx_hal.o
 .debug_info    0x000070cf      0x96a ./Drivers/STM32N6xx_HAL_Driver/stm32n6xx_hal_cacheaxi.o
 .debug_info    0x00007a39     0x1490 ./Drivers/STM32N6xx_HAL_Driver/stm32n6xx_hal_cortex.o
 .debug_info    0x00008ec9      0xafd ./Drivers/STM32N6xx_HAL_Driver/stm32n6xx_hal_gpio.o
 .debug_info    0x000099c6      0xd08 ./Drivers/STM32N6xx_HAL_Driver/stm32n6xx_hal_pwr_ex.o

.debug_abbrev   0x00000000     0x158e
 .debug_abbrev  0x00000000      0x203 ./Application/User/Core/cacheaxi.o
 .debug_abbrev  0x00000203      0x1bb ./Application/User/Core/gpio.o
 .debug_abbrev  0x000003be      0x1e7 ./Application/User/Core/main.o
 .debug_abbrev  0x000005a5       0x9f ./Application/User/Core/secure_nsc.o
 .debug_abbrev  0x00000644       0x85 ./Application/User/Core/stm32n6xx_hal_msp.o
 .debug_abbrev  0x000006c9       0x73 ./Application/User/Core/stm32n6xx_it.o
 .debug_abbrev  0x0000073c       0x24 ./Application/User/Startup/startup_stm32n657x0hxq.o
 .debug_abbrev  0x00000760      0x177 ./Drivers/CMSIS/system_stm32n6xx_s.o
 .debug_abbrev  0x000008d7      0x2bc ./Drivers/STM32N6xx_HAL_Driver/stm32n6xx_hal.o
 .debug_abbrev  0x00000b93      0x233 ./Drivers/STM32N6xx_HAL_Driver/stm32n6xx_hal_cacheaxi.o
 .debug_abbrev  0x00000dc6      0x316 ./Drivers/STM32N6xx_HAL_Driver/stm32n6xx_hal_cortex.o
 .debug_abbrev  0x000010dc      0x24d ./Drivers/STM32N6xx_HAL_Driver/stm32n6xx_hal_gpio.o
 .debug_abbrev  0x00001329      0x265 ./Drivers/STM32N6xx_HAL_Driver/stm32n6xx_hal_pwr_ex.o

.debug_aranges  0x00000000      0xaf0
 .debug_aranges
                0x00000000       0x40 ./Application/User/Core/cacheaxi.o
 .debug_aranges
                0x00000040       0x28 ./Application/User/Core/gpio.o
 .debug_aranges
                0x00000068       0x28 ./Application/User/Core/main.o
 .debug_aranges
                0x00000090       0x20 ./Application/User/Core/secure_nsc.o
 .debug_aranges
                0x000000b0       0x20 ./Application/User/Core/stm32n6xx_hal_msp.o
 .debug_aranges
                0x000000d0       0x68 ./Application/User/Core/stm32n6xx_it.o
 .debug_aranges
                0x00000138       0x28 ./Application/User/Startup/startup_stm32n657x0hxq.o
 .debug_aranges
                0x00000160       0x38 ./Drivers/CMSIS/system_stm32n6xx_s.o
 .debug_aranges
                0x00000198      0x3c0 ./Drivers/STM32N6xx_HAL_Driver/stm32n6xx_hal.o
 .debug_aranges
                0x00000558      0x118 ./Drivers/STM32N6xx_HAL_Driver/stm32n6xx_hal_cacheaxi.o
 .debug_aranges
                0x00000670      0x178 ./Drivers/STM32N6xx_HAL_Driver/stm32n6xx_hal_cortex.o
 .debug_aranges
                0x000007e8       0xa8 ./Drivers/STM32N6xx_HAL_Driver/stm32n6xx_hal_gpio.o
 .debug_aranges
                0x00000890      0x260 ./Drivers/STM32N6xx_HAL_Driver/stm32n6xx_hal_pwr_ex.o

.debug_rnglists
                0x00000000      0x80c
 .debug_rnglists
                0x00000000       0x2b ./Application/User/Core/cacheaxi.o
 .debug_rnglists
                0x0000002b       0x1a ./Application/User/Core/gpio.o
 .debug_rnglists
                0x00000045       0x1a ./Application/User/Core/main.o
 .debug_rnglists
                0x0000005f       0x13 ./Application/User/Core/secure_nsc.o
 .debug_rnglists
                0x00000072       0x13 ./Application/User/Core/stm32n6xx_hal_msp.o
 .debug_rnglists
                0x00000085       0x49 ./Application/User/Core/stm32n6xx_it.o
 .debug_rnglists
                0x000000ce       0x19 ./Application/User/Startup/startup_stm32n657x0hxq.o
 .debug_rnglists
                0x000000e7       0x26 ./Drivers/CMSIS/system_stm32n6xx_s.o
 .debug_rnglists
                0x0000010d      0x2ce ./Drivers/STM32N6xx_HAL_Driver/stm32n6xx_hal.o
 .debug_rnglists
                0x000003db       0xd3 ./Drivers/STM32N6xx_HAL_Driver/stm32n6xx_hal_cacheaxi.o
 .debug_rnglists
                0x000004ae      0x115 ./Drivers/STM32N6xx_HAL_Driver/stm32n6xx_hal_cortex.o
 .debug_rnglists
                0x000005c3       0x80 ./Drivers/STM32N6xx_HAL_Driver/stm32n6xx_hal_gpio.o
 .debug_rnglists
                0x00000643      0x1c9 ./Drivers/STM32N6xx_HAL_Driver/stm32n6xx_hal_pwr_ex.o

.debug_macro    0x00000000    0x51dcf
 .debug_macro   0x00000000      0x2b4 ./Application/User/Core/cacheaxi.o
 .debug_macro   0x000002b4      0xb5c ./Application/User/Core/cacheaxi.o
 .debug_macro   0x00000e10       0x16 ./Application/User/Core/cacheaxi.o
 .debug_macro   0x00000e26      0x1e1 ./Application/User/Core/cacheaxi.o
 .debug_macro   0x00001007      0x190 ./Application/User/Core/cacheaxi.o
 .debug_macro   0x00001197       0x63 ./Application/User/Core/cacheaxi.o
 .debug_macro   0x000011fa       0x2e ./Application/User/Core/cacheaxi.o
 .debug_macro   0x00001228       0x6c ./Application/User/Core/cacheaxi.o
 .debug_macro   0x00001294       0x22 ./Application/User/Core/cacheaxi.o
 .debug_macro   0x000012b6       0x8e ./Application/User/Core/cacheaxi.o
 .debug_macro   0x00001344       0x51 ./Application/User/Core/cacheaxi.o
 .debug_macro   0x00001395      0x103 ./Application/User/Core/cacheaxi.o
 .debug_macro   0x00001498       0x6a ./Application/User/Core/cacheaxi.o
 .debug_macro   0x00001502      0x1df ./Application/User/Core/cacheaxi.o
 .debug_macro   0x000016e1       0x1c ./Application/User/Core/cacheaxi.o
 .debug_macro   0x000016fd       0x28 ./Application/User/Core/cacheaxi.o
 .debug_macro   0x00001725      0x110 ./Application/User/Core/cacheaxi.o
 .debug_macro   0x00001835     0x2dc3 ./Application/User/Core/cacheaxi.o
 .debug_macro   0x000045f8       0x64 ./Application/User/Core/cacheaxi.o
 .debug_macro   0x0000465c      0x346 ./Application/User/Core/cacheaxi.o
 .debug_macro   0x000049a2       0x97 ./Application/User/Core/cacheaxi.o
 .debug_macro   0x00004a39       0x22 ./Application/User/Core/cacheaxi.o
 .debug_macro   0x00004a5b    0x3e96c ./Application/User/Core/cacheaxi.o
 .debug_macro   0x000433c7       0x6c ./Application/User/Core/cacheaxi.o
 .debug_macro   0x00043433     0x346a ./Application/User/Core/cacheaxi.o
 .debug_macro   0x0004689d       0x61 ./Application/User/Core/cacheaxi.o
 .debug_macro   0x000468fe       0x29 ./Application/User/Core/cacheaxi.o
 .debug_macro   0x00046927       0x43 ./Application/User/Core/cacheaxi.o
 .debug_macro   0x0004696a       0x34 ./Application/User/Core/cacheaxi.o
 .debug_macro   0x0004699e      0x370 ./Application/User/Core/cacheaxi.o
 .debug_macro   0x00046d0e       0x16 ./Application/User/Core/cacheaxi.o
 .debug_macro   0x00046d24       0x4a ./Application/User/Core/cacheaxi.o
 .debug_macro   0x00046d6e       0x34 ./Application/User/Core/cacheaxi.o
 .debug_macro   0x00046da2       0x10 ./Application/User/Core/cacheaxi.o
 .debug_macro   0x00046db2       0x58 ./Application/User/Core/cacheaxi.o
 .debug_macro   0x00046e0a       0x8e ./Application/User/Core/cacheaxi.o
 .debug_macro   0x00046e98       0x1c ./Application/User/Core/cacheaxi.o
 .debug_macro   0x00046eb4      0x185 ./Application/User/Core/cacheaxi.o
 .debug_macro   0x00047039      0x19b ./Application/User/Core/cacheaxi.o
 .debug_macro   0x000471d4       0x72 ./Application/User/Core/cacheaxi.o
 .debug_macro   0x00047246      0x47a ./Application/User/Core/cacheaxi.o
 .debug_macro   0x000476c0     0x10fe ./Application/User/Core/cacheaxi.o
 .debug_macro   0x000487be     0x27e2 ./Application/User/Core/cacheaxi.o
 .debug_macro   0x0004afa0      0xfcd ./Application/User/Core/cacheaxi.o
 .debug_macro   0x0004bf6d      0x1af ./Application/User/Core/cacheaxi.o
 .debug_macro   0x0004c11c      0x2c9 ./Application/User/Core/cacheaxi.o
 .debug_macro   0x0004c3e5      0x2c4 ./Application/User/Core/cacheaxi.o
 .debug_macro   0x0004c6a9      0xa36 ./Application/User/Core/cacheaxi.o
 .debug_macro   0x0004d0df      0x7b2 ./Application/User/Core/cacheaxi.o
 .debug_macro   0x0004d891       0xeb ./Application/User/Core/cacheaxi.o
 .debug_macro   0x0004d97c       0xbc ./Application/User/Core/cacheaxi.o
 .debug_macro   0x0004da38      0x216 ./Application/User/Core/cacheaxi.o
 .debug_macro   0x0004dc4e      0xdf4 ./Application/User/Core/cacheaxi.o
 .debug_macro   0x0004ea42      0x36b ./Application/User/Core/cacheaxi.o
 .debug_macro   0x0004edad      0x22c ./Application/User/Core/cacheaxi.o
 .debug_macro   0x0004efd9       0x35 ./Application/User/Core/cacheaxi.o
 .debug_macro   0x0004f00e       0xa5 ./Application/User/Core/cacheaxi.o
 .debug_macro   0x0004f0b3      0x303 ./Application/User/Core/cacheaxi.o
 .debug_macro   0x0004f3b6      0x46a ./Application/User/Core/cacheaxi.o
 .debug_macro   0x0004f820      0x5e6 ./Application/User/Core/cacheaxi.o
 .debug_macro   0x0004fe06       0x1c ./Application/User/Core/cacheaxi.o
 .debug_macro   0x0004fe22      0x2b4 ./Application/User/Core/gpio.o
 .debug_macro   0x000500d6      0x2d6 ./Application/User/Core/main.o
 .debug_macro   0x000503ac      0x2b4 ./Application/User/Core/secure_nsc.o
 .debug_macro   0x00050660      0x2aa ./Application/User/Core/stm32n6xx_hal_msp.o
 .debug_macro   0x0005090a      0x2b4 ./Application/User/Core/stm32n6xx_it.o
 .debug_macro   0x00050bbe      0x2c2 ./Drivers/CMSIS/system_stm32n6xx_s.o
 .debug_macro   0x00050e80      0x1a9 ./Drivers/CMSIS/system_stm32n6xx_s.o
 .debug_macro   0x00051029      0x2a2 ./Drivers/STM32N6xx_HAL_Driver/stm32n6xx_hal.o
 .debug_macro   0x000512cb      0x2da ./Drivers/STM32N6xx_HAL_Driver/stm32n6xx_hal_cacheaxi.o
 .debug_macro   0x000515a5      0x29d ./Drivers/STM32N6xx_HAL_Driver/stm32n6xx_hal_cortex.o
 .debug_macro   0x00051842      0x2a3 ./Drivers/STM32N6xx_HAL_Driver/stm32n6xx_hal_gpio.o
 .debug_macro   0x00051ae5      0x2ea ./Drivers/STM32N6xx_HAL_Driver/stm32n6xx_hal_pwr_ex.o

.debug_line     0x00000000     0x9df5
 .debug_line    0x00000000      0x987 ./Application/User/Core/cacheaxi.o
 .debug_line    0x00000987      0x94a ./Application/User/Core/gpio.o
 .debug_line    0x000012d1      0xa3d ./Application/User/Core/main.o
 .debug_line    0x00001d0e      0x933 ./Application/User/Core/secure_nsc.o
 .debug_line    0x00002641      0x906 ./Application/User/Core/stm32n6xx_hal_msp.o
 .debug_line    0x00002f47      0x9c4 ./Application/User/Core/stm32n6xx_it.o
 .debug_line    0x0000390b       0x7e ./Application/User/Startup/startup_stm32n657x0hxq.o
 .debug_line    0x00003989      0xb86 ./Drivers/CMSIS/system_stm32n6xx_s.o
 .debug_line    0x0000450f     0x165e ./Drivers/STM32N6xx_HAL_Driver/stm32n6xx_hal.o
 .debug_line    0x00005b6d      0xdfe ./Drivers/STM32N6xx_HAL_Driver/stm32n6xx_hal_cacheaxi.o
 .debug_line    0x0000696b     0x1034 ./Drivers/STM32N6xx_HAL_Driver/stm32n6xx_hal_cortex.o
 .debug_line    0x0000799f     0x10b6 ./Drivers/STM32N6xx_HAL_Driver/stm32n6xx_hal_gpio.o
 .debug_line    0x00008a55     0x13a0 ./Drivers/STM32N6xx_HAL_Driver/stm32n6xx_hal_pwr_ex.o

.debug_str      0x00000000   0x208740
 .debug_str     0x00000000   0x208740 ./Application/User/Core/cacheaxi.o
                             0x204831 (size before relaxing)
 .debug_str     0x00208740        0x0 ./Application/User/Core/gpio.o
                             0x204739 (size before relaxing)
 .debug_str     0x00208740        0x0 ./Application/User/Core/main.o
                             0x203e3d (size before relaxing)
 .debug_str     0x00208740        0x0 ./Application/User/Core/secure_nsc.o
                             0x203bf4 (size before relaxing)
 .debug_str     0x00208740        0x0 ./Application/User/Core/stm32n6xx_hal_msp.o
                             0x203bf5 (size before relaxing)
 .debug_str     0x00208740        0x0 ./Application/User/Core/stm32n6xx_it.o
                             0x203c1b (size before relaxing)
 .debug_str     0x00208740        0x0 ./Application/User/Startup/startup_stm32n657x0hxq.o
                                 0x8b (size before relaxing)
 .debug_str     0x00208740        0x0 ./Drivers/CMSIS/system_stm32n6xx_s.o
                             0x204f9a (size before relaxing)
 .debug_str     0x00208740        0x0 ./Drivers/STM32N6xx_HAL_Driver/stm32n6xx_hal.o
                             0x2061ec (size before relaxing)
 .debug_str     0x00208740        0x0 ./Drivers/STM32N6xx_HAL_Driver/stm32n6xx_hal_cacheaxi.o
                             0x204395 (size before relaxing)
 .debug_str     0x00208740        0x0 ./Drivers/STM32N6xx_HAL_Driver/stm32n6xx_hal_cortex.o
                             0x204d19 (size before relaxing)
 .debug_str     0x00208740        0x0 ./Drivers/STM32N6xx_HAL_Driver/stm32n6xx_hal_gpio.o
                             0x203f75 (size before relaxing)
 .debug_str     0x00208740        0x0 ./Drivers/STM32N6xx_HAL_Driver/stm32n6xx_hal_pwr_ex.o
                             0x2047af (size before relaxing)

.comment        0x00000000       0x43
 .comment       0x00000000       0x43 ./Application/User/Core/cacheaxi.o
                                 0x44 (size before relaxing)
 .comment       0x00000043        0x0 ./Application/User/Core/gpio.o
                                 0x44 (size before relaxing)
 .comment       0x00000043        0x0 ./Application/User/Core/main.o
                                 0x44 (size before relaxing)
 .comment       0x00000043        0x0 ./Application/User/Core/secure_nsc.o
                                 0x44 (size before relaxing)
 .comment       0x00000043        0x0 ./Application/User/Core/stm32n6xx_hal_msp.o
                                 0x44 (size before relaxing)
 .comment       0x00000043        0x0 ./Application/User/Core/stm32n6xx_it.o
                                 0x44 (size before relaxing)
 .comment       0x00000043        0x0 ./Drivers/CMSIS/system_stm32n6xx_s.o
                                 0x44 (size before relaxing)
 .comment       0x00000043        0x0 ./Drivers/STM32N6xx_HAL_Driver/stm32n6xx_hal.o
                                 0x44 (size before relaxing)
 .comment       0x00000043        0x0 ./Drivers/STM32N6xx_HAL_Driver/stm32n6xx_hal_cacheaxi.o
                                 0x44 (size before relaxing)
 .comment       0x00000043        0x0 ./Drivers/STM32N6xx_HAL_Driver/stm32n6xx_hal_cortex.o
                                 0x44 (size before relaxing)
 .comment       0x00000043        0x0 ./Drivers/STM32N6xx_HAL_Driver/stm32n6xx_hal_gpio.o
                                 0x44 (size before relaxing)
 .comment       0x00000043        0x0 ./Drivers/STM32N6xx_HAL_Driver/stm32n6xx_hal_pwr_ex.o
                                 0x44 (size before relaxing)

.debug_frame    0x00000000     0x2b88
 .debug_frame   0x00000000       0xc4 ./Application/User/Core/cacheaxi.o
 .debug_frame   0x000000c4       0x5c ./Application/User/Core/gpio.o
 .debug_frame   0x00000120       0x48 ./Application/User/Core/main.o
 .debug_frame   0x00000168       0x3c ./Application/User/Core/secure_nsc.o
 .debug_frame   0x000001a4       0x2c ./Application/User/Core/stm32n6xx_hal_msp.o
 .debug_frame   0x000001d0      0x11c ./Application/User/Core/stm32n6xx_it.o
 .debug_frame   0x000002ec       0xa0 ./Drivers/CMSIS/system_stm32n6xx_s.o
 .debug_frame   0x0000038c     0x102c ./Drivers/STM32N6xx_HAL_Driver/stm32n6xx_hal.o
 .debug_frame   0x000013b8      0x4e4 ./Drivers/STM32N6xx_HAL_Driver/stm32n6xx_hal_cacheaxi.o
 .debug_frame   0x0000189c      0x658 ./Drivers/STM32N6xx_HAL_Driver/stm32n6xx_hal_cortex.o
 .debug_frame   0x00001ef4      0x2dc ./Drivers/STM32N6xx_HAL_Driver/stm32n6xx_hal_gpio.o
 .debug_frame   0x000021d0      0x98c ./Drivers/STM32N6xx_HAL_Driver/stm32n6xx_hal_pwr_ex.o
 .debug_frame   0x00002b5c       0x2c D:/STM32/STM32CubeIDE_2.0.0/STM32CubeIDE/plugins/com.st.stm32cube.ide.mcu.externaltools.gnu-tools-for-stm32.13.3.rel1.win32_1.0.100.202509120712/tools/bin/../lib/gcc/arm-none-eabi/13.3.1/../../../../arm-none-eabi/lib/thumb/v8-m.main+dp/hard\libc_nano.a(libc_a-init.o)

.debug_line_str
                0x00000000       0x6f
 .debug_line_str
                0x00000000       0x6f ./Application/User/Startup/startup_stm32n657x0hxq.o
