../../../Drivers/STM32N6xx_HAL_Driver/Inc/stm32n6xx_ll_bus.h:1165:22:LL_AHB3_GRP1_EnableClock	1
D:/STM32/STM32CubeIDE/STM32N6DK2/FSBL/Core/Src/main.c:135:5:main	5
D:/STM32/STM32CubeIDE/STM32N6DK2/FSBL/Core/Src/main.c:268:6:SystemClock_Config	8
D:/STM32/STM32CubeIDE/STM32N6DK2/FSBL/Core/Src/main.c:382:15:SystemIsolation_Config	1
D:/STM32/STM32CubeIDE/STM32N6DK2/FSBL/Core/Src/main.c:444:15:LCD_init	1
D:/STM32/STM32CubeIDE/STM32N6DK2/FSBL/Core/Src/main.c:475:13:Display_WelcomeScreen	3
D:/STM32/STM32CubeIDE/STM32N6DK2/FSBL/Core/Src/main.c:498:6:Error_Handler	1
