../../../Drivers/STM32N6xx_HAL_Driver/Inc/stm32n6xx_ll_bus.h:1407:22:LL_AHB4_GRP1_EnableClock	24	static
../../../Drivers/STM32N6xx_HAL_Driver/Inc/stm32n6xx_ll_bus.h:3639:22:LL_APB5_GRP1_EnableClock	24	static
../../../Drivers/STM32N6xx_HAL_Driver/Inc/stm32n6xx_ll_bus.h:3683:22:LL_APB5_GRP1_DisableClock	16	static
../../../Drivers/STM32N6xx_HAL_Driver/Inc/stm32n6xx_ll_bus.h:3703:22:LL_APB5_GRP1_ForceReset	16	static
../../../Drivers/STM32N6xx_HAL_Driver/Inc/stm32n6xx_ll_bus.h:3723:22:LL_APB5_GRP1_ReleaseReset	16	static
../../../Drivers/STM32N6xx_HAL_Driver/Inc/stm32n6xx_ll_bus.h:3743:22:LL_APB5_GRP1_EnableClockLowPower	24	static
../Middlewares/Camera_Middleware/cmw_camera.c:96:23:CMW_CAMERA_GetDCMIPPHandle	4	static
../Middlewares/Camera_Middleware/cmw_camera.c:101:9:CMW_CAMERA_SetPipeConfig	24	static
../Middlewares/Camera_Middleware/cmw_camera.c:111:9:CMW_CAMERA_GetSensorName	48	static
../Middlewares/Camera_Middleware/cmw_camera.c:162:9:CMW_CAMERA_SetWBRefMode	24	static
../Middlewares/Camera_Middleware/cmw_camera.c:182:9:CMW_CAMERA_ListWBRefModes	24	static
../Middlewares/Camera_Middleware/cmw_camera.c:203:12:CMW_CAMERA_Probe_Sensor	24	static
../Middlewares/Camera_Middleware/cmw_camera.c:244:9:CMW_CAMERA_Init	112	static
../Middlewares/Camera_Middleware/cmw_camera.c:324:9:CMW_CAMERA_SetMirrorFlip	24	static
../Middlewares/Camera_Middleware/cmw_camera.c:350:9:CMW_CAMERA_GetMirrorFlip	16	static
../Middlewares/Camera_Middleware/cmw_camera.c:363:9:CMW_CAMERA_Start	40	static
../Middlewares/Camera_Middleware/cmw_camera.c:401:9:CMW_CAMERA_DoubleBufferStart	40	static
../Middlewares/Camera_Middleware/cmw_camera.c:440:26:MX_DCMIPP_ClockConfig	16	static
../Middlewares/Camera_Middleware/cmw_camera.c:451:9:CMW_CAMERA_DeInit	16	static
../Middlewares/Camera_Middleware/cmw_camera.c:508:9:CMW_CAMERA_Suspend	16	static
../Middlewares/Camera_Middleware/cmw_camera.c:527:9:CMW_CAMERA_Resume	16	static
../Middlewares/Camera_Middleware/cmw_camera.c:546:5:CMW_CAMERA_SetGain	24	static
../Middlewares/Camera_Middleware/cmw_camera.c:569:5:CMW_CAMERA_GetGain	16	static
../Middlewares/Camera_Middleware/cmw_camera.c:580:5:CMW_CAMERA_SetExposure	24	static
../Middlewares/Camera_Middleware/cmw_camera.c:604:5:CMW_CAMERA_GetExposure	16	static
../Middlewares/Camera_Middleware/cmw_camera.c:615:9:CMW_CAMERA_SetExposureMode	24	static
../Middlewares/Camera_Middleware/cmw_camera.c:639:9:CMW_CAMERA_GetExposureMode	16	static
../Middlewares/Camera_Middleware/cmw_camera.c:650:9:CMW_CAMERA_SetTestPattern	24	static
../Middlewares/Camera_Middleware/cmw_camera.c:674:9:CMW_CAMERA_GetTestPattern	16	static
../Middlewares/Camera_Middleware/cmw_camera.c:687:9:CMW_CAMERA_GetSensorInfo	24	static
../Middlewares/Camera_Middleware/cmw_camera.c:708:9:CMW_CAMERA_Run	8	static
../Middlewares/Camera_Middleware/cmw_camera.c:722:12:CMW_CAMERA_PIPE_VsyncEventCallback	16	static
../Middlewares/Camera_Middleware/cmw_camera.c:734:12:CMW_CAMERA_PIPE_FrameEventCallback	16	static
../Middlewares/Camera_Middleware/cmw_camera.c:747:13:HAL_DCMIPP_PIPE_VsyncEventCallback	16	static
../Middlewares/Camera_Middleware/cmw_camera.c:763:13:HAL_DCMIPP_PIPE_FrameEventCallback	16	static
../Middlewares/Camera_Middleware/cmw_camera.c:778:13:HAL_DCMIPP_MspInit	16	static
../Middlewares/Camera_Middleware/cmw_camera.c:813:13:HAL_DCMIPP_MspDeInit	16	static
../Middlewares/Camera_Middleware/cmw_camera.c:840:13:CMW_CAMERA_EnableGPIOs	32	static
../Middlewares/Camera_Middleware/cmw_camera.c:867:13:CMW_CAMERA_PwrDown	32	static
../Middlewares/Camera_Middleware/cmw_camera.c:890:13:CMW_CAMERA_ShutdownPin	16	static
../Middlewares/Camera_Middleware/cmw_camera.c:895:13:CMW_CAMERA_EnablePin	16	static
../Middlewares/Camera_Middleware/cmw_camera.c:901:26:CB_ISP_SetSensorGain	16	static
../Middlewares/Camera_Middleware/cmw_camera.c:909:26:CB_ISP_GetSensorGain	16	static
../Middlewares/Camera_Middleware/cmw_camera.c:917:26:CB_ISP_SetSensorExposure	16	static
../Middlewares/Camera_Middleware/cmw_camera.c:925:26:CB_ISP_GetSensorExposure	16	static
../Middlewares/Camera_Middleware/cmw_camera.c:933:26:CB_ISP_GetSensorInfo	16	static
../Middlewares/Camera_Middleware/cmw_camera.c:945:16:CMW_CAMERA_VD55G1_Init	112	static
../Middlewares/Camera_Middleware/cmw_camera.c:1021:16:CMW_CAMERA_VD66GY_Init	112	static
../Middlewares/Camera_Middleware/cmw_camera.c:1103:16:CMW_CAMERA_IMX335_Init	112	static
../Middlewares/Camera_Middleware/cmw_camera.c:1198:16:CMW_CAMERA_SetPipe	104	static
../Middlewares/Camera_Middleware/cmw_camera.c:1367:9:CMW_CAMERA_SetDefaultSensorValues	16	static
