Archive member included to satisfy reference by file (symbol)

D:/STM32/STM32CubeIDE_2.0.0/STM32CubeIDE/plugins/com.st.stm32cube.ide.mcu.externaltools.gnu-tools-for-stm32.13.3.rel1.win32_1.0.100.202509120712/tools/bin/../lib/gcc/arm-none-eabi/13.3.1/../../../../arm-none-eabi/lib/thumb/v8-m.main+dp/hard\libc_nano.a(libc_a-exit.o)
                              D:/STM32/STM32CubeIDE_2.0.0/STM32CubeIDE/plugins/com.st.stm32cube.ide.mcu.externaltools.gnu-tools-for-stm32.13.3.rel1.win32_1.0.100.202509120712/tools/bin/../lib/gcc/arm-none-eabi/13.3.1/../../../../arm-none-eabi/lib/thumb/v8-m.main+dp/hard/crt0.o (exit)
D:/STM32/STM32CubeIDE_2.0.0/STM32CubeIDE/plugins/com.st.stm32cube.ide.mcu.externaltools.gnu-tools-for-stm32.13.3.rel1.win32_1.0.100.202509120712/tools/bin/../lib/gcc/arm-none-eabi/13.3.1/../../../../arm-none-eabi/lib/thumb/v8-m.main+dp/hard\libc_nano.a(libc_a-findfp.o)
                              D:/STM32/STM32CubeIDE_2.0.0/STM32CubeIDE/plugins/com.st.stm32cube.ide.mcu.externaltools.gnu-tools-for-stm32.13.3.rel1.win32_1.0.100.202509120712/tools/bin/../lib/gcc/arm-none-eabi/13.3.1/../../../../arm-none-eabi/lib/thumb/v8-m.main+dp/hard\libc_nano.a(libc_a-exit.o) (__stdio_exit_handler)
D:/STM32/STM32CubeIDE_2.0.0/STM32CubeIDE/plugins/com.st.stm32cube.ide.mcu.externaltools.gnu-tools-for-stm32.13.3.rel1.win32_1.0.100.202509120712/tools/bin/../lib/gcc/arm-none-eabi/13.3.1/../../../../arm-none-eabi/lib/thumb/v8-m.main+dp/hard\libc_nano.a(libc_a-fwalk.o)
                              D:/STM32/STM32CubeIDE_2.0.0/STM32CubeIDE/plugins/com.st.stm32cube.ide.mcu.externaltools.gnu-tools-for-stm32.13.3.rel1.win32_1.0.100.202509120712/tools/bin/../lib/gcc/arm-none-eabi/13.3.1/../../../../arm-none-eabi/lib/thumb/v8-m.main+dp/hard\libc_nano.a(libc_a-findfp.o) (_fwalk_sglue)
D:/STM32/STM32CubeIDE_2.0.0/STM32CubeIDE/plugins/com.st.stm32cube.ide.mcu.externaltools.gnu-tools-for-stm32.13.3.rel1.win32_1.0.100.202509120712/tools/bin/../lib/gcc/arm-none-eabi/13.3.1/../../../../arm-none-eabi/lib/thumb/v8-m.main+dp/hard\libc_nano.a(libc_a-stdio.o)
                              D:/STM32/STM32CubeIDE_2.0.0/STM32CubeIDE/plugins/com.st.stm32cube.ide.mcu.externaltools.gnu-tools-for-stm32.13.3.rel1.win32_1.0.100.202509120712/tools/bin/../lib/gcc/arm-none-eabi/13.3.1/../../../../arm-none-eabi/lib/thumb/v8-m.main+dp/hard\libc_nano.a(libc_a-findfp.o) (__sread)
D:/STM32/STM32CubeIDE_2.0.0/STM32CubeIDE/plugins/com.st.stm32cube.ide.mcu.externaltools.gnu-tools-for-stm32.13.3.rel1.win32_1.0.100.202509120712/tools/bin/../lib/gcc/arm-none-eabi/13.3.1/../../../../arm-none-eabi/lib/thumb/v8-m.main+dp/hard\libc_nano.a(libc_a-memset.o)
                              D:/STM32/STM32CubeIDE_2.0.0/STM32CubeIDE/plugins/com.st.stm32cube.ide.mcu.externaltools.gnu-tools-for-stm32.13.3.rel1.win32_1.0.100.202509120712/tools/bin/../lib/gcc/arm-none-eabi/13.3.1/../../../../arm-none-eabi/lib/thumb/v8-m.main+dp/hard/crt0.o (memset)
D:/STM32/STM32CubeIDE_2.0.0/STM32CubeIDE/plugins/com.st.stm32cube.ide.mcu.externaltools.gnu-tools-for-stm32.13.3.rel1.win32_1.0.100.202509120712/tools/bin/../lib/gcc/arm-none-eabi/13.3.1/../../../../arm-none-eabi/lib/thumb/v8-m.main+dp/hard\libc_nano.a(libc_a-closer.o)
                              D:/STM32/STM32CubeIDE_2.0.0/STM32CubeIDE/plugins/com.st.stm32cube.ide.mcu.externaltools.gnu-tools-for-stm32.13.3.rel1.win32_1.0.100.202509120712/tools/bin/../lib/gcc/arm-none-eabi/13.3.1/../../../../arm-none-eabi/lib/thumb/v8-m.main+dp/hard\libc_nano.a(libc_a-stdio.o) (_close_r)
D:/STM32/STM32CubeIDE_2.0.0/STM32CubeIDE/plugins/com.st.stm32cube.ide.mcu.externaltools.gnu-tools-for-stm32.13.3.rel1.win32_1.0.100.202509120712/tools/bin/../lib/gcc/arm-none-eabi/13.3.1/../../../../arm-none-eabi/lib/thumb/v8-m.main+dp/hard\libc_nano.a(libc_a-reent.o)
                              D:/STM32/STM32CubeIDE_2.0.0/STM32CubeIDE/plugins/com.st.stm32cube.ide.mcu.externaltools.gnu-tools-for-stm32.13.3.rel1.win32_1.0.100.202509120712/tools/bin/../lib/gcc/arm-none-eabi/13.3.1/../../../../arm-none-eabi/lib/thumb/v8-m.main+dp/hard\libc_nano.a(libc_a-closer.o) (errno)
D:/STM32/STM32CubeIDE_2.0.0/STM32CubeIDE/plugins/com.st.stm32cube.ide.mcu.externaltools.gnu-tools-for-stm32.13.3.rel1.win32_1.0.100.202509120712/tools/bin/../lib/gcc/arm-none-eabi/13.3.1/../../../../arm-none-eabi/lib/thumb/v8-m.main+dp/hard\libc_nano.a(libc_a-impure.o)
                              D:/STM32/STM32CubeIDE_2.0.0/STM32CubeIDE/plugins/com.st.stm32cube.ide.mcu.externaltools.gnu-tools-for-stm32.13.3.rel1.win32_1.0.100.202509120712/tools/bin/../lib/gcc/arm-none-eabi/13.3.1/../../../../arm-none-eabi/lib/thumb/v8-m.main+dp/hard\libc_nano.a(libc_a-reent.o) (_impure_ptr)
D:/STM32/STM32CubeIDE_2.0.0/STM32CubeIDE/plugins/com.st.stm32cube.ide.mcu.externaltools.gnu-tools-for-stm32.13.3.rel1.win32_1.0.100.202509120712/tools/bin/../lib/gcc/arm-none-eabi/13.3.1/../../../../arm-none-eabi/lib/thumb/v8-m.main+dp/hard\libc_nano.a(libc_a-lseekr.o)
[...]
Memory Configuration

Name             Origin             Length             Attributes
RAM_D1           0x34180404         0x0001fffc         xrw
*default*        0x00000000         0xffffffff

Linker script and memory map

LOAD D:/STM32/STM32CubeIDE_2.0.0/STM32CubeIDE/plugins/com.st.stm32cube.ide.mcu.externaltools.gnu-tools-for-stm32.13.3.rel1.win32_1.0.100.202509120712/tools/bin/../lib/gcc/arm-none-eabi/13.3.1/thumb/v8-m.main+dp/hard/crti.o
LOAD D:/STM32/STM32CubeIDE_2.0.0/STM32CubeIDE/plugins/com.st.stm32cube.ide.mcu.externaltools.gnu-tools-for-stm32.13.3.rel1.win32_1.0.100.202509120712/tools/bin/../lib/gcc/arm-none-eabi/13.3.1/thumb/v8-m.main+dp/hard/crtbegin.o
LOAD D:/STM32/STM32CubeIDE_2.0.0/STM32CubeIDE/plugins/com.st.stm32cube.ide.mcu.externaltools.gnu-tools-for-stm32.13.3.rel1.win32_1.0.100.202509120712/tools/bin/../lib/gcc/arm-none-eabi/13.3.1/../../../../arm-none-eabi/lib/thumb/v8-m.main+dp/hard/crt0.o
LOAD ./Application/User/Core/Src/syscalls.o
LOAD ./Application/User/Core/Src/sysmem.o
LOAD ./Application/User/Core/extmem_manager.o
LOAD ./Application/User/Core/extmemloader_init.o
LOAD ./Application/User/Core/gpio.o
LOAD ./Application/User/Core/stm32n6xx_hal_msp.o
LOAD ./Application/User/Core/xspi.o
LOAD ./Application/User/Core/xspim.o
LOAD ./Drivers/CMSIS/system_stm32n6xx_fsbl.o
LOAD ./Drivers/STM32N6xx_HAL_Driver/stm32n6xx_hal.o
LOAD ./Drivers/STM32N6xx_HAL_Driver/stm32n6xx_hal_cortex.o
LOAD ./Drivers/STM32N6xx_HAL_Driver/stm32n6xx_hal_dma.o
LOAD ./Drivers/STM32N6xx_HAL_Driver/stm32n6xx_hal_dma_ex.o
LOAD ./Drivers/STM32N6xx_HAL_Driver/stm32n6xx_hal_exti.o
LOAD ./Drivers/STM32N6xx_HAL_Driver/stm32n6xx_hal_gpio.o
LOAD ./Drivers/STM32N6xx_HAL_Driver/stm32n6xx_hal_pwr.o
LOAD ./Drivers/STM32N6xx_HAL_Driver/stm32n6xx_hal_pwr_ex.o
LOAD ./Drivers/STM32N6xx_HAL_Driver/stm32n6xx_hal_rcc.o
LOAD ./Drivers/STM32N6xx_HAL_Driver/stm32n6xx_hal_rcc_ex.o
LOAD ./Drivers/STM32N6xx_HAL_Driver/stm32n6xx_hal_xspi.o
LOAD ./Middlewares/STM32_ExtMem_Loader/FlashDev.o
LOAD ./Middlewares/STM32_ExtMem_Loader/FlashPrg.o
LOAD ./Middlewares/STM32_ExtMem_Loader/memory_wrapper.o
LOAD ./Middlewares/STM32_ExtMem_Loader/stm32_device_info.o
LOAD ./Middlewares/STM32_ExtMem_Loader/stm32_loader_api.o
LOAD ./Middlewares/STM32_ExtMem_Loader/systick_management.o
LOAD ./Middlewares/STM32_ExtMem_Manager/stm32_extmem.o
LOAD ./Middlewares/STM32_ExtMem_Manager/stm32_psram_driver.o
LOAD ./Middlewares/STM32_ExtMem_Manager/stm32_sal_sd.o
LOAD ./Middlewares/STM32_ExtMem_Manager/stm32_sal_xspi.o
LOAD ./Middlewares/STM32_ExtMem_Manager/stm32_sdcard_driver.o
LOAD ./Middlewares/STM32_ExtMem_Manager/stm32_sfdp_data.o
LOAD ./Middlewares/STM32_ExtMem_Manager/stm32_sfdp_driver.o
LOAD ./Middlewares/STM32_ExtMem_Manager/stm32_user_driver.o
START GROUP
LOAD D:/STM32/STM32CubeIDE_2.0.0/STM32CubeIDE/plugins/com.st.stm32cube.ide.mcu.externaltools.gnu-tools-for-stm32.13.3.rel1.win32_1.0.100.202509120712/tools/bin/../lib/gcc/arm-none-eabi/13.3.1/../../../../arm-none-eabi/lib/thumb/v8-m.main+dp/hard\libc_nano.a
LOAD D:/STM32/STM32CubeIDE_2.0.0/STM32CubeIDE/plugins/com.st.stm32cube.ide.mcu.externaltools.gnu-tools-for-stm32.13.3.rel1.win32_1.0.100.202509120712/tools/bin/../lib/gcc/arm-none-eabi/13.3.1/../../../../arm-none-eabi/lib/thumb/v8-m.main+dp/hard\libm.a
END GROUP
START GROUP
LOAD D:/STM32/STM32CubeIDE_2.0.0/STM32CubeIDE/plugins/com.st.stm32cube.ide.mcu.externaltools.gnu-tools-for-stm32.13.3.rel1.win32_1.0.100.202509120712/tools/bin/../lib/gcc/arm-none-eabi/13.3.1/thumb/v8-m.main+dp/hard\libgcc.a
LOAD D:/STM32/STM32CubeIDE_2.0.0/STM32CubeIDE/plugins/com.st.stm32cube.ide.mcu.externaltools.gnu-tools-for-stm32.13.3.rel1.win32_1.0.100.202509120712/tools/bin/../lib/gcc/arm-none-eabi/13.3.1/../../../../arm-none-eabi/lib/thumb/v8-m.main+dp/hard\libc_nano.a
END GROUP
START GROUP
LOAD D:/STM32/STM32CubeIDE_2.0.0/STM32CubeIDE/plugins/com.st.stm32cube.ide.mcu.externaltools.gnu-tools-for-stm32.13.3.rel1.win32_1.0.100.202509120712/tools/bin/../lib/gcc/arm-none-eabi/13.3.1/thumb/v8-m.main+dp/hard\libgcc.a
LOAD D:/STM32/STM32CubeIDE_2.0.0/STM32CubeIDE/plugins/com.st.stm32cube.ide.mcu.externaltools.gnu-tools-for-stm32.13.3.rel1.win32_1.0.100.202509120712/tools/bin/../lib/gcc/arm-none-eabi/13.3.1/../../../../arm-none-eabi/lib/thumb/v8-m.main+dp/hard\libc_nano.a
LOAD D:/STM32/STM32CubeIDE_2.0.0/STM32CubeIDE/plugins/com.st.stm32cube.ide.mcu.externaltools.gnu-tools-for-stm32.13.3.rel1.win32_1.0.100.202509120712/tools/bin/../lib/gcc/arm-none-eabi/13.3.1/../../../../arm-none-eabi/lib/thumb/v8-m.main+dp/hard\libnosys.a
END GROUP
START GROUP
LOAD D:/STM32/STM32CubeIDE_2.0.0/STM32CubeIDE/plugins/com.st.stm32cube.ide.mcu.externaltools.gnu-tools-for-stm32.13.3.rel1.win32_1.0.100.202509120712/tools/bin/../lib/gcc/arm-none-eabi/13.3.1/thumb/v8-m.main+dp/hard\libgcc.a
LOAD D:/STM32/STM32CubeIDE_2.0.0/STM32CubeIDE/plugins/com.st.stm32cube.ide.mcu.externaltools.gnu-tools-for-stm32.13.3.rel1.win32_1.0.100.202509120712/tools/bin/../lib/gcc/arm-none-eabi/13.3.1/../../../../arm-none-eabi/lib/thumb/v8-m.main+dp/hard\libc_nano.a
LOAD D:/STM32/STM32CubeIDE_2.0.0/STM32CubeIDE/plugins/com.st.stm32cube.ide.mcu.externaltools.gnu-tools-for-stm32.13.3.rel1.win32_1.0.100.202509120712/tools/bin/../lib/gcc/arm-none-eabi/13.3.1/../../../../arm-none-eabi/lib/thumb/v8-m.main+dp/hard\libnosys.a
END GROUP
LOAD D:/STM32/STM32CubeIDE_2.0.0/STM32CubeIDE/plugins/com.st.stm32cube.ide.mcu.externaltools.gnu-tools-for-stm32.13.3.rel1.win32_1.0.100.202509120712/tools/bin/../lib/gcc/arm-none-eabi/13.3.1/thumb/v8-m.main+dp/hard/crtend.o
LOAD D:/STM32/STM32CubeIDE_2.0.0/STM32CubeIDE/plugins/com.st.stm32cube.ide.mcu.externaltools.gnu-tools-for-stm32.13.3.rel1.win32_1.0.100.202509120712/tools/bin/../lib/gcc/arm-none-eabi/13.3.1/thumb/v8-m.main+dp/hard/crtn.o
                0x341a0400                        _estack = (ORIGIN (RAM_D1) + LENGTH (RAM_D1))
                0x00000200                        _Min_Heap_Size = 0x200
                0x00000800                        _Min_Stack_Size = 0x800

.isr_vector     0x34180404      0x1fc
                0x34180600                        . = (. + 0x1fc)
 *fill*         0x34180404      0x1fc 
                0x34180600                        . = ALIGN (0x4)
 *(.isr_vector)
 .isr_vector    0x34180600        0x0 ./Middlewares/STM32_ExtMem_Loader/stm32_loader_api.o
                0x34180600                g_pfnVectors
                0x34180600                        . = ALIGN (0x4)

.ARM.extab
 *(.ARM.extab* .gnu.linkonce.armextab.*)

.ARM            0x34180600        0x0
                0x34180600                        __exidx_start = .
 *(.ARM.exidx*)
                0x34180600                        __exidx_end = .

.preinit_array  0x34180600        0x0
                0x34180600                        PROVIDE (__preinit_array_start = .)
 *(.preinit_array*)
                0x34180600                        PROVIDE (__preinit_array_end = .)

.init_array     0x34180600        0x4
                0x34180600                        PROVIDE (__init_array_start = .)
 *(SORT_BY_NAME(.init_array.*))
 *(.init_array*)
 .init_array    0x34180600        0x4 D:/STM32/STM32CubeIDE_2.0.0/STM32CubeIDE/plugins/com.st.stm32cube.ide.mcu.externaltools.gnu-tools-for-stm32.13.3.rel1.win32_1.0.100.202509120712/tools/bin/../lib/gcc/arm-none-eabi/13.3.1/thumb/v8-m.main+dp/hard/crtbegin.o
                0x34180604                        PROVIDE (__init_array_end = .)

.fini_array     0x34180604        0x4
                [!provide]                        PROVIDE (__fini_array_start = .)
 *(SORT_BY_NAME(.fini_array.*))
 *(.fini_array*)
 .fini_array    0x34180604        0x4 D:/STM32/STM32CubeIDE_2.0.0/STM32CubeIDE/plugins/com.st.stm32cube.ide.mcu.externaltools.gnu-tools-for-stm32.13.3.rel1.win32_1.0.100.202509120712/tools/bin/../lib/gcc/arm-none-eabi/13.3.1/thumb/v8-m.main+dp/hard/crtbegin.o
                [!provide]                        PROVIDE (__fini_array_end = .)
                0x34180608                        _sidata = LOADADDR (.data)

.data           0x34180608        0xc
                0x34180608                        . = ALIGN (0x4)
                0x34180608                        _sdata = .
 *(.data)
 *(.data*)
 .data.SystemCoreClock
                0x34180608        0x4 ./Drivers/CMSIS/system_stm32n6xx_fsbl.o
                0x34180608                SystemCoreClock
 .data.uwTickPrio
                0x3418060c        0x4 ./Drivers/STM32N6xx_HAL_Driver/stm32n6xx_hal.o
                0x3418060c                uwTickPrio
 .data.uwTickFreq
                0x34180610        0x1 ./Drivers/STM32N6xx_HAL_Driver/stm32n6xx_hal.o
                0x34180610                uwTickFreq
                0x34180614                        . = ALIGN (0x4)
 *fill*         0x34180611        0x3 
                0x34180614                        _edata = .

.igot.plt       0x34180614        0x0
 .igot.plt      0x34180614        0x0 D:/STM32/STM32CubeIDE_2.0.0/STM32CubeIDE/plugins/com.st.stm32cube.ide.mcu.externaltools.gnu-tools-for-stm32.13.3.rel1.win32_1.0.100.202509120712/tools/bin/../lib/gcc/arm-none-eabi/13.3.1/thumb/v8-m.main+dp/hard/crtbegin.o

.gnu.sgstubs    0x34180620       0x20
                0x34180620                        . = ALIGN (0x4)
                0x34180620                        _sNSCVeneer = .
 *(.gnu.sgstubs*)
                0x34180620                        _eNSCVeneer = .
                0x34180620                        . = ALIGN (0x4)
 .gnu.sgstubs.__stub
                0x34180620        0x8 linker stubs
                0x34180620                SECURE_SystemCoreClockUpdate
                0x34180628                        . = ALIGN (0x4)

.bss            0x34180640      0x334
                0x34180640                        _sbss = .
                0x34180640                        __bss_start__ = _sbss
 *(.bss)
 .bss           0x34180640       0x1c D:/STM32/STM32CubeIDE_2.0.0/STM32CubeIDE/plugins/com.st.stm32cube.ide.mcu.externaltools.gnu-tools-for-stm32.13.3.rel1.win32_1.0.100.202509120712/tools/bin/../lib/gcc/arm-none-eabi/13.3.1/thumb/v8-m.main+dp/hard/crtbegin.o
 *(.bss*)
 .bss.hxspi1    0x3418065c       0x64 ./Application/User/Core/xspi.o
                0x3418065c                hxspi1
 .bss.hxspi2    0x341806c0       0x64 ./Application/User/Core/xspi.o
                0x341806c0                hxspi2
 .bss.HAL_RCC_XSPIM_CLK_ENABLED
                0x34180724        0x4 ./Application/User/Core/xspi.o
 .bss.uwTick    0x34180728        0x4 ./Drivers/STM32N6xx_HAL_Driver/stm32n6xx_hal.o
                0x34180728                uwTick
 .bss.exec      0x3418072c        0x1 ./Middlewares/STM32_ExtMem_Loader/stm32_loader_api.o
                0x3418072c                exec
 *fill*         0x3418072d        0x3 
 .bss.Buff_address
                0x34180730        0x4 ./Middlewares/STM32_ExtMem_Loader/stm32_loader_api.o
                0x34180730                Buff_address
 .bss.Address   0x34180734        0x4 ./Middlewares/STM32_ExtMem_Loader/stm32_loader_api.o
                0x34180734                Address
 .bss.Size      0x34180738        0x4 ./Middlewares/STM32_ExtMem_Loader/stm32_loader_api.o
                0x34180738                Size
 .bss.MemoryMappedMode
                0x3418073c        0x1 ./Middlewares/STM32_ExtMem_Loader/stm32_loader_api.o
                0x3418073c                MemoryMappedMode
 *fill*         0x3418073d        0x3 
 .bss.extmem_list_config
                0x34180740       0xac ./Middlewares/STM32_ExtMem_Manager/stm32_extmem.o
                0x34180740                extmem_list_config
 .bss.sfdp_param_info
                0x341807ec       0x78 ./Middlewares/STM32_ExtMem_Manager/stm32_sfdp_data.o
 .bss.JEDEC_Basic
                0x34180864       0x60 ./Middlewares/STM32_ExtMem_Manager/stm32_sfdp_data.o
 .bss.JEDEC_Address4Bytes
                0x341808c4        0x8 ./Middlewares/STM32_ExtMem_Manager/stm32_sfdp_data.o
 .bss.JEDEC_XSPI10
                0x341808cc       0x18 ./Middlewares/STM32_ExtMem_Manager/stm32_sfdp_data.o
 .bss.JEDEC_SCCR_Map
                0x341808e4       0x70 ./Middlewares/STM32_ExtMem_Manager/stm32_sfdp_data.o
 .bss.JEDEC_OctalDdr
                0x34180954       0x20 ./Middlewares/STM32_ExtMem_Manager/stm32_sfdp_data.o
 *(COMMON)
                0x34180974                        . = ALIGN (0x4)
                0x34180974                        _ebss = .
                0x34180974                        __bss_end__ = _ebss

.text           0x34180974     0xf1c4
                0x34180974                        . = ALIGN (0x4)
 *(.text)
 .text          0x34180974       0x40 D:/STM32/STM32CubeIDE_2.0.0/STM32CubeIDE/plugins/com.st.stm32cube.ide.mcu.externaltools.gnu-tools-for-stm32.13.3.rel1.win32_1.0.100.202509120712/tools/bin/../lib/gcc/arm-none-eabi/13.3.1/thumb/v8-m.main+dp/hard/crtbegin.o
 *(.text*)
 .text.MX_EXTMEM_MANAGER_Init
                0x341809b4       0x44 ./Application/User/Core/extmem_manager.o
                0x341809b4                MX_EXTMEM_MANAGER_Init
 .text.extmemloader_Init
                0x341809f8      0x108 ./Application/User/Core/extmemloader_init.o
                0x341809f8                extmemloader_Init
 .text.SystemClock_Config
                0x34180b00      0x1b8 ./Application/User/Core/extmemloader_init.o
 .text.Error_Handler
                0x34180cb8        0x8 ./Application/User/Core/extmemloader_init.o
                0x34180cb8                Error_Handler
 .text.LL_AHB4_GRP1_EnableClock
                0x34180cc0       0x2c ./Application/User/Core/gpio.o
 .text.MX_GPIO_Init
                0x34180cec       0x20 ./Application/User/Core/gpio.o
                0x34180cec                MX_GPIO_Init
 .text.HAL_MspInit
                0x34180d0c       0x38 ./Application/User/Core/stm32n6xx_hal_msp.o
                0x34180d0c                HAL_MspInit
 .text.LL_AHB4_GRP1_EnableClock
                0x34180d44       0x2c ./Application/User/Core/xspi.o
 .text.LL_AHB5_GRP1_EnableClock
                0x34180d70       0x2c ./Application/User/Core/xspi.o
 .text.MX_XSPI1_Init
                0x34180d9c       0xb8 ./Application/User/Core/xspi.o
                0x34180d9c                MX_XSPI1_Init
 .text.MX_XSPI2_Init
                0x34180e54       0xb8 ./Application/User/Core/xspi.o
                0x34180e54                MX_XSPI2_Init
 .text.HAL_XSPI_MspInit
                0x34180f0c      0x1d0 ./Application/User/Core/xspi.o
                0x34180f0c                HAL_XSPI_MspInit
 .text.MX_XSPIM_Init
                0x341810dc        0xe ./Application/User/Core/xspim.o
                0x341810dc                MX_XSPIM_Init
 *fill*         0x341810ea        0x2 
 .text.SystemInit
                0x341810ec      0x1cc ./Drivers/CMSIS/system_stm32n6xx_fsbl.o
                0x341810ec                SystemInit
 .text.SystemCoreClockUpdate
                0x341812b8      0x350 ./Drivers/CMSIS/system_stm32n6xx_fsbl.o
                0x341812b8                SystemCoreClockUpdate
 .text.SECURE_SystemCoreClockUpdate
                0x34181608       0x2c ./Drivers/CMSIS/system_stm32n6xx_fsbl.o
                0x34181608                __acle_se_SECURE_SystemCoreClockUpdate
 .text.HAL_Init
                0x34181634       0x28 ./Drivers/STM32N6xx_HAL_Driver/stm32n6xx_hal.o
                0x34181634                HAL_Init
 .text.HAL_Delay
                0x3418165c       0x48 ./Drivers/STM32N6xx_HAL_Driver/stm32n6xx_hal.o
                0x3418165c                HAL_Delay
 .text.__NVIC_SetPriorityGrouping
                0x341816a4       0x48 ./Drivers/STM32N6xx_HAL_Driver/stm32n6xx_hal_cortex.o
 .text.HAL_NVIC_SetPriorityGrouping
                0x341816ec       0x16 ./Drivers/STM32N6xx_HAL_Driver/stm32n6xx_hal_cortex.o
                0x341816ec                HAL_NVIC_SetPriorityGrouping
 *fill*         0x34181702        0x2 
 .text.HAL_MPU_Disable
                0x34181704       0x40 ./Drivers/STM32N6xx_HAL_Driver/stm32n6xx_hal_cortex.o
                0x34181704                HAL_MPU_Disable
 .text.HAL_DMA_Abort
                0x34181744       0xf8 ./Drivers/STM32N6xx_HAL_Driver/stm32n6xx_hal_dma.o
                0x34181744                HAL_DMA_Abort
 .text.HAL_GPIO_Init
                0x3418183c      0x364 ./Drivers/STM32N6xx_HAL_Driver/stm32n6xx_hal_gpio.o
                0x3418183c                HAL_GPIO_Init
 .text.HAL_PWREx_ConfigSupply
                0x34181ba0       0x50 ./Drivers/STM32N6xx_HAL_Driver/stm32n6xx_hal_pwr_ex.o
                0x34181ba0                HAL_PWREx_ConfigSupply
 .text.HAL_PWREx_ConfigVddIORange
                0x34181bf0       0xa4 ./Drivers/STM32N6xx_HAL_Driver/stm32n6xx_hal_pwr_ex.o
                0x34181bf0                HAL_PWREx_ConfigVddIORange
 .text.HAL_PWREx_EnableVddIO2
                0x34181c94       0x20 ./Drivers/STM32N6xx_HAL_Driver/stm32n6xx_hal_pwr_ex.o
                0x34181c94                HAL_PWREx_EnableVddIO2
 .text.HAL_PWREx_EnableVddIO3
                0x34181cb4       0x20 ./Drivers/STM32N6xx_HAL_Driver/stm32n6xx_hal_pwr_ex.o
                0x34181cb4                HAL_PWREx_EnableVddIO3
 .text.HAL_PWREx_EnableVddIO4
                0x34181cd4       0x20 ./Drivers/STM32N6xx_HAL_Driver/stm32n6xx_hal_pwr_ex.o
                0x34181cd4                HAL_PWREx_EnableVddIO4
 .text.HAL_PWREx_EnableVddIO5
                0x34181cf4       0x20 ./Drivers/STM32N6xx_HAL_Driver/stm32n6xx_hal_pwr_ex.o
                0x34181cf4                HAL_PWREx_EnableVddIO5
 .text.LL_RCC_HSE_IsReady
                0x34181d14       0x24 ./Drivers/STM32N6xx_HAL_Driver/stm32n6xx_hal_rcc.o
 .text.LL_RCC_HSI_Enable
                0x34181d38       0x1c ./Drivers/STM32N6xx_HAL_Driver/stm32n6xx_hal_rcc.o
 .text.LL_RCC_HSI_Disable
                0x34181d54       0x20 ./Drivers/STM32N6xx_HAL_Driver/stm32n6xx_hal_rcc.o
 .text.LL_RCC_HSI_IsReady
                0x34181d74       0x24 ./Drivers/STM32N6xx_HAL_Driver/stm32n6xx_hal_rcc.o
 .text.LL_RCC_HSI_SetDivider
                0x34181d98       0x28 ./Drivers/STM32N6xx_HAL_Driver/stm32n6xx_hal_rcc.o
 .text.LL_RCC_HSI_GetDivider
                0x34181dc0       0x1c ./Drivers/STM32N6xx_HAL_Driver/stm32n6xx_hal_rcc.o
 .text.LL_RCC_HSI_SetCalibTrimming
                0x34181ddc       0x2c ./Drivers/STM32N6xx_HAL_Driver/stm32n6xx_hal_rcc.o
 .text.LL_RCC_MSI_Enable
                0x34181e08       0x1c ./Drivers/STM32N6xx_HAL_Driver/stm32n6xx_hal_rcc.o
 .text.LL_RCC_MSI_Disable
                0x34181e24       0x20 ./Drivers/STM32N6xx_HAL_Driver/stm32n6xx_hal_rcc.o
 .text.LL_RCC_MSI_IsReady
                0x34181e44       0x24 ./Drivers/STM32N6xx_HAL_Driver/stm32n6xx_hal_rcc.o
 .text.LL_RCC_MSI_SetFrequency
                0x34181e68       0x28 ./Drivers/STM32N6xx_HAL_Driver/stm32n6xx_hal_rcc.o
 .text.LL_RCC_MSI_SetCalibTrimming
                0x34181e90       0x2c ./Drivers/STM32N6xx_HAL_Driver/stm32n6xx_hal_rcc.o
 .text.LL_RCC_LSE_IsReady
                0x34181ebc       0x24 ./Drivers/STM32N6xx_HAL_Driver/stm32n6xx_hal_rcc.o
 .text.LL_RCC_LSI_Enable
                0x34181ee0       0x1c ./Drivers/STM32N6xx_HAL_Driver/stm32n6xx_hal_rcc.o
 .text.LL_RCC_LSI_Disable
                0x34181efc       0x20 ./Drivers/STM32N6xx_HAL_Driver/stm32n6xx_hal_rcc.o
 .text.LL_RCC_LSI_IsReady
                0x34181f1c       0x1c ./Drivers/STM32N6xx_HAL_Driver/stm32n6xx_hal_rcc.o
 .text.LL_RCC_GetCpuClkSource
                0x34181f38       0x1c ./Drivers/STM32N6xx_HAL_Driver/stm32n6xx_hal_rcc.o
 .text.LL_RCC_GetSysClkSource
                0x34181f54       0x1c ./Drivers/STM32N6xx_HAL_Driver/stm32n6xx_hal_rcc.o
 .text.LL_RCC_PLL1_GetSource
                0x34181f70       0x1c ./Drivers/STM32N6xx_HAL_Driver/stm32n6xx_hal_rcc.o
 .text.LL_RCC_PLL1_IsReady
                0x34181f8c       0x28 ./Drivers/STM32N6xx_HAL_Driver/stm32n6xx_hal_rcc.o
 .text.LL_RCC_PLL1_IsEnabledBypass
                0x34181fb4       0x28 ./Drivers/STM32N6xx_HAL_Driver/stm32n6xx_hal_rcc.o
 .text.LL_RCC_PLL2_GetSource
                0x34181fdc       0x1c ./Drivers/STM32N6xx_HAL_Driver/stm32n6xx_hal_rcc.o
 .text.LL_RCC_PLL2_IsReady
                0x34181ff8       0x28 ./Drivers/STM32N6xx_HAL_Driver/stm32n6xx_hal_rcc.o
 .text.LL_RCC_PLL2_IsEnabledBypass
                0x34182020       0x28 ./Drivers/STM32N6xx_HAL_Driver/stm32n6xx_hal_rcc.o
 .text.LL_RCC_PLL3_GetSource
                0x34182048       0x1c ./Drivers/STM32N6xx_HAL_Driver/stm32n6xx_hal_rcc.o
 .text.LL_RCC_PLL3_IsReady
                0x34182064       0x28 ./Drivers/STM32N6xx_HAL_Driver/stm32n6xx_hal_rcc.o
 .text.LL_RCC_PLL3_IsEnabledBypass
                0x3418208c       0x28 ./Drivers/STM32N6xx_HAL_Driver/stm32n6xx_hal_rcc.o
 .text.LL_RCC_PLL4_GetSource
                0x341820b4       0x1c ./Drivers/STM32N6xx_HAL_Driver/stm32n6xx_hal_rcc.o
 .text.LL_RCC_PLL4_IsReady
                0x341820d0       0x28 ./Drivers/STM32N6xx_HAL_Driver/stm32n6xx_hal_rcc.o
 .text.LL_RCC_PLL4_IsEnabledBypass
                0x341820f8       0x28 ./Drivers/STM32N6xx_HAL_Driver/stm32n6xx_hal_rcc.o
 .text.LL_RCC_IC1_Enable
                0x34182120       0x1c ./Drivers/STM32N6xx_HAL_Driver/stm32n6xx_hal_rcc.o
 .text.LL_RCC_IC1_GetSource
                0x3418213c       0x1c ./Drivers/STM32N6xx_HAL_Driver/stm32n6xx_hal_rcc.o
 .text.LL_RCC_IC1_GetDivider
                0x34182158       0x20 ./Drivers/STM32N6xx_HAL_Driver/stm32n6xx_hal_rcc.o
 .text.LL_RCC_IC2_GetSource
                0x34182178       0x1c ./Drivers/STM32N6xx_HAL_Driver/stm32n6xx_hal_rcc.o
 .text.LL_RCC_IC2_GetDivider
                0x34182194       0x20 ./Drivers/STM32N6xx_HAL_Driver/stm32n6xx_hal_rcc.o
 .text.LL_RCC_IC6_GetSource
                0x341821b4       0x1c ./Drivers/STM32N6xx_HAL_Driver/stm32n6xx_hal_rcc.o
 .text.LL_RCC_IC11_GetSource
                0x341821d0       0x1c ./Drivers/STM32N6xx_HAL_Driver/stm32n6xx_hal_rcc.o
 .text.HAL_RCC_OscConfig
                0x341821ec      0x7c0 ./Drivers/STM32N6xx_HAL_Driver/stm32n6xx_hal_rcc.o
                0x341821ec                HAL_RCC_OscConfig
 .text.HAL_RCC_ClockConfig
                0x341829ac      0x408 ./Drivers/STM32N6xx_HAL_Driver/stm32n6xx_hal_rcc.o
                0x341829ac                HAL_RCC_ClockConfig
 .text.HAL_RCC_GetCpuClockFreq
                0x34182db4      0x100 ./Drivers/STM32N6xx_HAL_Driver/stm32n6xx_hal_rcc.o
                0x34182db4                HAL_RCC_GetCpuClockFreq
 .text.HAL_RCC_GetSysClockFreq
                0x34182eb4       0x1e ./Drivers/STM32N6xx_HAL_Driver/stm32n6xx_hal_rcc.o
                0x34182eb4                HAL_RCC_GetSysClockFreq
 *fill*         0x34182ed2        0x2 
 .text.HAL_RCC_GetClockConfig
                0x34182ed4       0xec ./Drivers/STM32N6xx_HAL_Driver/stm32n6xx_hal_rcc.o
                0x34182ed4                HAL_RCC_GetClockConfig
 .text.RCC_GetSysClockFreq
                0x34182fc0      0x104 ./Drivers/STM32N6xx_HAL_Driver/stm32n6xx_hal_rcc.o
 .text.RCC_PLL_Config
                0x341830c4      0x260 ./Drivers/STM32N6xx_HAL_Driver/stm32n6xx_hal_rcc.o
 .text.RCC_PLL_Enable
                0x34183324       0x58 ./Drivers/STM32N6xx_HAL_Driver/stm32n6xx_hal_rcc.o
 .text.RCC_PLL_IsNewConfig
                0x3418337c       0xf4 ./Drivers/STM32N6xx_HAL_Driver/stm32n6xx_hal_rcc.o
 .text.RCC_PLL_Source_IsReady
                0x34183470       0x74 ./Drivers/STM32N6xx_HAL_Driver/stm32n6xx_hal_rcc.o
 .text.RCC_IC_CheckPLLSources
                0x341834e4      0x170 ./Drivers/STM32N6xx_HAL_Driver/stm32n6xx_hal_rcc.o
 .text.LL_RCC_HSE_SelectHSEAsDiv2Clock
                0x34183654       0x20 ./Drivers/STM32N6xx_HAL_Driver/stm32n6xx_hal_rcc_ex.o
 .text.LL_RCC_HSE_SelectHSEDiv2AsDiv2Clock
                0x34183674       0x20 ./Drivers/STM32N6xx_HAL_Driver/stm32n6xx_hal_rcc_ex.o
 .text.LL_RCC_HSE_IsSelectedHSEDiv2AsDiv2Clock
                0x34183694       0x24 ./Drivers/STM32N6xx_HAL_Driver/stm32n6xx_hal_rcc_ex.o
 .text.LL_RCC_HSE_IsReady
                0x341836b8       0x24 ./Drivers/STM32N6xx_HAL_Driver/stm32n6xx_hal_rcc_ex.o
 .text.LL_RCC_HSI_IsReady
                0x341836dc       0x24 ./Drivers/STM32N6xx_HAL_Driver/stm32n6xx_hal_rcc_ex.o
 .text.LL_RCC_HSI_GetDivider
                0x34183700       0x1c ./Drivers/STM32N6xx_HAL_Driver/stm32n6xx_hal_rcc_ex.o
 .text.LL_RCC_MSI_IsReady
                0x3418371c       0x24 ./Drivers/STM32N6xx_HAL_Driver/stm32n6xx_hal_rcc_ex.o
 .text.LL_RCC_MSI_GetFrequency
                0x34183740       0x1c ./Drivers/STM32N6xx_HAL_Driver/stm32n6xx_hal_rcc_ex.o
 .text.LL_RCC_LSE_IsReady
                0x3418375c       0x24 ./Drivers/STM32N6xx_HAL_Driver/stm32n6xx_hal_rcc_ex.o
 .text.LL_RCC_LSI_IsReady
                0x34183780       0x1c ./Drivers/STM32N6xx_HAL_Driver/stm32n6xx_hal_rcc_ex.o
 .text.LL_RCC_GetAHBPrescaler
                0x3418379c       0x1c ./Drivers/STM32N6xx_HAL_Driver/stm32n6xx_hal_rcc_ex.o
 .text.LL_RCC_GetAPB1Prescaler
                0x341837b8       0x1c ./Drivers/STM32N6xx_HAL_Driver/stm32n6xx_hal_rcc_ex.o
 .text.LL_RCC_GetAPB2Prescaler
                0x341837d4       0x1c ./Drivers/STM32N6xx_HAL_Driver/stm32n6xx_hal_rcc_ex.o
 .text.LL_RCC_GetAPB4Prescaler
                0x341837f0       0x1c ./Drivers/STM32N6xx_HAL_Driver/stm32n6xx_hal_rcc_ex.o
 .text.LL_RCC_GetAPB5Prescaler
                0x3418380c       0x1c ./Drivers/STM32N6xx_HAL_Driver/stm32n6xx_hal_rcc_ex.o
 .text.LL_RCC_SetClockSource
                0x34183828       0x54 ./Drivers/STM32N6xx_HAL_Driver/stm32n6xx_hal_rcc_ex.o
 .text.LL_RCC_GetADCPrescaler
                0x3418387c       0x1c ./Drivers/STM32N6xx_HAL_Driver/stm32n6xx_hal_rcc_ex.o
 .text.LL_RCC_SetADFClockSource
                0x34183898       0x2c ./Drivers/STM32N6xx_HAL_Driver/stm32n6xx_hal_rcc_ex.o
 .text.LL_RCC_SetCLKPClockSource
                0x341838c4       0x2c ./Drivers/STM32N6xx_HAL_Driver/stm32n6xx_hal_rcc_ex.o
 .text.LL_RCC_SetDCMIPPClockSource
                0x341838f0       0x2c ./Drivers/STM32N6xx_HAL_Driver/stm32n6xx_hal_rcc_ex.o
 .text.LL_RCC_SetETHClockSource
                0x3418391c       0x2c ./Drivers/STM32N6xx_HAL_Driver/stm32n6xx_hal_rcc_ex.o
 .text.LL_RCC_SetETHPHYInterface
                0x34183948       0x2c ./Drivers/STM32N6xx_HAL_Driver/stm32n6xx_hal_rcc_ex.o
 .text.LL_RCC_GetETH1PTPDivider
                0x34183974       0x1c ./Drivers/STM32N6xx_HAL_Driver/stm32n6xx_hal_rcc_ex.o
 .text.LL_RCC_SetETHREFRXClockSource
                0x34183990       0x2c ./Drivers/STM32N6xx_HAL_Driver/stm32n6xx_hal_rcc_ex.o
 .text.LL_RCC_SetETHREFTXClockSource
                0x341839bc       0x2c ./Drivers/STM32N6xx_HAL_Driver/stm32n6xx_hal_rcc_ex.o
 .text.LL_RCC_SetFDCANClockSource
                0x341839e8       0x2c ./Drivers/STM32N6xx_HAL_Driver/stm32n6xx_hal_rcc_ex.o
 .text.LL_RCC_SetFMCClockSource
                0x34183a14       0x2c ./Drivers/STM32N6xx_HAL_Driver/stm32n6xx_hal_rcc_ex.o
 .text.LL_RCC_SetI2CClockSource
                0x34183a40       0x16 ./Drivers/STM32N6xx_HAL_Driver/stm32n6xx_hal_rcc_ex.o
 .text.LL_RCC_SetI3CClockSource
                0x34183a56       0x16 ./Drivers/STM32N6xx_HAL_Driver/stm32n6xx_hal_rcc_ex.o
 .text.LL_RCC_SetLPTIMClockSource
                0x34183a6c       0x16 ./Drivers/STM32N6xx_HAL_Driver/stm32n6xx_hal_rcc_ex.o
 *fill*         0x34183a82        0x2 
 .text.LL_RCC_SetLPUARTClockSource
                0x34183a84       0x2c ./Drivers/STM32N6xx_HAL_Driver/stm32n6xx_hal_rcc_ex.o
 .text.LL_RCC_SetLTDCClockSource
                0x34183ab0       0x2c ./Drivers/STM32N6xx_HAL_Driver/stm32n6xx_hal_rcc_ex.o
 .text.LL_RCC_SetMDFClockSource
                0x34183adc       0x2c ./Drivers/STM32N6xx_HAL_Driver/stm32n6xx_hal_rcc_ex.o
 .text.LL_RCC_SetOTGPHYClockSource
                0x34183b08       0x16 ./Drivers/STM32N6xx_HAL_Driver/stm32n6xx_hal_rcc_ex.o
 .text.LL_RCC_SetOTGPHYCKREFClockSource
                0x34183b1e       0x16 ./Drivers/STM32N6xx_HAL_Driver/stm32n6xx_hal_rcc_ex.o
 .text.LL_RCC_SetPSSIClockSource
                0x34183b34       0x2c ./Drivers/STM32N6xx_HAL_Driver/stm32n6xx_hal_rcc_ex.o
 .text.LL_RCC_SetSAIClockSource
                0x34183b60       0x16 ./Drivers/STM32N6xx_HAL_Driver/stm32n6xx_hal_rcc_ex.o
 .text.LL_RCC_SetSDMMCClockSource
                0x34183b76       0x16 ./Drivers/STM32N6xx_HAL_Driver/stm32n6xx_hal_rcc_ex.o
 .text.LL_RCC_SetSPDIFRXClockSource
                0x34183b8c       0x2c ./Drivers/STM32N6xx_HAL_Driver/stm32n6xx_hal_rcc_ex.o
 .text.LL_RCC_SetSPIClockSource
                0x34183bb8       0x16 ./Drivers/STM32N6xx_HAL_Driver/stm32n6xx_hal_rcc_ex.o
 .text.LL_RCC_SetUSARTClockSource
                0x34183bce       0x16 ./Drivers/STM32N6xx_HAL_Driver/stm32n6xx_hal_rcc_ex.o
 .text.LL_RCC_SetXSPIClockSource
                0x34183be4       0x16 ./Drivers/STM32N6xx_HAL_Driver/stm32n6xx_hal_rcc_ex.o
 *fill*         0x34183bfa        0x2 
 .text.LL_RCC_GetClockSource
                0x34183bfc       0x4c ./Drivers/STM32N6xx_HAL_Driver/stm32n6xx_hal_rcc_ex.o
 .text.LL_RCC_GetADCClockSource
                0x34183c48       0x24 ./Drivers/STM32N6xx_HAL_Driver/stm32n6xx_hal_rcc_ex.o
 .text.LL_RCC_GetADFClockSource
                0x34183c6c       0x24 ./Drivers/STM32N6xx_HAL_Driver/stm32n6xx_hal_rcc_ex.o
 .text.LL_RCC_GetCLKPClockSource
                0x34183c90       0x24 ./Drivers/STM32N6xx_HAL_Driver/stm32n6xx_hal_rcc_ex.o
 .text.LL_RCC_GetDCMIPPClockSource
                0x34183cb4       0x24 ./Drivers/STM32N6xx_HAL_Driver/stm32n6xx_hal_rcc_ex.o
 .text.LL_RCC_GetETHClockSource
                0x34183cd8       0x24 ./Drivers/STM32N6xx_HAL_Driver/stm32n6xx_hal_rcc_ex.o
 .text.LL_RCC_GetETHPTPClockSource
                0x34183cfc       0x24 ./Drivers/STM32N6xx_HAL_Driver/stm32n6xx_hal_rcc_ex.o
 .text.LL_RCC_GetFDCANClockSource
                0x34183d20       0x24 ./Drivers/STM32N6xx_HAL_Driver/stm32n6xx_hal_rcc_ex.o
 .text.LL_RCC_GetFMCClockSource
                0x34183d44       0x24 ./Drivers/STM32N6xx_HAL_Driver/stm32n6xx_hal_rcc_ex.o
 .text.LL_RCC_GetI2CClockSource
                0x34183d68       0x18 ./Drivers/STM32N6xx_HAL_Driver/stm32n6xx_hal_rcc_ex.o
 .text.LL_RCC_GetI3CClockSource
                0x34183d80       0x18 ./Drivers/STM32N6xx_HAL_Driver/stm32n6xx_hal_rcc_ex.o
 .text.LL_RCC_GetLPTIMClockSource
                0x34183d98       0x18 ./Drivers/STM32N6xx_HAL_Driver/stm32n6xx_hal_rcc_ex.o
 .text.LL_RCC_GetLPUARTClockSource
                0x34183db0       0x24 ./Drivers/STM32N6xx_HAL_Driver/stm32n6xx_hal_rcc_ex.o
 .text.LL_RCC_GetLTDCClockSource
                0x34183dd4       0x24 ./Drivers/STM32N6xx_HAL_Driver/stm32n6xx_hal_rcc_ex.o
 .text.LL_RCC_GetMDFClockSource
                0x34183df8       0x24 ./Drivers/STM32N6xx_HAL_Driver/stm32n6xx_hal_rcc_ex.o
 .text.LL_RCC_GetPSSIClockSource
                0x34183e1c       0x24 ./Drivers/STM32N6xx_HAL_Driver/stm32n6xx_hal_rcc_ex.o
 .text.LL_RCC_GetSAIClockSource
                0x34183e40       0x18 ./Drivers/STM32N6xx_HAL_Driver/stm32n6xx_hal_rcc_ex.o
 .text.LL_RCC_GetSDMMCClockSource
                0x34183e58       0x18 ./Drivers/STM32N6xx_HAL_Driver/stm32n6xx_hal_rcc_ex.o
 .text.LL_RCC_GetSPDIFRXClockSource
                0x34183e70       0x24 ./Drivers/STM32N6xx_HAL_Driver/stm32n6xx_hal_rcc_ex.o
 .text.LL_RCC_GetSPIClockSource
                0x34183e94       0x18 ./Drivers/STM32N6xx_HAL_Driver/stm32n6xx_hal_rcc_ex.o
 .text.LL_RCC_GetUSARTClockSource
                0x34183eac       0x18 ./Drivers/STM32N6xx_HAL_Driver/stm32n6xx_hal_rcc_ex.o
 .text.LL_RCC_GetUARTClockSource
                0x34183ec4       0x18 ./Drivers/STM32N6xx_HAL_Driver/stm32n6xx_hal_rcc_ex.o
 .text.LL_RCC_GetUSBClockSource
                0x34183edc       0x18 ./Drivers/STM32N6xx_HAL_Driver/stm32n6xx_hal_rcc_ex.o
 .text.LL_RCC_GetXSPIClockSource
                0x34183ef4       0x18 ./Drivers/STM32N6xx_HAL_Driver/stm32n6xx_hal_rcc_ex.o
 .text.LL_RCC_SetRTCClockSource
                0x34183f0c       0x2c ./Drivers/STM32N6xx_HAL_Driver/stm32n6xx_hal_rcc_ex.o
 .text.LL_RCC_GetRTCClockSource
                0x34183f38       0x1c ./Drivers/STM32N6xx_HAL_Driver/stm32n6xx_hal_rcc_ex.o
 .text.LL_RCC_SetRTC_HSEPrescaler
                0x34183f54       0x2c ./Drivers/STM32N6xx_HAL_Driver/stm32n6xx_hal_rcc_ex.o
 .text.LL_RCC_SetTIMPrescaler
                0x34183f80       0x2c ./Drivers/STM32N6xx_HAL_Driver/stm32n6xx_hal_rcc_ex.o
 .text.LL_RCC_GetTIMPrescaler
                0x34183fac       0x1c ./Drivers/STM32N6xx_HAL_Driver/stm32n6xx_hal_rcc_ex.o
 .text.LL_RCC_PLL1_GetSource
                0x34183fc8       0x1c ./Drivers/STM32N6xx_HAL_Driver/stm32n6xx_hal_rcc_ex.o
 .text.LL_RCC_PLL1_IsReady
                0x34183fe4       0x28 ./Drivers/STM32N6xx_HAL_Driver/stm32n6xx_hal_rcc_ex.o
 .text.LL_RCC_PLL1_IsEnabledBypass
                0x3418400c       0x28 ./Drivers/STM32N6xx_HAL_Driver/stm32n6xx_hal_rcc_ex.o
 .text.LL_RCC_PLL1_GetN
                0x34184034       0x20 ./Drivers/STM32N6xx_HAL_Driver/stm32n6xx_hal_rcc_ex.o
 .text.LL_RCC_PLL1_GetM
                0x34184054       0x20 ./Drivers/STM32N6xx_HAL_Driver/stm32n6xx_hal_rcc_ex.o
 .text.LL_RCC_PLL1_GetP1
                0x34184074       0x20 ./Drivers/STM32N6xx_HAL_Driver/stm32n6xx_hal_rcc_ex.o
 .text.LL_RCC_PLL1_GetP2
                0x34184094       0x20 ./Drivers/STM32N6xx_HAL_Driver/stm32n6xx_hal_rcc_ex.o
 .text.LL_RCC_PLL1P_IsEnabled
                0x341840b4       0x28 ./Drivers/STM32N6xx_HAL_Driver/stm32n6xx_hal_rcc_ex.o
 .text.LL_RCC_PLL1_GetFRACN
                0x341840dc       0x1c ./Drivers/STM32N6xx_HAL_Driver/stm32n6xx_hal_rcc_ex.o
 .text.LL_RCC_PLL2_GetSource
                0x341840f8       0x1c ./Drivers/STM32N6xx_HAL_Driver/stm32n6xx_hal_rcc_ex.o
 .text.LL_RCC_PLL2_IsReady
                0x34184114       0x28 ./Drivers/STM32N6xx_HAL_Driver/stm32n6xx_hal_rcc_ex.o
 .text.LL_RCC_PLL2_IsEnabledBypass
                0x3418413c       0x28 ./Drivers/STM32N6xx_HAL_Driver/stm32n6xx_hal_rcc_ex.o
 .text.LL_RCC_PLL2_GetN
                0x34184164       0x20 ./Drivers/STM32N6xx_HAL_Driver/stm32n6xx_hal_rcc_ex.o
 .text.LL_RCC_PLL2_GetM
                0x34184184       0x20 ./Drivers/STM32N6xx_HAL_Driver/stm32n6xx_hal_rcc_ex.o
 .text.LL_RCC_PLL2_GetP1
                0x341841a4       0x20 ./Drivers/STM32N6xx_HAL_Driver/stm32n6xx_hal_rcc_ex.o
 .text.LL_RCC_PLL2_GetP2
                0x341841c4       0x20 ./Drivers/STM32N6xx_HAL_Driver/stm32n6xx_hal_rcc_ex.o
 .text.LL_RCC_PLL2P_IsEnabled
                0x341841e4       0x28 ./Drivers/STM32N6xx_HAL_Driver/stm32n6xx_hal_rcc_ex.o
 .text.LL_RCC_PLL2_GetFRACN
                0x3418420c       0x1c ./Drivers/STM32N6xx_HAL_Driver/stm32n6xx_hal_rcc_ex.o
 .text.LL_RCC_PLL3_GetSource
                0x34184228       0x1c ./Drivers/STM32N6xx_HAL_Driver/stm32n6xx_hal_rcc_ex.o
 .text.LL_RCC_PLL3_IsReady
                0x34184244       0x28 ./Drivers/STM32N6xx_HAL_Driver/stm32n6xx_hal_rcc_ex.o
 .text.LL_RCC_PLL3_IsEnabledBypass
                0x3418426c       0x28 ./Drivers/STM32N6xx_HAL_Driver/stm32n6xx_hal_rcc_ex.o
 .text.LL_RCC_PLL3_GetN
                0x34184294       0x20 ./Drivers/STM32N6xx_HAL_Driver/stm32n6xx_hal_rcc_ex.o
 .text.LL_RCC_PLL3_GetM
                0x341842b4       0x20 ./Drivers/STM32N6xx_HAL_Driver/stm32n6xx_hal_rcc_ex.o
 .text.LL_RCC_PLL3_GetP1
                0x341842d4       0x20 ./Drivers/STM32N6xx_HAL_Driver/stm32n6xx_hal_rcc_ex.o
 .text.LL_RCC_PLL3_GetP2
                0x341842f4       0x20 ./Drivers/STM32N6xx_HAL_Driver/stm32n6xx_hal_rcc_ex.o
 .text.LL_RCC_PLL3P_IsEnabled
                0x34184314       0x28 ./Drivers/STM32N6xx_HAL_Driver/stm32n6xx_hal_rcc_ex.o
 .text.LL_RCC_PLL3_GetFRACN
                0x3418433c       0x1c ./Drivers/STM32N6xx_HAL_Driver/stm32n6xx_hal_rcc_ex.o
 .text.LL_RCC_PLL4_GetSource
                0x34184358       0x1c ./Drivers/STM32N6xx_HAL_Driver/stm32n6xx_hal_rcc_ex.o
 .text.LL_RCC_PLL4_IsReady
                0x34184374       0x28 ./Drivers/STM32N6xx_HAL_Driver/stm32n6xx_hal_rcc_ex.o
 .text.LL_RCC_PLL4_IsEnabledBypass
                0x3418439c       0x28 ./Drivers/STM32N6xx_HAL_Driver/stm32n6xx_hal_rcc_ex.o
 .text.LL_RCC_PLL4_GetN
                0x341843c4       0x20 ./Drivers/STM32N6xx_HAL_Driver/stm32n6xx_hal_rcc_ex.o
 .text.LL_RCC_PLL4_GetM
                0x341843e4       0x20 ./Drivers/STM32N6xx_HAL_Driver/stm32n6xx_hal_rcc_ex.o
 .text.LL_RCC_PLL4_GetP1
                0x34184404       0x20 ./Drivers/STM32N6xx_HAL_Driver/stm32n6xx_hal_rcc_ex.o
 .text.LL_RCC_PLL4_GetP2
                0x34184424       0x20 ./Drivers/STM32N6xx_HAL_Driver/stm32n6xx_hal_rcc_ex.o
 .text.LL_RCC_PLL4P_IsEnabled
                0x34184444       0x28 ./Drivers/STM32N6xx_HAL_Driver/stm32n6xx_hal_rcc_ex.o
 .text.LL_RCC_PLL4_GetFRACN
                0x3418446c       0x1c ./Drivers/STM32N6xx_HAL_Driver/stm32n6xx_hal_rcc_ex.o
 .text.LL_RCC_IC3_Enable
                0x34184488       0x1c ./Drivers/STM32N6xx_HAL_Driver/stm32n6xx_hal_rcc_ex.o
 .text.LL_RCC_IC3_IsEnabled
                0x341844a4       0x28 ./Drivers/STM32N6xx_HAL_Driver/stm32n6xx_hal_rcc_ex.o
 .text.LL_RCC_IC3_GetSource
                0x341844cc       0x1c ./Drivers/STM32N6xx_HAL_Driver/stm32n6xx_hal_rcc_ex.o
 .text.LL_RCC_IC3_GetDivider
                0x341844e8       0x20 ./Drivers/STM32N6xx_HAL_Driver/stm32n6xx_hal_rcc_ex.o
 .text.LL_RCC_IC4_Enable
                0x34184508       0x1c ./Drivers/STM32N6xx_HAL_Driver/stm32n6xx_hal_rcc_ex.o
 .text.LL_RCC_IC4_IsEnabled
                0x34184524       0x28 ./Drivers/STM32N6xx_HAL_Driver/stm32n6xx_hal_rcc_ex.o
 .text.LL_RCC_IC4_GetSource
                0x3418454c       0x1c ./Drivers/STM32N6xx_HAL_Driver/stm32n6xx_hal_rcc_ex.o
 .text.LL_RCC_IC4_GetDivider
                0x34184568       0x20 ./Drivers/STM32N6xx_HAL_Driver/stm32n6xx_hal_rcc_ex.o
 .text.LL_RCC_IC5_Enable
                0x34184588       0x1c ./Drivers/STM32N6xx_HAL_Driver/stm32n6xx_hal_rcc_ex.o
 .text.LL_RCC_IC5_IsEnabled
                0x341845a4       0x28 ./Drivers/STM32N6xx_HAL_Driver/stm32n6xx_hal_rcc_ex.o
 .text.LL_RCC_IC5_GetSource
                0x341845cc       0x1c ./Drivers/STM32N6xx_HAL_Driver/stm32n6xx_hal_rcc_ex.o
 .text.LL_RCC_IC5_GetDivider
                0x341845e8       0x20 ./Drivers/STM32N6xx_HAL_Driver/stm32n6xx_hal_rcc_ex.o
 .text.LL_RCC_IC7_Enable
                0x34184608       0x1c ./Drivers/STM32N6xx_HAL_Driver/stm32n6xx_hal_rcc_ex.o
 .text.LL_RCC_IC7_IsEnabled
                0x34184624       0x28 ./Drivers/STM32N6xx_HAL_Driver/stm32n6xx_hal_rcc_ex.o
 .text.LL_RCC_IC7_GetSource
                0x3418464c       0x1c ./Drivers/STM32N6xx_HAL_Driver/stm32n6xx_hal_rcc_ex.o
 .text.LL_RCC_IC7_GetDivider
                0x34184668       0x20 ./Drivers/STM32N6xx_HAL_Driver/stm32n6xx_hal_rcc_ex.o
 .text.LL_RCC_IC8_Enable
                0x34184688       0x1c ./Drivers/STM32N6xx_HAL_Driver/stm32n6xx_hal_rcc_ex.o
 .text.LL_RCC_IC8_IsEnabled
                0x341846a4       0x28 ./Drivers/STM32N6xx_HAL_Driver/stm32n6xx_hal_rcc_ex.o
 .text.LL_RCC_IC8_GetSource
                0x341846cc       0x1c ./Drivers/STM32N6xx_HAL_Driver/stm32n6xx_hal_rcc_ex.o
 .text.LL_RCC_IC8_GetDivider
                0x341846e8       0x20 ./Drivers/STM32N6xx_HAL_Driver/stm32n6xx_hal_rcc_ex.o
 .text.LL_RCC_IC9_Enable
                0x34184708       0x1c ./Drivers/STM32N6xx_HAL_Driver/stm32n6xx_hal_rcc_ex.o
 .text.LL_RCC_IC9_IsEnabled
                0x34184724       0x28 ./Drivers/STM32N6xx_HAL_Driver/stm32n6xx_hal_rcc_ex.o
 .text.LL_RCC_IC9_GetSource
                0x3418474c       0x1c ./Drivers/STM32N6xx_HAL_Driver/stm32n6xx_hal_rcc_ex.o
 .text.LL_RCC_IC9_GetDivider
                0x34184768       0x20 ./Drivers/STM32N6xx_HAL_Driver/stm32n6xx_hal_rcc_ex.o
 .text.LL_RCC_IC10_Enable
                0x34184788       0x1c ./Drivers/STM32N6xx_HAL_Driver/stm32n6xx_hal_rcc_ex.o
 .text.LL_RCC_IC10_IsEnabled
                0x341847a4       0x28 ./Drivers/STM32N6xx_HAL_Driver/stm32n6xx_hal_rcc_ex.o
 .text.LL_RCC_IC10_GetSource
                0x341847cc       0x1c ./Drivers/STM32N6xx_HAL_Driver/stm32n6xx_hal_rcc_ex.o
 .text.LL_RCC_IC10_GetDivider
                0x341847e8       0x20 ./Drivers/STM32N6xx_HAL_Driver/stm32n6xx_hal_rcc_ex.o
 .text.LL_RCC_IC12_Enable
                0x34184808       0x1c ./Drivers/STM32N6xx_HAL_Driver/stm32n6xx_hal_rcc_ex.o
 .text.LL_RCC_IC12_IsEnabled
                0x34184824       0x28 ./Drivers/STM32N6xx_HAL_Driver/stm32n6xx_hal_rcc_ex.o
 .text.LL_RCC_IC12_GetSource
                0x3418484c       0x1c ./Drivers/STM32N6xx_HAL_Driver/stm32n6xx_hal_rcc_ex.o
 .text.LL_RCC_IC12_GetDivider
                0x34184868       0x20 ./Drivers/STM32N6xx_HAL_Driver/stm32n6xx_hal_rcc_ex.o
 .text.LL_RCC_IC13_Enable
                0x34184888       0x1c ./Drivers/STM32N6xx_HAL_Driver/stm32n6xx_hal_rcc_ex.o
 .text.LL_RCC_IC13_IsEnabled
                0x341848a4       0x28 ./Drivers/STM32N6xx_HAL_Driver/stm32n6xx_hal_rcc_ex.o
 .text.LL_RCC_IC13_GetSource
                0x341848cc       0x1c ./Drivers/STM32N6xx_HAL_Driver/stm32n6xx_hal_rcc_ex.o
 .text.LL_RCC_IC13_GetDivider
                0x341848e8       0x20 ./Drivers/STM32N6xx_HAL_Driver/stm32n6xx_hal_rcc_ex.o
 .text.LL_RCC_IC14_Enable
                0x34184908       0x1c ./Drivers/STM32N6xx_HAL_Driver/stm32n6xx_hal_rcc_ex.o
 .text.LL_RCC_IC14_IsEnabled
                0x34184924       0x28 ./Drivers/STM32N6xx_HAL_Driver/stm32n6xx_hal_rcc_ex.o
 .text.LL_RCC_IC14_GetSource
                0x3418494c       0x1c ./Drivers/STM32N6xx_HAL_Driver/stm32n6xx_hal_rcc_ex.o
 .text.LL_RCC_IC14_GetDivider
                0x34184968       0x20 ./Drivers/STM32N6xx_HAL_Driver/stm32n6xx_hal_rcc_ex.o
 .text.LL_RCC_IC15_Enable
                0x34184988       0x1c ./Drivers/STM32N6xx_HAL_Driver/stm32n6xx_hal_rcc_ex.o
 .text.LL_RCC_IC15_IsEnabled
                0x341849a4       0x28 ./Drivers/STM32N6xx_HAL_Driver/stm32n6xx_hal_rcc_ex.o
 .text.LL_RCC_IC15_GetSource
                0x341849cc       0x1c ./Drivers/STM32N6xx_HAL_Driver/stm32n6xx_hal_rcc_ex.o
 .text.LL_RCC_IC15_GetDivider
                0x341849e8       0x20 ./Drivers/STM32N6xx_HAL_Driver/stm32n6xx_hal_rcc_ex.o
 .text.LL_RCC_IC16_Enable
                0x34184a08       0x1c ./Drivers/STM32N6xx_HAL_Driver/stm32n6xx_hal_rcc_ex.o
 .text.LL_RCC_IC16_IsEnabled
                0x34184a24       0x28 ./Drivers/STM32N6xx_HAL_Driver/stm32n6xx_hal_rcc_ex.o
 .text.LL_RCC_IC16_GetSource
                0x34184a4c       0x1c ./Drivers/STM32N6xx_HAL_Driver/stm32n6xx_hal_rcc_ex.o
 .text.LL_RCC_IC16_GetDivider
                0x34184a68       0x20 ./Drivers/STM32N6xx_HAL_Driver/stm32n6xx_hal_rcc_ex.o
 .text.LL_RCC_IC17_Enable
                0x34184a88       0x1c ./Drivers/STM32N6xx_HAL_Driver/stm32n6xx_hal_rcc_ex.o
 .text.LL_RCC_IC17_IsEnabled
                0x34184aa4       0x28 ./Drivers/STM32N6xx_HAL_Driver/stm32n6xx_hal_rcc_ex.o
 .text.LL_RCC_IC17_GetSource
                0x34184acc       0x1c ./Drivers/STM32N6xx_HAL_Driver/stm32n6xx_hal_rcc_ex.o
 .text.LL_RCC_IC17_GetDivider
                0x34184ae8       0x20 ./Drivers/STM32N6xx_HAL_Driver/stm32n6xx_hal_rcc_ex.o
 .text.LL_RCC_IC18_Enable
                0x34184b08       0x1c ./Drivers/STM32N6xx_HAL_Driver/stm32n6xx_hal_rcc_ex.o
 .text.LL_RCC_IC18_IsEnabled
                0x34184b24       0x28 ./Drivers/STM32N6xx_HAL_Driver/stm32n6xx_hal_rcc_ex.o
 .text.LL_RCC_IC18_GetSource
                0x34184b4c       0x1c ./Drivers/STM32N6xx_HAL_Driver/stm32n6xx_hal_rcc_ex.o
 .text.LL_RCC_IC18_GetDivider
                0x34184b68       0x20 ./Drivers/STM32N6xx_HAL_Driver/stm32n6xx_hal_rcc_ex.o
 .text.LL_RCC_IC19_Enable
                0x34184b88       0x1c ./Drivers/STM32N6xx_HAL_Driver/stm32n6xx_hal_rcc_ex.o
 .text.LL_RCC_IC19_IsEnabled
                0x34184ba4       0x28 ./Drivers/STM32N6xx_HAL_Driver/stm32n6xx_hal_rcc_ex.o
 .text.LL_RCC_IC19_GetSource
                0x34184bcc       0x1c ./Drivers/STM32N6xx_HAL_Driver/stm32n6xx_hal_rcc_ex.o
 .text.LL_RCC_IC19_GetDivider
                0x34184be8       0x20 ./Drivers/STM32N6xx_HAL_Driver/stm32n6xx_hal_rcc_ex.o
 .text.LL_RCC_IC20_Enable
                0x34184c08       0x1c ./Drivers/STM32N6xx_HAL_Driver/stm32n6xx_hal_rcc_ex.o
 .text.LL_RCC_IC20_IsEnabled
                0x34184c24       0x28 ./Drivers/STM32N6xx_HAL_Driver/stm32n6xx_hal_rcc_ex.o
 .text.LL_RCC_IC20_GetSource
                0x34184c4c       0x1c ./Drivers/STM32N6xx_HAL_Driver/stm32n6xx_hal_rcc_ex.o
 .text.LL_RCC_IC20_GetDivider
                0x34184c68       0x20 ./Drivers/STM32N6xx_HAL_Driver/stm32n6xx_hal_rcc_ex.o
 .text.LL_RCC_CLKP_Enable
                0x34184c88       0x1c ./Drivers/STM32N6xx_HAL_Driver/stm32n6xx_hal_rcc_ex.o
 .text.LL_RCC_CLKP_IsEnabled
                0x34184ca4       0x28 ./Drivers/STM32N6xx_HAL_Driver/stm32n6xx_hal_rcc_ex.o
 .text.HAL_RCCEx_PeriphCLKConfig
                0x34184ccc     0x25c8 ./Drivers/STM32N6xx_HAL_Driver/stm32n6xx_hal_rcc_ex.o
                0x34184ccc                HAL_RCCEx_PeriphCLKConfig
 .text.HAL_RCCEx_GetPeriphCLKFreq
                0x34187294      0x938 ./Drivers/STM32N6xx_HAL_Driver/stm32n6xx_hal_rcc_ex.o
                0x34187294                HAL_RCCEx_GetPeriphCLKFreq
 .text.HAL_RCCEx_GetPLL1CLKFreq
                0x34187bcc       0x8c ./Drivers/STM32N6xx_HAL_Driver/stm32n6xx_hal_rcc_ex.o
                0x34187bcc                HAL_RCCEx_GetPLL1CLKFreq
 .text.HAL_RCCEx_GetPLL2CLKFreq
                0x34187c58       0x8c ./Drivers/STM32N6xx_HAL_Driver/stm32n6xx_hal_rcc_ex.o
                0x34187c58                HAL_RCCEx_GetPLL2CLKFreq
 .text.HAL_RCCEx_GetPLL3CLKFreq
                0x34187ce4       0x8c ./Drivers/STM32N6xx_HAL_Driver/stm32n6xx_hal_rcc_ex.o
                0x34187ce4                HAL_RCCEx_GetPLL3CLKFreq
 .text.HAL_RCCEx_GetPLL4CLKFreq
                0x34187d70       0x8c ./Drivers/STM32N6xx_HAL_Driver/stm32n6xx_hal_rcc_ex.o
                0x34187d70                HAL_RCCEx_GetPLL4CLKFreq
 .text.RCCEx_GetHCLKFreq
                0x34187dfc       0x22 ./Drivers/STM32N6xx_HAL_Driver/stm32n6xx_hal_rcc_ex.o
 .text.RCCEx_GetPCLK1Freq
                0x34187e1e       0x20 ./Drivers/STM32N6xx_HAL_Driver/stm32n6xx_hal_rcc_ex.o
 .text.RCCEx_GetPCLK2Freq
                0x34187e3e       0x22 ./Drivers/STM32N6xx_HAL_Driver/stm32n6xx_hal_rcc_ex.o
 .text.RCCEx_GetPCLK4Freq
                0x34187e60       0x22 ./Drivers/STM32N6xx_HAL_Driver/stm32n6xx_hal_rcc_ex.o
 .text.RCCEx_GetPCLK5Freq
                0x34187e82       0x22 ./Drivers/STM32N6xx_HAL_Driver/stm32n6xx_hal_rcc_ex.o
 .text.RCCEx_GetPLLSourceFreq
                0x34187ea4       0xbc ./Drivers/STM32N6xx_HAL_Driver/stm32n6xx_hal_rcc_ex.o
 .text.RCCEx_CalcPLLFreq
                0x34187f60       0x98 ./Drivers/STM32N6xx_HAL_Driver/stm32n6xx_hal_rcc_ex.o
 .text.RCCEx_GetADCCLKFreq
                0x34187ff8      0x204 ./Drivers/STM32N6xx_HAL_Driver/stm32n6xx_hal_rcc_ex.o
 .text.RCCEx_GetADFCLKFreq
                0x341881fc      0x1d8 ./Drivers/STM32N6xx_HAL_Driver/stm32n6xx_hal_rcc_ex.o
 .text.RCCEx_GetCLKPCLKFreq
                0x341883d4      0x36c ./Drivers/STM32N6xx_HAL_Driver/stm32n6xx_hal_rcc_ex.o
 .text.RCCEx_GetCSICLKFreq
                0x34188740       0x98 ./Drivers/STM32N6xx_HAL_Driver/stm32n6xx_hal_rcc_ex.o
 .text.RCCEx_GetDCMIPPCLKFreq
                0x341887d8      0x114 ./Drivers/STM32N6xx_HAL_Driver/stm32n6xx_hal_rcc_ex.o
 .text.RCCEx_GetETH1CLKFreq
                0x341888ec      0x100 ./Drivers/STM32N6xx_HAL_Driver/stm32n6xx_hal_rcc_ex.o
 .text.RCCEx_GetETH1PTPCLKFreq
                0x341889ec      0x108 ./Drivers/STM32N6xx_HAL_Driver/stm32n6xx_hal_rcc_ex.o
 .text.RCCEx_GetFDCANCLKFreq
                0x34188af4      0x100 ./Drivers/STM32N6xx_HAL_Driver/stm32n6xx_hal_rcc_ex.o
 .text.RCCEx_GetFMCCLKFreq
                0x34188bf4      0x16e ./Drivers/STM32N6xx_HAL_Driver/stm32n6xx_hal_rcc_ex.o
 *fill*         0x34188d62        0x2 
 .text.RCCEx_GetI2CCLKFreq
                0x34188d64      0x350 ./Drivers/STM32N6xx_HAL_Driver/stm32n6xx_hal_rcc_ex.o
 .text.RCCEx_GetI3CCLKFreq
                0x341890b4      0x268 ./Drivers/STM32N6xx_HAL_Driver/stm32n6xx_hal_rcc_ex.o
 .text.RCCEx_GetLPTIMCLKFreq
                0x3418931c      0x354 ./Drivers/STM32N6xx_HAL_Driver/stm32n6xx_hal_rcc_ex.o
 .text.RCCEx_GetLPUARTCLKFreq
                0x34189670      0x204 ./Drivers/STM32N6xx_HAL_Driver/stm32n6xx_hal_rcc_ex.o
 .text.RCCEx_GetLTDCCLKFreq
                0x34189874      0x114 ./Drivers/STM32N6xx_HAL_Driver/stm32n6xx_hal_rcc_ex.o
 .text.RCCEx_GetMDFCLKFreq
                0x34189988      0x214 ./Drivers/STM32N6xx_HAL_Driver/stm32n6xx_hal_rcc_ex.o
 .text.RCCEx_GetPSSICLKFreq
                0x34189b9c      0x104 ./Drivers/STM32N6xx_HAL_Driver/stm32n6xx_hal_rcc_ex.o
 .text.RCCEx_GetRTCCLKFreq
                0x34189ca0       0xa4 ./Drivers/STM32N6xx_HAL_Driver/stm32n6xx_hal_rcc_ex.o
 .text.RCCEx_GetSAICLKFreq
                0x34189d44      0x2cc ./Drivers/STM32N6xx_HAL_Driver/stm32n6xx_hal_rcc_ex.o
 .text.RCCEx_GetSDMMCCLKFreq
                0x3418a010      0x1d4 ./Drivers/STM32N6xx_HAL_Driver/stm32n6xx_hal_rcc_ex.o
 .text.RCCEx_GetSPDIFRXCLKFreq
                0x3418a1e4      0x1c8 ./Drivers/STM32N6xx_HAL_Driver/stm32n6xx_hal_rcc_ex.o
 .text.RCCEx_GetSPICLKFreq
                0x3418a3ac      0x5a4 ./Drivers/STM32N6xx_HAL_Driver/stm32n6xx_hal_rcc_ex.o
 .text.RCCEx_GetUARTCLKFreq
                0x3418a950      0x454 ./Drivers/STM32N6xx_HAL_Driver/stm32n6xx_hal_rcc_ex.o
 .text.RCCEx_GetUSARTCLKFreq
                0x3418ada4      0x454 ./Drivers/STM32N6xx_HAL_Driver/stm32n6xx_hal_rcc_ex.o
 .text.RCCEx_GetOTGPHYCLKFreq
                0x3418b1f8      0x16c ./Drivers/STM32N6xx_HAL_Driver/stm32n6xx_hal_rcc_ex.o
 .text.RCCEx_GetOTGPHYCKREFCLKFreq
                0x3418b364       0xa0 ./Drivers/STM32N6xx_HAL_Driver/stm32n6xx_hal_rcc_ex.o
 .text.RCCEx_GetXSPICLKFreq
                0x3418b404      0x220 ./Drivers/STM32N6xx_HAL_Driver/stm32n6xx_hal_rcc_ex.o
 .text.LL_AHB5_GRP1_IsEnabledClock
                0x3418b624       0x30 ./Drivers/STM32N6xx_HAL_Driver/stm32n6xx_hal_xspi.o
 .text.HAL_XSPI_Init
                0x3418b654      0x220 ./Drivers/STM32N6xx_HAL_Driver/stm32n6xx_hal_xspi.o
                0x3418b654                HAL_XSPI_Init
 .text.HAL_XSPI_Command
                0x3418b874      0x120 ./Drivers/STM32N6xx_HAL_Driver/stm32n6xx_hal_xspi.o
                0x3418b874                HAL_XSPI_Command
 .text.HAL_XSPI_Transmit
                0x3418b994       0xe6 ./Drivers/STM32N6xx_HAL_Driver/stm32n6xx_hal_xspi.o
                0x3418b994                HAL_XSPI_Transmit
 .text.HAL_XSPI_Receive
                0x3418ba7a      0x146 ./Drivers/STM32N6xx_HAL_Driver/stm32n6xx_hal_xspi.o
                0x3418ba7a                HAL_XSPI_Receive
 .text.HAL_XSPI_AutoPolling
                0x3418bbc0      0x114 ./Drivers/STM32N6xx_HAL_Driver/stm32n6xx_hal_xspi.o
                0x3418bbc0                HAL_XSPI_AutoPolling
 .text.HAL_XSPI_MemoryMapped
                0x3418bcd4       0xd8 ./Drivers/STM32N6xx_HAL_Driver/stm32n6xx_hal_xspi.o
                0x3418bcd4                HAL_XSPI_MemoryMapped
 .text.HAL_XSPI_Abort
                0x3418bdac      0x10e ./Drivers/STM32N6xx_HAL_Driver/stm32n6xx_hal_xspi.o
                0x3418bdac                HAL_XSPI_Abort
 .text.HAL_XSPI_SetTimeout
                0x3418beba       0x1e ./Drivers/STM32N6xx_HAL_Driver/stm32n6xx_hal_xspi.o
                0x3418beba                HAL_XSPI_SetTimeout
 .text.HAL_XSPIM_Config
                0x3418bed8      0x258 ./Drivers/STM32N6xx_HAL_Driver/stm32n6xx_hal_xspi.o
                0x3418bed8                HAL_XSPIM_Config
 .text.XSPI_WaitFlagStateUntilTimeout
                0x3418c130       0x6c ./Drivers/STM32N6xx_HAL_Driver/stm32n6xx_hal_xspi.o
 .text.XSPI_ConfigCmd
                0x3418c19c      0x33c ./Drivers/STM32N6xx_HAL_Driver/stm32n6xx_hal_xspi.o
 .text.XSPIM_GetConfig
                0x3418c4d8       0xc8 ./Drivers/STM32N6xx_HAL_Driver/stm32n6xx_hal_xspi.o
 .text.memory_write
                0x3418c5a0       0x38 ./Middlewares/STM32_ExtMem_Loader/memory_wrapper.o
                0x3418c5a0                memory_write
 .text.memory_masserase
                0x3418c5d8       0x24 ./Middlewares/STM32_ExtMem_Loader/memory_wrapper.o
                0x3418c5d8                memory_masserase
 .text.memory_sectorerase
                0x3418c5fc       0x58 ./Middlewares/STM32_ExtMem_Loader/memory_wrapper.o
                0x3418c5fc                memory_sectorerase
 .text.memory_mapmode
                0x3418c654       0x36 ./Middlewares/STM32_ExtMem_Loader/memory_wrapper.o
                0x3418c654                memory_mapmode
 *fill*         0x3418c68a        0x2 
 .text.Reset_Handler
                0x3418c68c       0x18 ./Middlewares/STM32_ExtMem_Loader/stm32_loader_api.o
                0x3418c68c                Reset_Handler
 .text.main     0x3418c6a4       0xa0 ./Middlewares/STM32_ExtMem_Loader/stm32_loader_api.o
                0x3418c6a4                main
 .text.Init     0x3418c744       0x50 ./Middlewares/STM32_ExtMem_Loader/stm32_loader_api.o
                0x3418c744                Init
 .text.Write    0x3418c794       0x4c ./Middlewares/STM32_ExtMem_Loader/stm32_loader_api.o
                0x3418c794                Write
 .text.MassErase
                0x3418c7e0       0x44 ./Middlewares/STM32_ExtMem_Loader/stm32_loader_api.o
                0x3418c7e0                MassErase
 .text.SectorErase
                0x3418c824       0x4c ./Middlewares/STM32_ExtMem_Loader/stm32_loader_api.o
                0x3418c824                SectorErase
 .text.HAL_InitTick
                0x3418c870       0x60 ./Middlewares/STM32_ExtMem_Loader/systick_management.o
                0x3418c870                HAL_InitTick
 .text.HAL_GetTick
                0x3418c8d0       0x34 ./Middlewares/STM32_ExtMem_Loader/systick_management.o
                0x3418c8d0                HAL_GetTick
 .text.EXTMEM_Init
                0x3418c904       0xd0 ./Middlewares/STM32_ExtMem_Manager/stm32_extmem.o
                0x3418c904                EXTMEM_Init
 .text.EXTMEM_Write
                0x3418c9d4       0x78 ./Middlewares/STM32_ExtMem_Manager/stm32_extmem.o
                0x3418c9d4                EXTMEM_Write
 .text.EXTMEM_EraseSector
                0x3418ca4c      0x1d0 ./Middlewares/STM32_ExtMem_Manager/stm32_extmem.o
                0x3418ca4c                EXTMEM_EraseSector
 .text.EXTMEM_EraseAll
                0x3418cc1c       0x70 ./Middlewares/STM32_ExtMem_Manager/stm32_extmem.o
                0x3418cc1c                EXTMEM_EraseAll
 .text.EXTMEM_MemoryMappedMode
                0x3418cc8c       0xf0 ./Middlewares/STM32_ExtMem_Manager/stm32_extmem.o
                0x3418cc8c                EXTMEM_MemoryMappedMode
 .text.EXTMEM_DRIVER_PSRAM_Init
                0x3418cd7c       0xcc ./Middlewares/STM32_ExtMem_Manager/stm32_psram_driver.o
                0x3418cd7c                EXTMEM_DRIVER_PSRAM_Init
 .text.EXTMEM_DRIVER_PSRAM_Enable_MemoryMappedMode
                0x3418ce48       0x62 ./Middlewares/STM32_ExtMem_Manager/stm32_psram_driver.o
                0x3418ce48                EXTMEM_DRIVER_PSRAM_Enable_MemoryMappedMode
 .text.EXTMEM_DRIVER_PSRAM_Disable_MemoryMappedMode
                0x3418ceaa       0x2a ./Middlewares/STM32_ExtMem_Manager/stm32_psram_driver.o
                0x3418ceaa                EXTMEM_DRIVER_PSRAM_Disable_MemoryMappedMode
 .text.PSRAM_ExecuteCommand
                0x3418ced4       0xde ./Middlewares/STM32_ExtMem_Manager/stm32_psram_driver.o
                0x3418ced4                PSRAM_ExecuteCommand
 .text.SAL_XSPI_SetClock
                0x3418cfb2       0x7e ./Middlewares/STM32_ExtMem_Manager/stm32_sal_xspi.o
                0x3418cfb2                SAL_XSPI_SetClock
 .text.SAL_XSPI_Init
                0x3418d030       0x66 ./Middlewares/STM32_ExtMem_Manager/stm32_sal_xspi.o
                0x3418d030                SAL_XSPI_Init
 *fill*         0x3418d096        0x2 
 .text.SAL_XSPI_MemoryConfig
                0x3418d098      0x2a4 ./Middlewares/STM32_ExtMem_Manager/stm32_sal_xspi.o
                0x3418d098                SAL_XSPI_MemoryConfig
 .text.SAL_XSPI_GetSFDP
                0x3418d33c       0xb4 ./Middlewares/STM32_ExtMem_Manager/stm32_sal_xspi.o
                0x3418d33c                SAL_XSPI_GetSFDP
 .text.SAL_XSPI_GetId
                0x3418d3f0      0x100 ./Middlewares/STM32_ExtMem_Manager/stm32_sal_xspi.o
                0x3418d3f0                SAL_XSPI_GetId
 .text.SAL_XSPI_Read
                0x3418d4f0       0xd0 ./Middlewares/STM32_ExtMem_Manager/stm32_sal_xspi.o
                0x3418d4f0                SAL_XSPI_Read
 .text.SAL_XSPI_Write
                0x3418d5c0       0x92 ./Middlewares/STM32_ExtMem_Manager/stm32_sal_xspi.o
                0x3418d5c0                SAL_XSPI_Write
 .text.SAL_XSPI_CommandSendAddress
                0x3418d652       0x82 ./Middlewares/STM32_ExtMem_Manager/stm32_sal_xspi.o
                0x3418d652                SAL_XSPI_CommandSendAddress
 .text.SAL_XSPI_CommandSendData
                0x3418d6d4       0xa8 ./Middlewares/STM32_ExtMem_Manager/stm32_sal_xspi.o
                0x3418d6d4                SAL_XSPI_CommandSendData
 .text.SAL_XSPI_SendReadCommand
                0x3418d77c       0xa8 ./Middlewares/STM32_ExtMem_Manager/stm32_sal_xspi.o
                0x3418d77c                SAL_XSPI_SendReadCommand
 .text.SAL_XSPI_CommandSendReadAddress
                0x3418d824       0xca ./Middlewares/STM32_ExtMem_Manager/stm32_sal_xspi.o
                0x3418d824                SAL_XSPI_CommandSendReadAddress
 .text.SAL_XSPI_CheckStatusRegister
                0x3418d8ee       0xf2 ./Middlewares/STM32_ExtMem_Manager/stm32_sal_xspi.o
                0x3418d8ee                SAL_XSPI_CheckStatusRegister
 .text.SAL_XSPI_ConfigureWrappMode
                0x3418d9e0       0x78 ./Middlewares/STM32_ExtMem_Manager/stm32_sal_xspi.o
                0x3418d9e0                SAL_XSPI_ConfigureWrappMode
 .text.SAL_XSPI_EnableMapMode
                0x3418da58       0xf2 ./Middlewares/STM32_ExtMem_Manager/stm32_sal_xspi.o
                0x3418da58                SAL_XSPI_EnableMapMode
 .text.SAL_XSPI_DisableMapMode
                0x3418db4a       0x22 ./Middlewares/STM32_ExtMem_Manager/stm32_sal_xspi.o
                0x3418db4a                SAL_XSPI_DisableMapMode
 .text.SAL_XSPI_UpdateMemoryType
                0x3418db6c       0x70 ./Middlewares/STM32_ExtMem_Manager/stm32_sal_xspi.o
                0x3418db6c                SAL_XSPI_UpdateMemoryType
 .text.SAL_XSPI_Abort
                0x3418dbdc       0x1c ./Middlewares/STM32_ExtMem_Manager/stm32_sal_xspi.o
                0x3418dbdc                SAL_XSPI_Abort
 .text.XSPI_FormatCommand
                0x3418dbf8       0x52 ./Middlewares/STM32_ExtMem_Manager/stm32_sal_xspi.o
                0x3418dbf8                XSPI_FormatCommand
 .text.XSPI_Transmit
                0x3418dc4a       0x26 ./Middlewares/STM32_ExtMem_Manager/stm32_sal_xspi.o
                0x3418dc4a                XSPI_Transmit
 .text.XSPI_Receive
                0x3418dc70       0x26 ./Middlewares/STM32_ExtMem_Manager/stm32_sal_xspi.o
                0x3418dc70                XSPI_Receive
 .text.SFDP_ReadHeader
                0x3418dc96       0x7a ./Middlewares/STM32_ExtMem_Manager/stm32_sfdp_data.o
                0x3418dc96                SFDP_ReadHeader
 .text.SFDP_GetHeader
                0x3418dd10       0xbc ./Middlewares/STM32_ExtMem_Manager/stm32_sfdp_data.o
                0x3418dd10                SFDP_GetHeader
 .text.SFDP_CollectData
                0x3418ddcc      0x1b8 ./Middlewares/STM32_ExtMem_Manager/stm32_sfdp_data.o
                0x3418ddcc                SFDP_CollectData
 .text.SFDP_MemoryReset
                0x3418df84      0x1b8 ./Middlewares/STM32_ExtMem_Manager/stm32_sfdp_data.o
                0x3418df84                SFDP_MemoryReset
 .text.SFDP_BuildGenericDriver
                0x3418e13c      0xbd0 ./Middlewares/STM32_ExtMem_Manager/stm32_sfdp_data.o
                0x3418e13c                SFDP_BuildGenericDriver
 .text.driver_check_FlagBUSY
                0x3418ed0c       0x7c ./Middlewares/STM32_ExtMem_Manager/stm32_sfdp_data.o
                0x3418ed0c                driver_check_FlagBUSY
 .text.sfdp_getfrequencevalue
                0x3418ed88       0x4c ./Middlewares/STM32_ExtMem_Manager/stm32_sfdp_data.o
                0x3418ed88                sfdp_getfrequencevalue
 .text.sfdp_get_paraminfo
                0x3418edd4      0x1f8 ./Middlewares/STM32_ExtMem_Manager/stm32_sfdp_data.o
                0x3418edd4                sfdp_get_paraminfo
 .text.sfdp_enter_octal_mode
                0x3418efcc      0x1c8 ./Middlewares/STM32_ExtMem_Manager/stm32_sfdp_data.o
                0x3418efcc                sfdp_enter_octal_mode
 .text.sfdp_set_dummycycle
                0x3418f194      0x1ec ./Middlewares/STM32_ExtMem_Manager/stm32_sfdp_data.o
                0x3418f194                sfdp_set_dummycycle
 .text.JEDEC_Basic_ManageQuadEnableRequirement
                0x3418f380      0x178 ./Middlewares/STM32_ExtMem_Manager/stm32_sfdp_data.o
                0x3418f380                JEDEC_Basic_ManageQuadEnableRequirement
 .text.JEDEC_Basic_Manage4S4S4SEnableSequence
                0x3418f4f8       0x80 ./Middlewares/STM32_ExtMem_Manager/stm32_sfdp_data.o
                0x3418f4f8                JEDEC_Basic_Manage4S4S4SEnableSequence
 .text.CheckSFDP_Signature
                0x3418f578       0x54 ./Middlewares/STM32_ExtMem_Manager/stm32_sfdp_data.o
                0x3418f578                CheckSFDP_Signature
 .text.EXTMEM_DRIVER_NOR_SFDP_Init
                0x3418f5cc      0x178 ./Middlewares/STM32_ExtMem_Manager/stm32_sfdp_driver.o
                0x3418f5cc                EXTMEM_DRIVER_NOR_SFDP_Init
 .text.EXTMEM_DRIVER_NOR_SFDP_Write
                0x3418f744      0x110 ./Middlewares/STM32_ExtMem_Manager/stm32_sfdp_driver.o
                0x3418f744                EXTMEM_DRIVER_NOR_SFDP_Write
 .text.EXTMEM_DRIVER_NOR_SFDP_SectorErase
                0x3418f854      0x120 ./Middlewares/STM32_ExtMem_Manager/stm32_sfdp_driver.o
                0x3418f854                EXTMEM_DRIVER_NOR_SFDP_SectorErase
 .text.EXTMEM_DRIVER_NOR_SFDP_MassErase
                0x3418f974       0x7c ./Middlewares/STM32_ExtMem_Manager/stm32_sfdp_driver.o
                0x3418f974                EXTMEM_DRIVER_NOR_SFDP_MassErase
 .text.EXTMEM_DRIVER_NOR_SFDP_Enable_MemoryMappedMode
                0x3418f9f0       0x42 ./Middlewares/STM32_ExtMem_Manager/stm32_sfdp_driver.o
                0x3418f9f0                EXTMEM_DRIVER_NOR_SFDP_Enable_MemoryMappedMode
 .text.EXTMEM_DRIVER_NOR_SFDP_Disable_MemoryMappedMode
                0x3418fa32       0x2c ./Middlewares/STM32_ExtMem_Manager/stm32_sfdp_driver.o
                0x3418fa32                EXTMEM_DRIVER_NOR_SFDP_Disable_MemoryMappedMode
 .text.driver_set_FlagWEL
                0x3418fa5e       0x96 ./Middlewares/STM32_ExtMem_Manager/stm32_sfdp_driver.o
 .text.memset   0x3418faf4       0x10 D:/STM32/STM32CubeIDE_2.0.0/STM32CubeIDE/plugins/com.st.stm32cube.ide.mcu.externaltools.gnu-tools-for-stm32.13.3.rel1.win32_1.0.100.202509120712/tools/bin/../lib/gcc/arm-none-eabi/13.3.1/../../../../arm-none-eabi/lib/thumb/v8-m.main+dp/hard\libc_nano.a(libc_a-memset.o)
                0x3418faf4                memset
 .text.memcpy   0x3418fb04       0x1a D:/STM32/STM32CubeIDE_2.0.0/STM32CubeIDE/plugins/com.st.stm32cube.ide.mcu.externaltools.gnu-tools-for-stm32.13.3.rel1.win32_1.0.100.202509120712/tools/bin/../lib/gcc/arm-none-eabi/13.3.1/../../../../arm-none-eabi/lib/thumb/v8-m.main+dp/hard\libc_nano.a(libc_a-memcpy-stub.o)
                0x3418fb04                memcpy
 *(.glue_7)
 .glue_7        0x3418fb1e        0x0 linker stubs
 *(.glue_7t)
 .glue_7t       0x3418fb1e        0x0 linker stubs
 *(.eh_frame)
 *fill*         0x3418fb1e        0x2 
 .eh_frame      0x3418fb20        0x0 D:/STM32/STM32CubeIDE_2.0.0/STM32CubeIDE/plugins/com.st.stm32cube.ide.mcu.externaltools.gnu-tools-for-stm32.13.3.rel1.win32_1.0.100.202509120712/tools/bin/../lib/gcc/arm-none-eabi/13.3.1/thumb/v8-m.main+dp/hard/crtbegin.o
 *(.init)
 .init          0x3418fb20        0x4 D:/STM32/STM32CubeIDE_2.0.0/STM32CubeIDE/plugins/com.st.stm32cube.ide.mcu.externaltools.gnu-tools-for-stm32.13.3.rel1.win32_1.0.100.202509120712/tools/bin/../lib/gcc/arm-none-eabi/13.3.1/thumb/v8-m.main+dp/hard/crti.o
                0x3418fb20                _init
 .init          0x3418fb24        0x8 D:/STM32/STM32CubeIDE_2.0.0/STM32CubeIDE/plugins/com.st.stm32cube.ide.mcu.externaltools.gnu-tools-for-stm32.13.3.rel1.win32_1.0.100.202509120712/tools/bin/../lib/gcc/arm-none-eabi/13.3.1/thumb/v8-m.main+dp/hard/crtn.o
 *(.fini)
 .fini          0x3418fb2c        0x4 D:/STM32/STM32CubeIDE_2.0.0/STM32CubeIDE/plugins/com.st.stm32cube.ide.mcu.externaltools.gnu-tools-for-stm32.13.3.rel1.win32_1.0.100.202509120712/tools/bin/../lib/gcc/arm-none-eabi/13.3.1/thumb/v8-m.main+dp/hard/crti.o
                0x3418fb2c                _fini
 .fini          0x3418fb30        0x8 D:/STM32/STM32CubeIDE_2.0.0/STM32CubeIDE/plugins/com.st.stm32cube.ide.mcu.externaltools.gnu-tools-for-stm32.13.3.rel1.win32_1.0.100.202509120712/tools/bin/../lib/gcc/arm-none-eabi/13.3.1/thumb/v8-m.main+dp/hard/crtn.o
                0x3418fb38                        . = ALIGN (0x4)
                0x3418fb38                        _etext = .

.vfp11_veneer   0x3418fb38        0x0
 .vfp11_veneer  0x3418fb38        0x0 linker stubs

.v4_bx          0x3418fb38        0x0
 .v4_bx         0x3418fb38        0x0 linker stubs

.iplt           0x3418fb38        0x0
 .iplt          0x3418fb38        0x0 D:/STM32/STM32CubeIDE_2.0.0/STM32CubeIDE/plugins/com.st.stm32cube.ide.mcu.externaltools.gnu-tools-for-stm32.13.3.rel1.win32_1.0.100.202509120712/tools/bin/../lib/gcc/arm-none-eabi/13.3.1/thumb/v8-m.main+dp/hard/crtbegin.o

.stm32_device_info
                0x3418fb38       0xc8
 *stm32_device_info.o(.rodata*)
 .rodata.StorageInfo
                0x3418fb38       0xc8 ./Middlewares/STM32_ExtMem_Loader/stm32_device_info.o
                0x3418fb38                StorageInfo

.rodata         0x3418fc00       0x48
                0x3418fc00                        . = ALIGN (0x4)
 *(.rodata)
 .rodata        0x3418fc00       0x2a ./Middlewares/STM32_ExtMem_Manager/stm32_sfdp_data.o
 *(.rodata*)
 *fill*         0x3418fc2a        0x2 
 .rodata.condition
                0x3418fc2c        0x4 ./Middlewares/STM32_ExtMem_Loader/stm32_loader_api.o
                0x3418fc2c                condition
 .rodata.block_erase_unit.1
                0x3418fc30        0x8 ./Middlewares/STM32_ExtMem_Manager/stm32_sfdp_data.o
 .rodata.chip_erase_unit.0
                0x3418fc38       0x10 ./Middlewares/STM32_ExtMem_Manager/stm32_sfdp_data.o
                0x3418fc48                        . = ALIGN (0x4)

.rel.dyn        0x3418fc48        0x0
 .rel.iplt      0x3418fc48        0x0 D:/STM32/STM32CubeIDE_2.0.0/STM32CubeIDE/plugins/com.st.stm32cube.ide.mcu.externaltools.gnu-tools-for-stm32.13.3.rel1.win32_1.0.100.202509120712/tools/bin/../lib/gcc/arm-none-eabi/13.3.1/thumb/v8-m.main+dp/hard/crtbegin.o

._user_heap_stack
                0x3418fc48      0xa00
                0x3418fc48                        . = ALIGN (0x8)
 *fill*         0x3418fc48        0x0 
                [!provide]                        PROVIDE (end = .)
                0x3418fc48                        PROVIDE (_end = .)
                0x3418fe48                        . = (. + _Min_Heap_Size)
 *fill*         0x3418fc48      0x200 
                0x34190648                        . = (. + _Min_Stack_Size)
 *fill*         0x3418fe48      0x800 
                0x34190648                        . = ALIGN (0x8)

.ARM.attributes
                0x00000000       0x3a
 *(.ARM.attributes)
 .ARM.attributes
                0x00000000       0x24 D:/STM32/STM32CubeIDE_2.0.0/STM32CubeIDE/plugins/com.st.stm32cube.ide.mcu.externaltools.gnu-tools-for-stm32.13.3.rel1.win32_1.0.100.202509120712/tools/bin/../lib/gcc/arm-none-eabi/13.3.1/thumb/v8-m.main+dp/hard/crti.o
 .ARM.attributes
                0x00000024       0x36 D:/STM32/STM32CubeIDE_2.0.0/STM32CubeIDE/plugins/com.st.stm32cube.ide.mcu.externaltools.gnu-tools-for-stm32.13.3.rel1.win32_1.0.100.202509120712/tools/bin/../lib/gcc/arm-none-eabi/13.3.1/thumb/v8-m.main+dp/hard/crtbegin.o
 .ARM.attributes
                0x0000005a       0x3e ./Application/User/Core/extmem_manager.o
 .ARM.attributes
                0x00000098       0x3e ./Application/User/Core/extmemloader_init.o
 .ARM.attributes
                0x000000d6       0x3e ./Application/User/Core/gpio.o
 .ARM.attributes
                0x00000114       0x3e ./Application/User/Core/stm32n6xx_hal_msp.o
 .ARM.attributes
                0x00000152       0x3e ./Application/User/Core/xspi.o
 .ARM.attributes
                0x00000190       0x3e ./Application/User/Core/xspim.o
 .ARM.attributes
                0x000001ce       0x3e ./Drivers/CMSIS/system_stm32n6xx_fsbl.o
 .ARM.attributes
                0x0000020c       0x3e ./Drivers/STM32N6xx_HAL_Driver/stm32n6xx_hal.o
 .ARM.attributes
                0x0000024a       0x3e ./Drivers/STM32N6xx_HAL_Driver/stm32n6xx_hal_cortex.o
 .ARM.attributes
                0x00000288       0x3e ./Drivers/STM32N6xx_HAL_Driver/stm32n6xx_hal_dma.o
 .ARM.attributes
                0x000002c6       0x3e ./Drivers/STM32N6xx_HAL_Driver/stm32n6xx_hal_gpio.o
 .ARM.attributes
                0x00000304       0x3e ./Drivers/STM32N6xx_HAL_Driver/stm32n6xx_hal_pwr_ex.o
 .ARM.attributes
                0x00000342       0x3e ./Drivers/STM32N6xx_HAL_Driver/stm32n6xx_hal_rcc.o
 .ARM.attributes
                0x00000380       0x3e ./Drivers/STM32N6xx_HAL_Driver/stm32n6xx_hal_rcc_ex.o
 .ARM.attributes
                0x000003be       0x3e ./Drivers/STM32N6xx_HAL_Driver/stm32n6xx_hal_xspi.o
 .ARM.attributes
                0x000003fc       0x3e ./Middlewares/STM32_ExtMem_Loader/memory_wrapper.o
 .ARM.attributes
                0x0000043a       0x3e ./Middlewares/STM32_ExtMem_Loader/stm32_device_info.o
 .ARM.attributes
                0x00000478       0x3e ./Middlewares/STM32_ExtMem_Loader/stm32_loader_api.o
 .ARM.attributes
                0x000004b6       0x3e ./Middlewares/STM32_ExtMem_Loader/systick_management.o
 .ARM.attributes
                0x000004f4       0x3e ./Middlewares/STM32_ExtMem_Manager/stm32_extmem.o
 .ARM.attributes
                0x00000532       0x3e ./Middlewares/STM32_ExtMem_Manager/stm32_psram_driver.o
 .ARM.attributes
                0x00000570       0x3e ./Middlewares/STM32_ExtMem_Manager/stm32_sal_xspi.o
 .ARM.attributes
                0x000005ae       0x3e ./Middlewares/STM32_ExtMem_Manager/stm32_sfdp_data.o
 .ARM.attributes
                0x000005ec       0x3e ./Middlewares/STM32_ExtMem_Manager/stm32_sfdp_driver.o
 .ARM.attributes
                0x0000062a       0x36 D:/STM32/STM32CubeIDE_2.0.0/STM32CubeIDE/plugins/com.st.stm32cube.ide.mcu.externaltools.gnu-tools-for-stm32.13.3.rel1.win32_1.0.100.202509120712/tools/bin/../lib/gcc/arm-none-eabi/13.3.1/../../../../arm-none-eabi/lib/thumb/v8-m.main+dp/hard\libc_nano.a(libc_a-memset.o)
 .ARM.attributes
                0x00000660       0x36 D:/STM32/STM32CubeIDE_2.0.0/STM32CubeIDE/plugins/com.st.stm32cube.ide.mcu.externaltools.gnu-tools-for-stm32.13.3.rel1.win32_1.0.100.202509120712/tools/bin/../lib/gcc/arm-none-eabi/13.3.1/../../../../arm-none-eabi/lib/thumb/v8-m.main+dp/hard\libc_nano.a(libc_a-memcpy-stub.o)
 .ARM.attributes
                0x00000696       0x24 D:/STM32/STM32CubeIDE_2.0.0/STM32CubeIDE/plugins/com.st.stm32cube.ide.mcu.externaltools.gnu-tools-for-stm32.13.3.rel1.win32_1.0.100.202509120712/tools/bin/../lib/gcc/arm-none-eabi/13.3.1/thumb/v8-m.main+dp/hard/crtn.o
OUTPUT(STM32N6DK2_ExtMemLoader.elf elf32-littlearm)
LOAD linker stubs

.debug_info     0x00000000    0x1ebbe
 .debug_info    0x00000000     0x110e ./Application/User/Core/extmem_manager.o
 .debug_info    0x0000110e      0x851 ./Application/User/Core/extmemloader_init.o
 .debug_info    0x0000195f     0x100a ./Application/User/Core/gpio.o
 .debug_info    0x00002969       0xeb ./Application/User/Core/stm32n6xx_hal_msp.o
 .debug_info    0x00002a54     0x2341 ./Application/User/Core/xspi.o
 .debug_info    0x00004d95       0x9f ./Application/User/Core/xspim.o
 .debug_info    0x00004e34     0x1a83 ./Drivers/CMSIS/system_stm32n6xx_fsbl.o
 .debug_info    0x000068b7     0x2784 ./Drivers/STM32N6xx_HAL_Driver/stm32n6xx_hal.o
 .debug_info    0x0000903b     0x1490 ./Drivers/STM32N6xx_HAL_Driver/stm32n6xx_hal_cortex.o
 .debug_info    0x0000a4cb      0xbfa ./Drivers/STM32N6xx_HAL_Driver/stm32n6xx_hal_dma.o
 .debug_info    0x0000b0c5      0xafd ./Drivers/STM32N6xx_HAL_Driver/stm32n6xx_hal_gpio.o
 .debug_info    0x0000bbc2      0xd08 ./Drivers/STM32N6xx_HAL_Driver/stm32n6xx_hal_pwr_ex.o
 .debug_info    0x0000c8ca     0x2161 ./Drivers/STM32N6xx_HAL_Driver/stm32n6xx_hal_rcc.o
 .debug_info    0x0000ea2b     0x3841 ./Drivers/STM32N6xx_HAL_Driver/stm32n6xx_hal_rcc_ex.o
 .debug_info    0x0001226c     0x2bf1 ./Drivers/STM32N6xx_HAL_Driver/stm32n6xx_hal_xspi.o
 .debug_info    0x00014e5d      0x348 ./Middlewares/STM32_ExtMem_Loader/memory_wrapper.o
 .debug_info    0x000151a5      0x198 ./Middlewares/STM32_ExtMem_Loader/stm32_device_info.o
 .debug_info    0x0001533d      0x519 ./Middlewares/STM32_ExtMem_Loader/stm32_loader_api.o
 .debug_info    0x00015856      0x1df ./Middlewares/STM32_ExtMem_Loader/systick_management.o
 .debug_info    0x00015a35     0x1712 ./Middlewares/STM32_ExtMem_Manager/stm32_extmem.o
 .debug_info    0x00017147     0x108c ./Middlewares/STM32_ExtMem_Manager/stm32_psram_driver.o
 .debug_info    0x000181d3     0x1692 ./Middlewares/STM32_ExtMem_Manager/stm32_sal_xspi.o
 .debug_info    0x00019865     0x3ba0 ./Middlewares/STM32_ExtMem_Manager/stm32_sfdp_data.o
 .debug_info    0x0001d405     0x17b9 ./Middlewares/STM32_ExtMem_Manager/stm32_sfdp_driver.o

.debug_abbrev   0x00000000     0x2f7c
 .debug_abbrev  0x00000000      0x1cc ./Application/User/Core/extmem_manager.o
 .debug_abbrev  0x000001cc      0x252 ./Application/User/Core/extmemloader_init.o
 .debug_abbrev  0x0000041e      0x119 ./Application/User/Core/gpio.o
 .debug_abbrev  0x00000537       0x85 ./Application/User/Core/stm32n6xx_hal_msp.o
 .debug_abbrev  0x000005bc      0x25f ./Application/User/Core/xspi.o
 .debug_abbrev  0x0000081b       0x45 ./Application/User/Core/xspim.o
 .debug_abbrev  0x00000860      0x164 ./Drivers/CMSIS/system_stm32n6xx_fsbl.o
 .debug_abbrev  0x000009c4      0x2bc ./Drivers/STM32N6xx_HAL_Driver/stm32n6xx_hal.o
 .debug_abbrev  0x00000c80      0x316 ./Drivers/STM32N6xx_HAL_Driver/stm32n6xx_hal_cortex.o
 .debug_abbrev  0x00000f96      0x1dd ./Drivers/STM32N6xx_HAL_Driver/stm32n6xx_hal_dma.o
 .debug_abbrev  0x00001173      0x24d ./Drivers/STM32N6xx_HAL_Driver/stm32n6xx_hal_gpio.o
 .debug_abbrev  0x000013c0      0x265 ./Drivers/STM32N6xx_HAL_Driver/stm32n6xx_hal_pwr_ex.o
 .debug_abbrev  0x00001625      0x36a ./Drivers/STM32N6xx_HAL_Driver/stm32n6xx_hal_rcc.o
 .debug_abbrev  0x0000198f      0x305 ./Drivers/STM32N6xx_HAL_Driver/stm32n6xx_hal_rcc_ex.o
 .debug_abbrev  0x00001c94      0x2b7 ./Drivers/STM32N6xx_HAL_Driver/stm32n6xx_hal_xspi.o
 .debug_abbrev  0x00001f4b       0xf0 ./Middlewares/STM32_ExtMem_Loader/memory_wrapper.o
 .debug_abbrev  0x0000203b       0x86 ./Middlewares/STM32_ExtMem_Loader/stm32_device_info.o
 .debug_abbrev  0x000020c1      0x189 ./Middlewares/STM32_ExtMem_Loader/stm32_loader_api.o
 .debug_abbrev  0x0000224a      0x11f ./Middlewares/STM32_ExtMem_Loader/systick_management.o
 .debug_abbrev  0x00002369      0x28a ./Middlewares/STM32_ExtMem_Manager/stm32_extmem.o
 .debug_abbrev  0x000025f3      0x1de ./Middlewares/STM32_ExtMem_Manager/stm32_psram_driver.o
 .debug_abbrev  0x000027d1      0x269 ./Middlewares/STM32_ExtMem_Manager/stm32_sal_xspi.o
 .debug_abbrev  0x00002a3a      0x2bd ./Middlewares/STM32_ExtMem_Manager/stm32_sfdp_data.o
 .debug_abbrev  0x00002cf7      0x285 ./Middlewares/STM32_ExtMem_Manager/stm32_sfdp_driver.o

.debug_aranges  0x00000000     0x18f8
 .debug_aranges
                0x00000000       0x20 ./Application/User/Core/extmem_manager.o
 .debug_aranges
                0x00000020       0x30 ./Application/User/Core/extmemloader_init.o
 .debug_aranges
                0x00000050       0x28 ./Application/User/Core/gpio.o
 .debug_aranges
                0x00000078       0x20 ./Application/User/Core/stm32n6xx_hal_msp.o
 .debug_aranges
                0x00000098       0x50 ./Application/User/Core/xspi.o
 .debug_aranges
                0x000000e8       0x20 ./Application/User/Core/xspim.o
 .debug_aranges
                0x00000108       0x30 ./Drivers/CMSIS/system_stm32n6xx_fsbl.o
 .debug_aranges
                0x00000138      0x3c0 ./Drivers/STM32N6xx_HAL_Driver/stm32n6xx_hal.o
 .debug_aranges
                0x000004f8      0x178 ./Drivers/STM32N6xx_HAL_Driver/stm32n6xx_hal_cortex.o
 .debug_aranges
                0x00000670       0xb8 ./Drivers/STM32N6xx_HAL_Driver/stm32n6xx_hal_dma.o
 .debug_aranges
                0x00000728       0xa8 ./Drivers/STM32N6xx_HAL_Driver/stm32n6xx_hal_gpio.o
 .debug_aranges
                0x000007d0      0x260 ./Drivers/STM32N6xx_HAL_Driver/stm32n6xx_hal_pwr_ex.o
 .debug_aranges
                0x00000a30      0x2a0 ./Drivers/STM32N6xx_HAL_Driver/stm32n6xx_hal_rcc.o
 .debug_aranges
                0x00000cd0      0x758 ./Drivers/STM32N6xx_HAL_Driver/stm32n6xx_hal_rcc_ex.o
 .debug_aranges
                0x00001428      0x1a0 ./Drivers/STM32N6xx_HAL_Driver/stm32n6xx_hal_xspi.o
 .debug_aranges
                0x000015c8       0x40 ./Middlewares/STM32_ExtMem_Loader/memory_wrapper.o
 .debug_aranges
                0x00001608       0x18 ./Middlewares/STM32_ExtMem_Loader/stm32_device_info.o
 .debug_aranges
                0x00001620       0x58 ./Middlewares/STM32_ExtMem_Loader/stm32_loader_api.o
 .debug_aranges
                0x00001678       0x28 ./Middlewares/STM32_ExtMem_Loader/systick_management.o
 .debug_aranges
                0x000016a0       0x68 ./Middlewares/STM32_ExtMem_Manager/stm32_extmem.o
 .debug_aranges
                0x00001708       0x40 ./Middlewares/STM32_ExtMem_Manager/stm32_psram_driver.o
 .debug_aranges
                0x00001748       0xb8 ./Middlewares/STM32_ExtMem_Manager/stm32_sal_xspi.o
 .debug_aranges
                0x00001800       0x80 ./Middlewares/STM32_ExtMem_Manager/stm32_sfdp_data.o
 .debug_aranges
                0x00001880       0x78 ./Middlewares/STM32_ExtMem_Manager/stm32_sfdp_driver.o

.debug_rnglists
                0x00000000     0x12d1
 .debug_rnglists
                0x00000000       0x13 ./Application/User/Core/extmem_manager.o
 .debug_rnglists
                0x00000013       0x21 ./Application/User/Core/extmemloader_init.o
 .debug_rnglists
                0x00000034       0x19 ./Application/User/Core/gpio.o
 .debug_rnglists
                0x0000004d       0x13 ./Application/User/Core/stm32n6xx_hal_msp.o
 .debug_rnglists
                0x00000060       0x3b ./Application/User/Core/xspi.o
 .debug_rnglists
                0x0000009b       0x13 ./Application/User/Core/xspim.o
 .debug_rnglists
                0x000000ae       0x21 ./Drivers/CMSIS/system_stm32n6xx_fsbl.o
 .debug_rnglists
                0x000000cf      0x2ce ./Drivers/STM32N6xx_HAL_Driver/stm32n6xx_hal.o
 .debug_rnglists
                0x0000039d      0x115 ./Drivers/STM32N6xx_HAL_Driver/stm32n6xx_hal_cortex.o
 .debug_rnglists
                0x000004b2       0x91 ./Drivers/STM32N6xx_HAL_Driver/stm32n6xx_hal_dma.o
 .debug_rnglists
                0x00000543       0x80 ./Drivers/STM32N6xx_HAL_Driver/stm32n6xx_hal_gpio.o
 .debug_rnglists
                0x000005c3      0x1c9 ./Drivers/STM32N6xx_HAL_Driver/stm32n6xx_hal_pwr_ex.o
 .debug_rnglists
                0x0000078c      0x201 ./Drivers/STM32N6xx_HAL_Driver/stm32n6xx_hal_rcc.o
 .debug_rnglists
                0x0000098d      0x5a1 ./Drivers/STM32N6xx_HAL_Driver/stm32n6xx_hal_rcc_ex.o
 .debug_rnglists
                0x00000f2e      0x149 ./Drivers/STM32N6xx_HAL_Driver/stm32n6xx_hal_xspi.o
 .debug_rnglists
                0x00001077       0x2b ./Middlewares/STM32_ExtMem_Loader/memory_wrapper.o
 .debug_rnglists
                0x000010a2       0x40 ./Middlewares/STM32_ExtMem_Loader/stm32_loader_api.o
 .debug_rnglists
                0x000010e2       0x19 ./Middlewares/STM32_ExtMem_Loader/systick_management.o
 .debug_rnglists
                0x000010fb       0x4e ./Middlewares/STM32_ExtMem_Manager/stm32_extmem.o
 .debug_rnglists
                0x00001149       0x39 ./Middlewares/STM32_ExtMem_Manager/stm32_psram_driver.o
 .debug_rnglists
                0x00001182       0x90 ./Middlewares/STM32_ExtMem_Manager/stm32_sal_xspi.o
 .debug_rnglists
                0x00001212       0x64 ./Middlewares/STM32_ExtMem_Manager/stm32_sfdp_data.o
 .debug_rnglists
                0x00001276       0x5b ./Middlewares/STM32_ExtMem_Manager/stm32_sfdp_driver.o

.debug_macro    0x00000000    0x51e05
 .debug_macro   0x00000000      0x2ef ./Application/User/Core/extmem_manager.o
 .debug_macro   0x000002ef       0x2e ./Application/User/Core/extmem_manager.o
 .debug_macro   0x0000031d      0x1d3 ./Application/User/Core/extmem_manager.o
 .debug_macro   0x000004f0       0x63 ./Application/User/Core/extmem_manager.o
 .debug_macro   0x00000553       0x2e ./Application/User/Core/extmem_manager.o
 .debug_macro   0x00000581       0x6c ./Application/User/Core/extmem_manager.o
 .debug_macro   0x000005ed       0x8e ./Application/User/Core/extmem_manager.o
 .debug_macro   0x0000067b       0x51 ./Application/User/Core/extmem_manager.o
 .debug_macro   0x000006cc       0x1c ./Application/User/Core/extmem_manager.o
 .debug_macro   0x000006e8       0x28 ./Application/User/Core/extmem_manager.o
 .debug_macro   0x00000710      0x110 ./Application/User/Core/extmem_manager.o
 .debug_macro   0x00000820     0x2dc3 ./Application/User/Core/extmem_manager.o
 .debug_macro   0x000035e3       0x64 ./Application/User/Core/extmem_manager.o
 .debug_macro   0x00003647      0x346 ./Application/User/Core/extmem_manager.o
 .debug_macro   0x0000398d       0x97 ./Application/User/Core/extmem_manager.o
 .debug_macro   0x00003a24       0x22 ./Application/User/Core/extmem_manager.o
 .debug_macro   0x00003a46    0x3e96c ./Application/User/Core/extmem_manager.o
 .debug_macro   0x000423b2       0x6c ./Application/User/Core/extmem_manager.o
 .debug_macro   0x0004241e     0x346a ./Application/User/Core/extmem_manager.o
 .debug_macro   0x00045888       0x61 ./Application/User/Core/extmem_manager.o
 .debug_macro   0x000458e9      0x19b ./Application/User/Core/extmem_manager.o
 .debug_macro   0x00045a84       0x72 ./Application/User/Core/extmem_manager.o
 .debug_macro   0x00045af6      0x47a ./Application/User/Core/extmem_manager.o
 .debug_macro   0x00045f70     0x10fe ./Application/User/Core/extmem_manager.o
 .debug_macro   0x0004706e     0x27e2 ./Application/User/Core/extmem_manager.o
 .debug_macro   0x00049850      0xfcd ./Application/User/Core/extmem_manager.o
 .debug_macro   0x0004a81d      0x1af ./Application/User/Core/extmem_manager.o
 .debug_macro   0x0004a9cc      0x2c9 ./Application/User/Core/extmem_manager.o
 .debug_macro   0x0004ac95      0x2c4 ./Application/User/Core/extmem_manager.o
 .debug_macro   0x0004af59      0xa36 ./Application/User/Core/extmem_manager.o
 .debug_macro   0x0004b98f      0x7b2 ./Application/User/Core/extmem_manager.o
 .debug_macro   0x0004c141       0xeb ./Application/User/Core/extmem_manager.o
 .debug_macro   0x0004c22c      0x216 ./Application/User/Core/extmem_manager.o
 .debug_macro   0x0004c442      0x36b ./Application/User/Core/extmem_manager.o
 .debug_macro   0x0004c7ad      0x303 ./Application/User/Core/extmem_manager.o
 .debug_macro   0x0004cab0      0x46a ./Application/User/Core/extmem_manager.o
 .debug_macro   0x0004cf1a      0x72d ./Application/User/Core/extmem_manager.o
 .debug_macro   0x0004d647      0x5e6 ./Application/User/Core/extmem_manager.o
 .debug_macro   0x0004dc2d       0x10 ./Application/User/Core/extmem_manager.o
 .debug_macro   0x0004dc3d       0x22 ./Application/User/Core/extmem_manager.o
 .debug_macro   0x0004dc5f       0x2e ./Application/User/Core/extmem_manager.o
 .debug_macro   0x0004dc8d       0x10 ./Application/User/Core/extmem_manager.o
 .debug_macro   0x0004dc9d       0x34 ./Application/User/Core/extmem_manager.o
 .debug_macro   0x0004dcd1       0x16 ./Application/User/Core/extmem_manager.o
 .debug_macro   0x0004dce7       0x20 ./Application/User/Core/extmem_manager.o
 .debug_macro   0x0004dd07      0x34f ./Application/User/Core/extmemloader_init.o
 .debug_macro   0x0004e056       0x1c ./Application/User/Core/extmemloader_init.o
 .debug_macro   0x0004e072      0x28d ./Application/User/Core/gpio.o
 .debug_macro   0x0004e2ff      0x283 ./Application/User/Core/stm32n6xx_hal_msp.o
 .debug_macro   0x0004e582      0x28d ./Application/User/Core/xspi.o
 .debug_macro   0x0004e80f      0x28d ./Application/User/Core/xspim.o
 .debug_macro   0x0004ea9c      0x28c ./Drivers/CMSIS/system_stm32n6xx_fsbl.o
 .debug_macro   0x0004ed28      0x27f ./Drivers/STM32N6xx_HAL_Driver/stm32n6xx_hal.o
 .debug_macro   0x0004efa7      0x27a ./Drivers/STM32N6xx_HAL_Driver/stm32n6xx_hal_cortex.o
 .debug_macro   0x0004f221      0x27a ./Drivers/STM32N6xx_HAL_Driver/stm32n6xx_hal_dma.o
 .debug_macro   0x0004f49b      0x280 ./Drivers/STM32N6xx_HAL_Driver/stm32n6xx_hal_gpio.o
 .debug_macro   0x0004f71b      0x2c7 ./Drivers/STM32N6xx_HAL_Driver/stm32n6xx_hal_pwr_ex.o
 .debug_macro   0x0004f9e2      0x2fd ./Drivers/STM32N6xx_HAL_Driver/stm32n6xx_hal_rcc.o
 .debug_macro   0x0004fcdf      0x279 ./Drivers/STM32N6xx_HAL_Driver/stm32n6xx_hal_rcc_ex.o
 .debug_macro   0x0004ff58      0x2c0 ./Drivers/STM32N6xx_HAL_Driver/stm32n6xx_hal_xspi.o
 .debug_macro   0x00050218      0x2dc ./Middlewares/STM32_ExtMem_Loader/memory_wrapper.o
 .debug_macro   0x000504f4       0x46 ./Middlewares/STM32_ExtMem_Loader/memory_wrapper.o
 .debug_macro   0x0005053a      0x2dd ./Middlewares/STM32_ExtMem_Loader/stm32_device_info.o
 .debug_macro   0x00050817       0x4c ./Middlewares/STM32_ExtMem_Loader/stm32_device_info.o
 .debug_macro   0x00050863      0x35a ./Middlewares/STM32_ExtMem_Loader/stm32_loader_api.o
 .debug_macro   0x00050bbd       0x10 ./Middlewares/STM32_ExtMem_Loader/stm32_loader_api.o
 .debug_macro   0x00050bcd      0x2ce ./Middlewares/STM32_ExtMem_Loader/systick_management.o
 .debug_macro   0x00050e9b      0x2ec ./Middlewares/STM32_ExtMem_Manager/stm32_extmem.o
 .debug_macro   0x00051187      0x2dc ./Middlewares/STM32_ExtMem_Manager/stm32_psram_driver.o
 .debug_macro   0x00051463      0x2fa ./Middlewares/STM32_ExtMem_Manager/stm32_sal_xspi.o
 .debug_macro   0x0005175d      0x371 ./Middlewares/STM32_ExtMem_Manager/stm32_sfdp_data.o
 .debug_macro   0x00051ace      0x337 ./Middlewares/STM32_ExtMem_Manager/stm32_sfdp_driver.o

.debug_line     0x00000000    0x1b0e9
 .debug_line    0x00000000      0xa63 ./Application/User/Core/extmem_manager.o
 .debug_line    0x00000a63      0xcbb ./Application/User/Core/extmemloader_init.o
 .debug_line    0x0000171e      0x8ed ./Application/User/Core/gpio.o
 .debug_line    0x0000200b      0x8d2 ./Application/User/Core/stm32n6xx_hal_msp.o
 .debug_line    0x000028dd      0xac4 ./Application/User/Core/xspi.o
 .debug_line    0x000033a1      0x8c7 ./Application/User/Core/xspim.o
 .debug_line    0x00003c68      0xba5 ./Drivers/CMSIS/system_stm32n6xx_fsbl.o
 .debug_line    0x0000480d     0x1616 ./Drivers/STM32N6xx_HAL_Driver/stm32n6xx_hal.o
 .debug_line    0x00005e23      0xfec ./Drivers/STM32N6xx_HAL_Driver/stm32n6xx_hal_cortex.o
 .debug_line    0x00006e0f     0x17cc ./Drivers/STM32N6xx_HAL_Driver/stm32n6xx_hal_dma.o
 .debug_line    0x000085db     0x106e ./Drivers/STM32N6xx_HAL_Driver/stm32n6xx_hal_gpio.o
 .debug_line    0x00009649     0x1358 ./Drivers/STM32N6xx_HAL_Driver/stm32n6xx_hal_pwr_ex.o
 .debug_line    0x0000a9a1     0x21d9 ./Drivers/STM32N6xx_HAL_Driver/stm32n6xx_hal_rcc.o
 .debug_line    0x0000cb7a     0x4811 ./Drivers/STM32N6xx_HAL_Driver/stm32n6xx_hal_rcc_ex.o
 .debug_line    0x0001138b     0x1bbe ./Drivers/STM32N6xx_HAL_Driver/stm32n6xx_hal_xspi.o
 .debug_line    0x00012f49      0xb16 ./Middlewares/STM32_ExtMem_Loader/memory_wrapper.o
 .debug_line    0x00013a5f      0xa58 ./Middlewares/STM32_ExtMem_Loader/stm32_device_info.o
 .debug_line    0x000144b7      0xdf1 ./Middlewares/STM32_ExtMem_Loader/stm32_loader_api.o
 .debug_line    0x000152a8      0xaa3 ./Middlewares/STM32_ExtMem_Loader/systick_management.o
 .debug_line    0x00015d4b      0xe81 ./Middlewares/STM32_ExtMem_Manager/stm32_extmem.o
 .debug_line    0x00016bcc      0xbed ./Middlewares/STM32_ExtMem_Manager/stm32_psram_driver.o
 .debug_line    0x000177b9     0x1060 ./Middlewares/STM32_ExtMem_Manager/stm32_sal_xspi.o
 .debug_line    0x00018819     0x1938 ./Middlewares/STM32_ExtMem_Manager/stm32_sfdp_data.o
 .debug_line    0x0001a151      0xf98 ./Middlewares/STM32_ExtMem_Manager/stm32_sfdp_driver.o

.debug_str      0x00000000   0x20b072
 .debug_str     0x00000000   0x20b072 ./Application/User/Core/extmem_manager.o
                             0x1ffa75 (size before relaxing)
 .debug_str     0x0020b072        0x0 ./Application/User/Core/extmemloader_init.o
                             0x1ff6d9 (size before relaxing)
 .debug_str     0x0020b072        0x0 ./Application/User/Core/gpio.o
                             0x1ff171 (size before relaxing)
 .debug_str     0x0020b072        0x0 ./Application/User/Core/stm32n6xx_hal_msp.o
                             0x1fe722 (size before relaxing)
 .debug_str     0x0020b072        0x0 ./Application/User/Core/xspi.o
                             0x1ffdf3 (size before relaxing)
 .debug_str     0x0020b072        0x0 ./Application/User/Core/xspim.o
                             0x1fe69a (size before relaxing)
 .debug_str     0x0020b072        0x0 ./Drivers/CMSIS/system_stm32n6xx_fsbl.o
                             0x1ff53f (size before relaxing)
 .debug_str     0x0020b072        0x0 ./Drivers/STM32N6xx_HAL_Driver/stm32n6xx_hal.o
                             0x200dbc (size before relaxing)
 .debug_str     0x0020b072        0x0 ./Drivers/STM32N6xx_HAL_Driver/stm32n6xx_hal_cortex.o
                             0x1ff8e9 (size before relaxing)
 .debug_str     0x0020b072        0x0 ./Drivers/STM32N6xx_HAL_Driver/stm32n6xx_hal_dma.o
                             0x1feeb3 (size before relaxing)
 .debug_str     0x0020b072        0x0 ./Drivers/STM32N6xx_HAL_Driver/stm32n6xx_hal_gpio.o
                             0x1feb45 (size before relaxing)
 .debug_str     0x0020b072        0x0 ./Drivers/STM32N6xx_HAL_Driver/stm32n6xx_hal_pwr_ex.o
                             0x1ff37f (size before relaxing)
 .debug_str     0x0020b072        0x0 ./Drivers/STM32N6xx_HAL_Driver/stm32n6xx_hal_rcc.o
                             0x20004f (size before relaxing)
 .debug_str     0x0020b072        0x0 ./Drivers/STM32N6xx_HAL_Driver/stm32n6xx_hal_rcc_ex.o
                             0x201044 (size before relaxing)
 .debug_str     0x0020b072        0x0 ./Drivers/STM32N6xx_HAL_Driver/stm32n6xx_hal_xspi.o
                             0x200179 (size before relaxing)
 .debug_str     0x0020b072        0x0 ./Middlewares/STM32_ExtMem_Loader/memory_wrapper.o
                             0x1fef8f (size before relaxing)
 .debug_str     0x0020b072        0x0 ./Middlewares/STM32_ExtMem_Loader/stm32_device_info.o
                             0x1fee9d (size before relaxing)
 .debug_str     0x0020b072        0x0 ./Middlewares/STM32_ExtMem_Loader/stm32_loader_api.o
                             0x1ff7da (size before relaxing)
 .debug_str     0x0020b072        0x0 ./Middlewares/STM32_ExtMem_Loader/systick_management.o
                             0x1fee48 (size before relaxing)
 .debug_str     0x0020b072        0x0 ./Middlewares/STM32_ExtMem_Manager/stm32_extmem.o
                             0x20020d (size before relaxing)
 .debug_str     0x0020b072        0x0 ./Middlewares/STM32_ExtMem_Manager/stm32_psram_driver.o
                             0x1ff98a (size before relaxing)
 .debug_str     0x0020b072        0x0 ./Middlewares/STM32_ExtMem_Manager/stm32_sal_xspi.o
                             0x1ff9a8 (size before relaxing)
 .debug_str     0x0020b072        0x0 ./Middlewares/STM32_ExtMem_Manager/stm32_sfdp_data.o
                             0x2027fb (size before relaxing)
 .debug_str     0x0020b072        0x0 ./Middlewares/STM32_ExtMem_Manager/stm32_sfdp_driver.o
                             0x20029e (size before relaxing)

.comment        0x00000000       0x43
 .comment       0x00000000       0x43 ./Application/User/Core/extmem_manager.o
                                 0x44 (size before relaxing)
 .comment       0x00000043        0x0 ./Application/User/Core/extmemloader_init.o
                                 0x44 (size before relaxing)
 .comment       0x00000043        0x0 ./Application/User/Core/gpio.o
                                 0x44 (size before relaxing)
 .comment       0x00000043        0x0 ./Application/User/Core/stm32n6xx_hal_msp.o
                                 0x44 (size before relaxing)
 .comment       0x00000043        0x0 ./Application/User/Core/xspi.o
                                 0x44 (size before relaxing)
 .comment       0x00000043        0x0 ./Application/User/Core/xspim.o
                                 0x44 (size before relaxing)
 .comment       0x00000043        0x0 ./Drivers/CMSIS/system_stm32n6xx_fsbl.o
                                 0x44 (size before relaxing)
 .comment       0x00000043        0x0 ./Drivers/STM32N6xx_HAL_Driver/stm32n6xx_hal.o
                                 0x44 (size before relaxing)
 .comment       0x00000043        0x0 ./Drivers/STM32N6xx_HAL_Driver/stm32n6xx_hal_cortex.o
                                 0x44 (size before relaxing)
 .comment       0x00000043        0x0 ./Drivers/STM32N6xx_HAL_Driver/stm32n6xx_hal_dma.o
                                 0x44 (size before relaxing)
 .comment       0x00000043        0x0 ./Drivers/STM32N6xx_HAL_Driver/stm32n6xx_hal_gpio.o
                                 0x44 (size before relaxing)
 .comment       0x00000043        0x0 ./Drivers/STM32N6xx_HAL_Driver/stm32n6xx_hal_pwr_ex.o
                                 0x44 (size before relaxing)
 .comment       0x00000043        0x0 ./Drivers/STM32N6xx_HAL_Driver/stm32n6xx_hal_rcc.o
                                 0x44 (size before relaxing)
 .comment       0x00000043        0x0 ./Drivers/STM32N6xx_HAL_Driver/stm32n6xx_hal_rcc_ex.o
                                 0x44 (size before relaxing)
 .comment       0x00000043        0x0 ./Drivers/STM32N6xx_HAL_Driver/stm32n6xx_hal_xspi.o
                                 0x44 (size before relaxing)
 .comment       0x00000043        0x0 ./Middlewares/STM32_ExtMem_Loader/memory_wrapper.o
                                 0x44 (size before relaxing)