D:/STM32/STM32CubeIDE/STM32N6DK2/Middlewares/ST/STM32_ExtMem_Manager/nor_sfdp/stm32_sfdp_data.c:1078:20:SFDP_ReadHeader	24	static
D:/STM32/STM32CubeIDE/STM32N6DK2/Middlewares/ST/STM32_ExtMem_Manager/nor_sfdp/stm32_sfdp_data.c:1123:20:SFDP_GetHeader	48	static
D:/STM32/STM32CubeIDE/STM32N6DK2/Middlewares/ST/STM32_ExtMem_Manager/nor_sfdp/stm32_sfdp_data.c:1174:20:SFDP_CollectData	40	static
D:/STM32/STM32CubeIDE/STM32N6DK2/Middlewares/ST/STM32_ExtMem_Manager/nor_sfdp/stm32_sfdp_data.c:1243:20:SFDP_MemoryReset	32	static
D:/STM32/STM32CubeIDE/STM32N6DK2/Middlewares/ST/STM32_ExtMem_Manager/nor_sfdp/stm32_sfdp_data.c:1377:20:SFDP_BuildGenericDriver	80	static
D:/STM32/STM32CubeIDE/STM32N6DK2/Middlewares/ST/STM32_ExtMem_Manager/nor_sfdp/stm32_sfdp_data.c:2010:38:driver_check_FlagBUSY	56	static
D:/STM32/STM32CubeIDE/STM32N6DK2/Middlewares/ST/STM32_ExtMem_Manager/nor_sfdp/stm32_sfdp_data.c:2043:10:sfdp_getfrequencevalue	56	static
D:/STM32/STM32CubeIDE/STM32N6DK2/Middlewares/ST/STM32_ExtMem_Manager/nor_sfdp/stm32_sfdp_data.c:2062:20:sfdp_get_paraminfo	40	static
D:/STM32/STM32CubeIDE/STM32N6DK2/Middlewares/ST/STM32_ExtMem_Manager/nor_sfdp/stm32_sfdp_data.c:2198:20:sfdp_enter_octal_mode	32	static
D:/STM32/STM32CubeIDE/STM32N6DK2/Middlewares/ST/STM32_ExtMem_Manager/nor_sfdp/stm32_sfdp_data.c:2314:20:sfdp_set_dummycycle	64	static
D:/STM32/STM32CubeIDE/STM32N6DK2/Middlewares/ST/STM32_ExtMem_Manager/nor_sfdp/stm32_sfdp_data.c:2421:20:JEDEC_Basic_ManageQuadEnableRequirement	24	static
D:/STM32/STM32CubeIDE/STM32N6DK2/Middlewares/ST/STM32_ExtMem_Manager/nor_sfdp/stm32_sfdp_data.c:2541:20:JEDEC_Basic_Manage4S4S4SEnableSequence	24	static
D:/STM32/STM32CubeIDE/STM32N6DK2/Middlewares/ST/STM32_ExtMem_Manager/nor_sfdp/stm32_sfdp_data.c:2595:20:CheckSFDP_Signature	24	static
