D:/STM32/STM32CubeIDE/STM32N6DK2/Middlewares/ST/STM32_ExtMem_Manager/sal/stm32_sal_xspi.c:164:19:SAL_XSPI_SetClock	32	static
D:/STM32/STM32CubeIDE/STM32N6DK2/Middlewares/ST/STM32_ExtMem_Manager/sal/stm32_sal_xspi.c:200:19:SAL_XSPI_Init	96	static
D:/STM32/STM32CubeIDE/STM32N6DK2/Middlewares/ST/STM32_ExtMem_Manager/sal/stm32_sal_xspi.c:240:19:SAL_XSPI_MemoryConfig	104	static
D:/STM32/STM32CubeIDE/STM32N6DK2/Middlewares/ST/STM32_ExtMem_Manager/sal/stm32_sal_xspi.c:398:19:SAL_XSPI_GetSFDP	104	static
D:/STM32/STM32CubeIDE/STM32N6DK2/Middlewares/ST/STM32_ExtMem_Manager/sal/stm32_sal_xspi.c:446:19:SAL_XSPI_GetId	104	static
D:/STM32/STM32CubeIDE/STM32N6DK2/Middlewares/ST/STM32_ExtMem_Manager/sal/stm32_sal_xspi.c:518:19:SAL_XSPI_Read	104	static
D:/STM32/STM32CubeIDE/STM32N6DK2/Middlewares/ST/STM32_ExtMem_Manager/sal/stm32_sal_xspi.c:572:19:SAL_XSPI_Write	104	static
D:/STM32/STM32CubeIDE/STM32N6DK2/Middlewares/ST/STM32_ExtMem_Manager/sal/stm32_sal_xspi.c:604:19:SAL_XSPI_CommandSendAddress	104	static
D:/STM32/STM32CubeIDE/STM32N6DK2/Middlewares/ST/STM32_ExtMem_Manager/sal/stm32_sal_xspi.c:633:19:SAL_XSPI_CommandSendData	104	static
D:/STM32/STM32CubeIDE/STM32N6DK2/Middlewares/ST/STM32_ExtMem_Manager/sal/stm32_sal_xspi.c:668:19:SAL_XSPI_SendReadCommand	104	static
D:/STM32/STM32CubeIDE/STM32N6DK2/Middlewares/ST/STM32_ExtMem_Manager/sal/stm32_sal_xspi.c:704:19:SAL_XSPI_CommandSendReadAddress	104	static
D:/STM32/STM32CubeIDE/STM32N6DK2/Middlewares/ST/STM32_ExtMem_Manager/sal/stm32_sal_xspi.c:750:19:SAL_XSPI_CheckStatusRegister	128	static
D:/STM32/STM32CubeIDE/STM32N6DK2/Middlewares/ST/STM32_ExtMem_Manager/sal/stm32_sal_xspi.c:809:19:SAL_XSPI_ConfigureWrappMode	96	static
D:/STM32/STM32CubeIDE/STM32N6DK2/Middlewares/ST/STM32_ExtMem_Manager/sal/stm32_sal_xspi.c:835:19:SAL_XSPI_EnableMapMode	112	static
D:/STM32/STM32CubeIDE/STM32N6DK2/Middlewares/ST/STM32_ExtMem_Manager/sal/stm32_sal_xspi.c:879:19:SAL_XSPI_DisableMapMode	16	static,ignoring_inline_asm
D:/STM32/STM32CubeIDE/STM32N6DK2/Middlewares/ST/STM32_ExtMem_Manager/sal/stm32_sal_xspi.c:886:19:SAL_XSPI_UpdateMemoryType	24	static
D:/STM32/STM32CubeIDE/STM32N6DK2/Middlewares/ST/STM32_ExtMem_Manager/sal/stm32_sal_xspi.c:914:19:SAL_XSPI_Abort	16	static
D:/STM32/STM32CubeIDE/STM32N6DK2/Middlewares/ST/STM32_ExtMem_Manager/sal/stm32_sal_xspi.c:934:10:XSPI_FormatCommand	24	static
D:/STM32/STM32CubeIDE/STM32N6DK2/Middlewares/ST/STM32_ExtMem_Manager/sal/stm32_sal_xspi.c:967:19:XSPI_Transmit	24	static
D:/STM32/STM32CubeIDE/STM32N6DK2/Middlewares/ST/STM32_ExtMem_Manager/sal/stm32_sal_xspi.c:1009:19:XSPI_Receive	24	static
