../../../Drivers/STM32N6xx_HAL_Driver/Inc/stm32n6xx_ll_bus.h:1407:22:LL_AHB4_GRP1_EnableClock	24	static
../../../Drivers/STM32N6xx_HAL_Driver/Inc/stm32n6xx_ll_bus.h:1755:22:LL_AHB5_GRP1_EnableClock	24	static
../../../Drivers/STM32N6xx_HAL_Driver/Inc/stm32n6xx_ll_bus.h:1891:22:LL_AHB5_GRP1_DisableClock	16	static
../../../Drivers/STM32N6xx_HAL_Driver/Inc/stm32n6xx_ll_bus.h:1945:22:LL_AHB5_GRP1_ForceReset	16	static
../../../Drivers/STM32N6xx_HAL_Driver/Inc/stm32n6xx_ll_bus.h:1999:22:LL_AHB5_GRP1_ReleaseReset	16	static
../Drivers/STM32N6570-DK/stm32n6570_discovery_xspi.c:200:9:BSP_XSPI_NOR_Init	96	static,ignoring_inline_asm
../Drivers/STM32N6570-DK/stm32n6570_discovery_xspi.c:282:9:BSP_XSPI_NOR_DeInit	24	static
../Drivers/STM32N6570-DK/stm32n6570_discovery_xspi.c:338:26:MX_XSPI_NOR_Init	16	static
../Drivers/STM32N6570-DK/stm32n6570_discovery_xspi.c:456:9:BSP_XSPI_NOR_Read	40	static
../Drivers/STM32N6570-DK/stm32n6570_discovery_xspi.c:508:9:BSP_XSPI_NOR_Write	64	static
../Drivers/STM32N6570-DK/stm32n6570_discovery_xspi.c:607:9:BSP_XSPI_NOR_Erase_Block	48	static
../Drivers/STM32N6570-DK/stm32n6570_discovery_xspi.c:650:9:BSP_XSPI_NOR_Erase_Chip	32	static
../Drivers/STM32N6570-DK/stm32n6570_discovery_xspi.c:692:9:BSP_XSPI_NOR_GetStatus	32	static
../Drivers/STM32N6570-DK/stm32n6570_discovery_xspi.c:742:9:BSP_XSPI_NOR_GetInfo	24	static
../Drivers/STM32N6570-DK/stm32n6570_discovery_xspi.c:765:9:BSP_XSPI_NOR_EnableMemoryMappedMode	24	static
../Drivers/STM32N6570-DK/stm32n6570_discovery_xspi.c:817:9:BSP_XSPI_NOR_DisableMemoryMappedMode	24	static
../Drivers/STM32N6570-DK/stm32n6570_discovery_xspi.c:853:9:BSP_XSPI_NOR_ReadID	32	static
../Drivers/STM32N6570-DK/stm32n6570_discovery_xspi.c:885:9:BSP_XSPI_NOR_ConfigFlash	24	static
../Drivers/STM32N6570-DK/stm32n6570_discovery_xspi.c:967:9:BSP_XSPI_NOR_SuspendErase	32	static
../Drivers/STM32N6570-DK/stm32n6570_discovery_xspi.c:1004:9:BSP_XSPI_NOR_ResumeErase	32	static
../Drivers/STM32N6570-DK/stm32n6570_discovery_xspi.c:1046:9:BSP_XSPI_NOR_EnterDeepPowerDown	32	static
../Drivers/STM32N6570-DK/stm32n6570_discovery_xspi.c:1076:9:BSP_XSPI_NOR_LeaveDeepPowerDown	32	static
../Drivers/STM32N6570-DK/stm32n6570_discovery_xspi.c:1116:9:BSP_XSPI_RAM_Init	40	static
../Drivers/STM32N6570-DK/stm32n6570_discovery_xspi.c:1184:9:BSP_XSPI_RAM_DeInit	24	static
../Drivers/STM32N6570-DK/stm32n6570_discovery_xspi.c:1241:26:MX_XSPI_RAM_Init	24	static
../Drivers/STM32N6570-DK/stm32n6570_discovery_xspi.c:1358:9:BSP_XSPI_RAM_Read	48	static
../Drivers/STM32N6570-DK/stm32n6570_discovery_xspi.c:1387:9:BSP_XSPI_RAM_Write	48	static
../Drivers/STM32N6570-DK/stm32n6570_discovery_xspi.c:1413:9:BSP_XSPI_RAM_EnableMemoryMappedMode	32	static
../Drivers/STM32N6570-DK/stm32n6570_discovery_xspi.c:1440:9:BSP_XSPI_RAM_DisableMemoryMappedMode	24	static
../Drivers/STM32N6570-DK/stm32n6570_discovery_xspi.c:1478:9:BSP_XSPI_RAM_ReadID	24	static
../Drivers/STM32N6570-DK/stm32n6570_discovery_xspi.c:1515:13:XSPI_NOR_MspInit	40	static
../Drivers/STM32N6570-DK/stm32n6570_discovery_xspi.c:1612:13:XSPI_NOR_MspDeInit	16	static
../Drivers/STM32N6570-DK/stm32n6570_discovery_xspi.c:1643:16:XSPI_NOR_ResetMemory	24	static
../Drivers/STM32N6570-DK/stm32n6570_discovery_xspi.c:1696:16:XSPI_NOR_EnterDOPIMode	40	static
../Drivers/STM32N6570-DK/stm32n6570_discovery_xspi.c:1769:16:XSPI_NOR_EnterSOPIMode	40	static
../Drivers/STM32N6570-DK/stm32n6570_discovery_xspi.c:1835:16:XSPI_NOR_ExitOPIMode	40	static
../Drivers/STM32N6570-DK/stm32n6570_discovery_xspi.c:1917:13:XSPI_RAM_MspInit	40	static
../Drivers/STM32N6570-DK/stm32n6570_discovery_xspi.c:2067:13:XSPI_RAM_MspDeInit	16	static
