00:52:27 **** Incremental Build of configuration Debug for project STM32N6DK2_FSBL ****
make -j8 all 
arm-none-eabi-gcc "D:/STM32/STM32CubeIDE/STM32N6DK2/Middlewares/ST/STM32_ExtMem_Manager/boot/stm32_boot_xip.c" -mcpu=cortex-m55 -std=gnu11 -g3 -DDEBUG -DUSE_HAL_DRIVER -DSTM32N657xx -c -I../../../FSBL/Core/Inc -I../../../Drivers/STM32N6xx_HAL_Driver/Inc -I../../../Drivers/CMSIS/Device/ST/STM32N6xx/Include -I../../../Drivers/STM32N6xx_HAL_Driver/Inc/Legacy -I../../../Middlewares/ST/STM32_ExtMem_Manager -I../../../Middlewares/ST/STM32_ExtMem_Manager/sal -I../../../Middlewares/ST/STM32_ExtMem_Manager/nor_sfdp -I../../../Middlewares/ST/STM32_ExtMem_Manager/psram -I../../../Middlewares/ST/STM32_ExtMem_Manager/sdcard -I../../../Middlewares/ST/STM32_ExtMem_Manager/user -I../../../Drivers/CMSIS/Include -I"D:/STM32/STM32CubeIDE/STM32N6DK2/STM32CubeIDE/FSBL/Drivers/Common" -I"D:/STM32/STM32CubeIDE/STM32N6DK2/STM32CubeIDE/FSBL/Drivers/STM32N6570-DK" -I"D:/STM32/STM32CubeIDE/STM32N6DK2/STM32CubeIDE/FSBL/Utilities/lcd" -I"D:/STM32/STM32CubeIDE/STM32N6DK2/STM32CubeIDE/FSBL/Middlewares/Camera_Middleware/sensors" -I"D:/STM32/STM32CubeIDE/STM32N6DK2/STM32CubeIDE/FSBL/Middlewares/Camera_Middleware/sensors/imx335" -I"D:/STM32/STM32CubeIDE/STM32N6DK2/STM32CubeIDE/FSBL/Middlewares/Camera_Middleware/sensors/vd6g" -I"D:/STM32/STM32CubeIDE/STM32N6DK2/STM32CubeIDE/FSBL/Middlewares/Camera_Middleware/sensors/vd55g1" -I"D:/STM32/STM32CubeIDE/STM32N6DK2/STM32CubeIDE/FSBL/Middlewares/Camera_Middleware/ISP_Library/evision/Inc" -I"D:/STM32/STM32CubeIDE/STM32N6DK2/STM32CubeIDE/FSBL/Middlewares/Camera_Middleware/ISP_Library/isp/Inc" -I"D:/STM32/STM32CubeIDE/STM32N6DK2/STM32CubeIDE/FSBL/Middlewares/Camera_Middleware" -I"C:/Users/Lenovo/STM32Cube/Repository/STM32Cube_FW_N6_V1.2.0/Drivers/CMSIS/DSP/Include" -I../../../Middlewares/ST/STM32_ExtMem_Manager/boot -O0 -ffunction-sections -fdata-sections -Wall -fstack-usage -fcyclomatic-complexity -mcmse -MMD -MP -MF"Middlewares/STM32_ExtMem_Manager/stm32_boot_xip.d" -MT"Middlewares/STM32_ExtMem_Manager/stm32_boot_xip.o" --specs=nano.specs -mfpu=fpv5-d16 -mfloat-abi=hard -mthumb -o "Middlewares/STM32_ExtMem_Manager/stm32_boot_xip.o"
arm-none-eabi-gcc "D:/STM32/STM32CubeIDE/STM32N6DK2/FSBL/Core/Src/main.c" -mcpu=cortex-m55 -std=gnu11 -g3 -DDEBUG -DUSE_HAL_DRIVER -DSTM32N657xx -c -I../../../FSBL/Core/Inc -I../../../Drivers/STM32N6xx_HAL_Driver/Inc -I../../../Drivers/CMSIS/Device/ST/STM32N6xx/Include -I../../../Drivers/STM32N6xx_HAL_Driver/Inc/Legacy -I../../../Middlewares/ST/STM32_ExtMem_Manager -I../../../Middlewares/ST/STM32_ExtMem_Manager/sal -I../../../Middlewares/ST/STM32_ExtMem_Manager/nor_sfdp -I../../../Middlewares/ST/STM32_ExtMem_Manager/psram -I../../../Middlewares/ST/STM32_ExtMem_Manager/sdcard -I../../../Middlewares/ST/STM32_ExtMem_Manager/user -I../../../Drivers/CMSIS/Include -I"D:/STM32/STM32CubeIDE/STM32N6DK2/STM32CubeIDE/FSBL/Drivers/Common" -I"D:/STM32/STM32CubeIDE/STM32N6DK2/STM32CubeIDE/FSBL/Drivers/STM32N6570-DK" -I"D:/STM32/STM32CubeIDE/STM32N6DK2/STM32CubeIDE/FSBL/Utilities/lcd" -I"D:/STM32/STM32CubeIDE/STM32N6DK2/STM32CubeIDE/FSBL/Middlewares/Camera_Middleware/sensors" -I"D:/STM32/STM32CubeIDE/STM32N6DK2/STM32CubeIDE/FSBL/Middlewares/Camera_Middleware/sensors/imx335" -I"D:/STM32/STM32CubeIDE/STM32N6DK2/STM32CubeIDE/FSBL/Middlewares/Camera_Middleware/sensors/vd6g" -I"D:/STM32/STM32CubeIDE/STM32N6DK2/STM32CubeIDE/FSBL/Middlewares/Camera_Middleware/sensors/vd55g1" -I"D:/STM32/STM32CubeIDE/STM32N6DK2/STM32CubeIDE/FSBL/Middlewares/Camera_Middleware/ISP_Library/evision/Inc" -I"D:/STM32/STM32CubeIDE/STM32N6DK2/STM32CubeIDE/FSBL/Middlewares/Camera_Middleware/ISP_Library/isp/Inc" -I"D:/STM32/STM32CubeIDE/STM32N6DK2/STM32CubeIDE/FSBL/Middlewares/Camera_Middleware" -I"C:/Users/Lenovo/STM32Cube/Repository/STM32Cube_FW_N6_V1.2.0/Drivers/CMSIS/DSP/Include" -I../../../Middlewares/ST/STM32_ExtMem_Manager/boot -O0 -ffunction-sections -fdata-sections -Wall -fstack-usage -fcyclomatic-complexity -mcmse -MMD -MP -MF"Application/User/Core/main.d" -MT"Application/User/Core/main.o" --specs=nano.specs -mfpu=fpv5-d16 -mfloat-abi=hard -mthumb -o "Application/User/Core/main.o"
D:/STM32/STM32CubeIDE/STM32N6DK2/FSBL/Core/Src/main.c:504:13: warning: 'Display_WelcomeScreen' defined but not used [-Wunused-function]
  504 | static void Display_WelcomeScreen(void)
      |             ^~~~~~~~~~~~~~~~~~~~~
D:/STM32/STM32CubeIDE/STM32N6DK2/FSBL/Core/Src/main.c:112:12: warning: 'lcd_fg_buffer_rd_idx' defined but not used [-Wunused-variable]
  112 | static int lcd_fg_buffer_rd_idx;
      |            ^~~~~~~~~~~~~~~~~~~~
arm-none-eabi-gcc -o "STM32N6DK2_FSBL.elf" @"objects.list"  -l:libn6-evision-awb_gcc.a -l:libn6-evision-st-ae_gcc.a -mcpu=cortex-m55 -T"D:\STM32\STM32CubeIDE\STM32N6DK2\STM32CubeIDE\FSBL\STM32N657X0HXQ_AXISRAM2_fsbl.ld" --specs=nosys.specs -Wl,-Map="STM32N6DK2_FSBL.map" -Wl,--gc-sections -static -Wl,--cmse-implib -Wl,--out-implib=./secure_nsclib.o -L"D:\STM32\STM32CubeIDE\STM32N6DK1\Middlewares\Camera_Middleware\ISP_Library\evision\Lib" --specs=nano.specs -mfpu=fpv5-d16 -mfloat-abi=hard -mthumb -Wl,--start-group -lc -lm -Wl,--end-group
Finished building target: STM32N6DK2_FSBL.elf
 
arm-none-eabi-size  STM32N6DK2_FSBL.elf 
arm-none-eabi-objdump -h -S STM32N6DK2_FSBL.elf  > "STM32N6DK2_FSBL.list"
arm-none-eabi-objcopy  -O binary STM32N6DK2_FSBL.elf  "STM32N6DK2_FSBL.bin"
   text	   data	    bss	    dec	    hex	filename
 204344	    404	2314380	2519128	 267058	STM32N6DK2_FSBL.elf
Finished building: default.size.stdout
 
Finished building: STM32N6DK2_FSBL.bin
 
Finished building: STM32N6DK2_FSBL.list
 
cd "D:/STM32/STM32CubeIDE/STM32N6DK2/STM32CubeIDE/FSBL/Debug"
echo y | "E:\STM32CUBEPROGRAMMER\bin\STM32_SigningTool_CLI.exe" -bin "STM32N6DK2_FSBL.bin" -nk -of 0x80000000 -t fsbl -o "STM32N6DK2_FSBL-Trusted.bin" -hv 2.3 -dump "STM32N6DK2_FSBL-Trusted.bin"
      -------------------------------------------------------------------
                          STM32 Signing Tool v2.21.0                   
      -------------------------------------------------------------------

Do you want to replace this file: STM32N6DK2_FSBL-Trusted.bin ? (y/n)
[Header v2.3] Do not align the payload to the 0x400 offset, No padding bytes at the beginning of the payload.
Header version 2.3 preparation... 
Extracting Entry point value from the input file...
Entry point value : 0x34183579
The headred image file generated successfully: STM32N6DK2_FSBL-Trusted.bin

Header description:

    Magic: 0x53544d32
    Signature: 00 00 00 00 00 00 00 00 00 00 00 00 00 00 00 00 00 00 00 00 00 00 00 00 00 00 00 00 00 00 00 00 
               00 00 00 00 00 00 00 00 00 00 00 00 00 00 00 00 00 00 00 00 00 00 00 00 00 00 00 00 00 00 00 00 
               00 00 00 00 00 00 00 00 00 00 00 00 00 00 00 00 00 00 00 00 00 00 00 00 00 00 00 00 00 00 00 00 
    Checksum: 0x13fe0d4
    Header version: 0x20300
    Size: 0x31fe0
    Load address: 0xffffffff
    Entry point: 0x34183579
    Image version: 0x0
    Extension: 0x80000000

Pad header detected:
    Type: 0x5354ffff
    Size: 0x1a0
    Padding values: b6 dd e8 4c 16 91 99 51 71 ad ec 17 fb 83 9b 1a 89 59 21 6b 39 1a 1e c5 ad 39 6d c3 60 ab 8d 

                    f5 96 f8 67 c9 76 35 68 40 e1 28 c1 24 19 60 48 9c 57 e4 12 ce 81 aa c6 cc 9d bf dc 13 b8 cd 

                    96 4f 54 59 40 80 ee 2a 3a a6 e3 23 64 a4 d1 02 e0 ea 30 c0 7f b2 64 6c 68 bc 4b 39 d5 50 76 

                    2a cd 4e 03 20 47 58 10 76 fb 6d 7b be 7a ed c7 56 7e 2b de 6b b3 cf f7 1e 88 7d df ad 98 d1 

                    c3 f8 22 29 ad 45 0a 2b 9e 59 c8 e7 c0 0e 0f 75 eb 79 89 56 3d 29 60 63 df 9f 73 02 fe 0e 3b 

                    bf a5 48 e3 b0 7f a2 ea 06 05 df 52 d8 33 21 79 5d f3 20 f5 24 7d d6 96 32 f6 52 08 b4 1d e5 

                    36 fa d6 39 37 62 14 5e 8c 51 12 35 23 70 09 38 23 cc 33 bb 8d 44 af 0b 63 a1 7f f8 df 35 f2 

                    d6 10 46 9b ab 5f d9 73 2b 63 90 1d 5f 6b aa bf 67 59 92 e6 f7 d1 49 55 fe e3 74 52 e9 e9 2b 

                    63 1b 33 5b d8 6b 98 9c 8d b7 38 60 94 9d 72 ff dd 7d df 5b 66 67 61 55 9d 66 eb 51 c7 57 bc 

                    d1 f4 3e e8 0f fe 05 05 85 fc 6f e5 7d cd 2b 00 5b db 00 94 0a a5 1a db a7 e6 81 d4 81 98 51 

                    42 15 40 0e 64 c6 a0 1b 1f 10 d8 05 ae 1a 01 0b e4 68 93 d7 9f d7 30 0e 1e 52 4e 6e d6 8b 2f 

                    35 22 95 de dd ea c8 02 2d bb 82 ea 0b ab 84 50 b4 e5 0a f5 bd ff 1b 6f 54 33 25 80 66 7e 38 

                    3d 5f e2 69 76 89 55 f8 

Post header 2.3 information :
    Binary type: 0x10
    Non authenticated payload length: 0x0
    Non authenticated payload hash: 0x0


 
00:52:36 **** Incremental Build of configuration Debug for project STM32N6DK2_FSBL ****
make -j8 all 
arm-none-eabi-size  STM32N6DK2_FSBL.elf 
   text	   data	    bss	    dec	    hex	filename
 204344	    404	2314380	2519128	 267058	STM32N6DK2_FSBL.elf
Finished building: default.size.stdout
 
cd "D:/STM32/STM32CubeIDE/STM32N6DK2/STM32CubeIDE/FSBL/Debug"
echo y | "E:\STM32CUBEPROGRAMMER\bin\STM32_SigningTool_CLI.exe" -bin "STM32N6DK2_FSBL.bin" -nk -of 0x80000000 -t fsbl -o "STM32N6DK2_FSBL-Trusted.bin" -hv 2.3 -dump "STM32N6DK2_FSBL-Trusted.bin"
      -------------------------------------------------------------------
                          STM32 Signing Tool v2.21.0                   
      -------------------------------------------------------------------

Do you want to replace this file: STM32N6DK2_FSBL-Trusted.bin ? (y/n)
[Header v2.3] Do not align the payload to the 0x400 offset, No padding bytes at the beginning of the payload.
Header version 2.3 preparation... 
Extracting Entry point value from the input file...
Entry point value : 0x34183579
The headred image file generated successfully: STM32N6DK2_FSBL-Trusted.bin

Header description:

    Magic: 0x53544d32
    Signature: 00 00 00 00 00 00 00 00 00 00 00 00 00 00 00 00 00 00 00 00 00 00 00 00 00 00 00 00 00 00 00 00 
               00 00 00 00 00 00 00 00 00 00 00 00 00 00 00 00 00 00 00 00 00 00 00 00 00 00 00 00 00 00 00 00 
               00 00 00 00 00 00 00 00 00 00 00 00 00 00 00 00 00 00 00 00 00 00 00 00 00 00 00 00 00 00 00 00 
    Checksum: 0x13fe0d4
    Header version: 0x20300
    Size: 0x31fe0
    Load address: 0xffffffff
    Entry point: 0x34183579
    Image version: 0x0
    Extension: 0x80000000

Pad header detected:
    Type: 0x5354ffff
    Size: 0x1a0
    Padding values: 92 ff bf 9a 6c c1 f4 32 32 00 6b be fa df 95 c1 e1 1e 1a 3a 5f 09 a2 ca 74 d5 08 ad 1f 37 87 

                    ab 6e 2d 82 35 15 00 0e 47 12 53 e2 38 a8 c5 14 60 3d d7 ff 32 9b b9 14 ff 22 b3 7f 06 09 31 

                    e7 5c 33 9c 45 ad 32 ad 62 ec 46 c8 78 56 d4 dd 85 ad 35 4d 91 48 cc d7 c2 4d 21 a8 85 61 0d 

                    cc 42 a2 c4 36 fa c7 7a 40 2c 57 e3 e4 6f 01 d4 7b 8b bd ca b2 11 ae 7d dd e3 4c 19 f1 71 35 

                    dd db 82 3a ed 51 ee b6 11 a7 03 17 3e 6a b2 87 f9 c8 ea 63 9a b2 30 5f 02 09 56 f9 9a 12 f3 

                    ab 6b 2f 7c b0 64 ea f4 fc 75 76 8b 7d e9 fe 5f 4b b1 0f fc a7 c1 d0 d7 fe e6 de d9 d9 ec ea 

                    af 54 de 45 21 25 74 fd 83 bb 71 5d cc e9 90 f8 29 03 73 0c 0b 4d fa 16 28 60 6c 97 89 d2 27 

                    4d e8 2c b5 22 a0 af 34 80 6d d1 4e 64 d1 4e 17 ee a7 a0 bb 6c 87 03 eb d2 23 bf af d7 54 7d 

                    a2 63 a5 6f 07 52 1a c1 83 55 68 b4 d7 74 0a ad b7 ed 86 be f3 f3 49 ff 4e f6 12 f0 c2 ef 09 

                    2f cb c2 f2 3e 89 b3 22 a4 7c d7 39 bb c7 77 4c 76 2a 7a f4 1b b0 29 70 0a fd 16 2e ee 13 01 

                    98 d2 bd 94 5e 11 dc ad 66 ec 15 30 bf 6d ef c0 de c0 eb e7 67 9d 75 e3 d7 cf e1 a7 b4 e3 87 

                    ca ba d5 f2 98 1f e3 d9 28 95 80 92 27 ea 8c e4 eb 91 d0 d5 f6 f4 cb 60 a9 98 c5 6e 50 27 e0 

                    21 61 23 ef b4 38 f1 e5 

Post header 2.3 information :
    Binary type: 0x10
    Non authenticated payload length: 0x0
    Non authenticated payload hash: 0x0


 
00:53:06 **** Incremental Build of configuration Debug for project STM32N6DK2_FSBL ****
make -j8 all 
arm-none-eabi-size  STM32N6DK2_FSBL.elf 
   text	   data	    bss	    dec	    hex	filename
 204344	    404	2314380	2519128	 267058	STM32N6DK2_FSBL.elf
Finished building: default.size.stdout
 
cd "D:/STM32/STM32CubeIDE/STM32N6DK2/STM32CubeIDE/FSBL/Debug"
echo y | "E:\STM32CUBEPROGRAMMER\bin\STM32_SigningTool_CLI.exe" -bin "STM32N6DK2_FSBL.bin" -nk -of 0x80000000 -t fsbl -o "STM32N6DK2_FSBL-Trusted.bin" -hv 2.3 -dump "STM32N6DK2_FSBL-Trusted.bin"
      -------------------------------------------------------------------
                          STM32 Signing Tool v2.21.0                   
      -------------------------------------------------------------------

Do you want to replace this file: STM32N6DK2_FSBL-Trusted.bin ? (y/n)
[Header v2.3] Do not align the payload to the 0x400 offset, No padding bytes at the beginning of the payload.
Header version 2.3 preparation... 
Extracting Entry point value from the input file...
Entry point value : 0x34183579
The headred image file generated successfully: STM32N6DK2_FSBL-Trusted.bin

Header description:

    Magic: 0x53544d32
    Signature: 00 00 00 00 00 00 00 00 00 00 00 00 00 00 00 00 00 00 00 00 00 00 00 00 00 00 00 00 00 00 00 00 
               00 00 00 00 00 00 00 00 00 00 00 00 00 00 00 00 00 00 00 00 00 00 00 00 00 00 00 00 00 00 00 00 
               00 00 00 00 00 00 00 00 00 00 00 00 00 00 00 00 00 00 00 00 00 00 00 00 00 00 00 00 00 00 00 00 
    Checksum: 0x13fe0d4
    Header version: 0x20300
    Size: 0x31fe0
    Load address: 0xffffffff
    Entry point: 0x34183579
    Image version: 0x0
    Extension: 0x80000000

Pad header detected:
    Type: 0x5354ffff
    Size: 0x1a0
    Padding values: 35 4b c1 e7 f0 49 bc 19 c1 a6 51 d9 a9 97 b9 b3 2b 79 70 79 1c 80 3a a3 d5 33 da 8f 2c ab 78 

                    3a 07 67 ae 38 34 f2 ad 1e aa 90 c5 1a 49 4c 37 05 8c 73 cf 13 52 f6 57 b3 0b c7 42 65 6e a5 

                    60 d6 ff ba 7d 54 e0 1c 6a 2a 04 e8 4d f0 18 8e ff 5e 8d 5f 58 0a 73 66 4a ad 29 b8 da d5 d4 

                    64 5d 3e 2b 8c 40 fe 22 29 a5 2c 9a 7b 4b b4 61 dd 81 77 99 c3 5c 43 68 ef 15 68 4c 33 6e 6c 

                    af 99 7e ec 0c 81 bb 3a 08 ef 46 ab ce 81 3a 33 bd eb 51 da 31 13 82 f8 9f 33 4b e0 9c ab 95 

                    01 ab ab e7 05 18 b0 09 2a 67 4c c9 4f 4f 8d d8 6b b8 b9 0f e5 2d b9 1f 04 fd a4 70 4c 1b 99 

                    26 e5 cb 5c 91 4d 4b e5 57 74 86 b9 d4 72 08 74 bf e6 9d ad 3e 78 a3 5e 29 9f 7d 2f bc 8b ca 

                    cf 60 7f 69 3c cc b2 1f bd 69 3b 45 2d 78 1d 97 ba 6a 0d be 40 39 4c 0d e5 6a bd a6 ad 7b f1 

                    f7 d1 25 8a 13 19 2d e0 47 2c 17 c7 f2 d4 2f 96 15 fa 17 ff 92 0d 88 ec d7 2e bc 59 89 6d d2 

                    b5 c8 5e 9e f0 37 62 e7 a5 4f a9 1e 5c f4 d5 9b 52 93 7b 78 cf 81 40 d2 cc 43 6f 8d e2 b1 f9 

                    70 ae ef 07 cf 92 f1 c4 ee 62 24 ed d5 f1 10 68 73 8a fe 50 74 5d be 83 0a b4 10 2c b2 27 92 

                    d7 a8 bc 91 ce f9 b9 df c4 e1 00 d6 a2 aa 0a 0c 34 6a f6 c5 e4 a4 69 4b fd 17 dc 3d b5 de ea 

                    a2 a1 b3 8a 51 f0 d7 f2 

Post header 2.3 information :
    Binary type: 0x10
    Non authenticated payload length: 0x0
    Non authenticated payload hash: 0x0


 
00:57:04 **** Incremental Build of configuration Debug for project STM32N6DK2_FSBL ****
make -j8 all 
arm-none-eabi-size  STM32N6DK2_FSBL.elf 
   text	   data	    bss	    dec	    hex	filename
 204344	    404	2314380	2519128	 267058	STM32N6DK2_FSBL.elf
Finished building: default.size.stdout
 
cd "D:/STM32/STM32CubeIDE/STM32N6DK2/STM32CubeIDE/FSBL/Debug"
echo y | "E:\STM32CUBEPROGRAMMER\bin\STM32_SigningTool_CLI.exe" -bin "STM32N6DK2_FSBL.bin" -nk -of 0x80000000 -t fsbl -o "STM32N6DK2_FSBL-Trusted.bin" -hv 2.3 -dump "STM32N6DK2_FSBL-Trusted.bin"
      -------------------------------------------------------------------
                          STM32 Signing Tool v2.21.0                   
      -------------------------------------------------------------------

Do you want to replace this file: STM32N6DK2_FSBL-Trusted.bin ? (y/n)
[Header v2.3] Do not align the payload to the 0x400 offset, No padding bytes at the beginning of the payload.
Header version 2.3 preparation... 
Extracting Entry point value from the input file...
Entry point value : 0x34183579
The headred image file generated successfully: STM32N6DK2_FSBL-Trusted.bin

Header description:

    Magic: 0x53544d32
    Signature: 00 00 00 00 00 00 00 00 00 00 00 00 00 00 00 00 00 00 00 00 00 00 00 00 00 00 00 00 00 00 00 00 
               00 00 00 00 00 00 00 00 00 00 00 00 00 00 00 00 00 00 00 00 00 00 00 00 00 00 00 00 00 00 00 00 
               00 00 00 00 00 00 00 00 00 00 00 00 00 00 00 00 00 00 00 00 00 00 00 00 00 00 00 00 00 00 00 00 
    Checksum: 0x13fe0d4
    Header version: 0x20300
    Size: 0x31fe0
    Load address: 0xffffffff
    Entry point: 0x34183579
    Image version: 0x0
    Extension: 0x80000000

Pad header detected:
    Type: 0x5354ffff
    Size: 0x1a0
    Padding values: 57 77 0b 5f 47 0f e6 a0 b1 8d 1e 5f 04 e5 f5 76 80 b8 3e be 74 7f ee f4 2f e6 b9 c7 16 7d 54 

                    1f 85 d8 8d 38 0b 27 9f 92 f2 eb d8 aa 4e 6c 79 ee 4d 65 a9 04 ad 95 c6 fd fe 17 20 f6 70 b7 

                    b0 07 54 f2 13 01 c0 15 f5 51 f6 ac 55 0f 57 4c ed 90 2f 47 a2 51 eb a9 e9 0c 92 8d a0 ea 6b 

                    31 fa 25 c1 d7 72 ac 97 6b 62 1d a4 2c ee 39 08 0c 71 7c ea 57 94 09 41 98 65 97 d7 0e 7b 1d 

                    ae 22 2f 78 ae 3a 05 09 b5 a8 43 b5 f3 26 c6 89 6f 97 3f 3a 41 14 d1 bc 83 fd 23 98 5a 5a 3a 

                    38 b8 82 79 bc bf 20 c3 3e 6b 40 50 67 f2 ed d9 95 36 a7 17 6f 02 e0 c6 59 38 30 52 07 93 06 

                    9b cd c0 ec 56 d3 bb 8d bb f7 cb 05 6f d1 61 30 24 38 f2 e5 7c 25 51 00 da 39 bc e7 12 45 2c 

                    36 61 24 91 82 fc 40 9a 99 1f 82 27 fd 08 3e 2c da 4c fd 02 14 2b cd a6 79 f2 37 1b 96 86 77 

                    9a 51 65 14 05 a8 c6 32 29 5a b0 93 c9 b9 13 87 ef ff e9 e3 e0 01 f5 d3 81 6a b7 95 8b 25 58 

                    cc 96 b5 34 54 ad 88 e3 0b c7 bc a7 6b 67 44 6c f6 fc be 6f 5e e2 f1 64 d9 fe 50 e4 3e b4 88 

                    8a f0 5f dc 1a e6 f0 0d 34 f7 60 1d 1a 52 19 fe f7 bd f8 54 8c dc 6e 07 35 02 0d 6c 7d 79 38 

                    da a5 a1 2a 72 be 64 1b 24 e0 b0 5a 8b d7 7d 63 e1 f8 63 21 bc da 2a 20 b4 46 2a fb 72 84 e4 

                    e9 a5 03 98 7c a5 c9 db 

Post header 2.3 information :
    Binary type: 0x10
    Non authenticated payload length: 0x0
    Non authenticated payload hash: 0x0


 
