18:31:27 **** Incremental Build of configuration Debug for project STM32N6DK3_Appli ****
make -j8 all 
arm-none-eabi-gcc "D:/STM32/STM32CubeIDE/STM32N6DK3/Appli/Core/Src/i2c.c" -mcpu=cortex-m55 -std=gnu11 -g3 -DDEBUG -DUSE_HAL_DRIVER -DSTM32N657xx -c -I../../../Appli/Core/Inc -I../../../Secure_nsclib -I../../../Drivers/STM32N6xx_HAL_Driver/Inc -I../../../Drivers/CMSIS/Device/ST/STM32N6xx/Include -I../../../Drivers/STM32N6xx_HAL_Driver/Inc/Legacy -I../../../Drivers/CMSIS/Include -I"D:/STM32/STM32CubeIDE/STM32N6DK3/STM32CubeIDE/Appli/Drivers/Common" -I"D:/STM32/STM32CubeIDE/STM32N6DK3/STM32CubeIDE/Appli/Drivers/STM32N6570-DK" -I"D:/STM32/STM32CubeIDE/STM32N6DK3/STM32CubeIDE/Appli/Utilities/lcd" -I"D:/STM32/STM32CubeIDE/STM32N6DK3/STM32CubeIDE/Appli/Middlewares/Camera_Middleware/sensors" -I"D:/STM32/STM32CubeIDE/STM32N6DK3/STM32CubeIDE/Appli/Middlewares/Camera_Middleware/sensors/imx335" -I"D:/STM32/STM32CubeIDE/STM32N6DK3/STM32CubeIDE/Appli/Middlewares/Camera_Middleware/sensors/vd6g" -I"D:/STM32/STM32CubeIDE/STM32N6DK3/STM32CubeIDE/Appli/Middlewares/Camera_Middleware/sensors/vd55g1" -I"D:/STM32/STM32CubeIDE/STM32N6DK3/STM32CubeIDE/Appli/Middlewares/Camera_Middleware/ISP_Library/evision/Inc" -I"D:/STM32/STM32CubeIDE/STM32N6DK3/STM32CubeIDE/Appli/Middlewares/Camera_Middleware/ISP_Library/isp/Inc" -I"D:/STM32/STM32CubeIDE/STM32N6DK3/STM32CubeIDE/Appli/Middlewares/Camera_Middleware" -I"C:/Users/Lenovo/STM32Cube/Repository/STM32Cube_FW_N6_V1.2.0/Drivers/CMSIS/DSP/Include" -O0 -ffunction-sections -fdata-sections -Wall -fstack-usage -fcyclomatic-complexity -mcmse -MMD -MP -MF"Application/User/Core/i2c.d" -MT"Application/User/Core/i2c.o" --specs=nano.specs -mfpu=fpv5-d16 -mfloat-abi=hard -mthumb -o "Application/User/Core/i2c.o"
arm-none-eabi-gcc "D:/STM32/STM32CubeIDE/STM32N6DK3/Appli/Core/Src/main.c" -mcpu=cortex-m55 -std=gnu11 -g3 -DDEBUG -DUSE_HAL_DRIVER -DSTM32N657xx -c -I../../../Appli/Core/Inc -I../../../Secure_nsclib -I../../../Drivers/STM32N6xx_HAL_Driver/Inc -I../../../Drivers/CMSIS/Device/ST/STM32N6xx/Include -I../../../Drivers/STM32N6xx_HAL_Driver/Inc/Legacy -I../../../Drivers/CMSIS/Include -I"D:/STM32/STM32CubeIDE/STM32N6DK3/STM32CubeIDE/Appli/Drivers/Common" -I"D:/STM32/STM32CubeIDE/STM32N6DK3/STM32CubeIDE/Appli/Drivers/STM32N6570-DK" -I"D:/STM32/STM32CubeIDE/STM32N6DK3/STM32CubeIDE/Appli/Utilities/lcd" -I"D:/STM32/STM32CubeIDE/STM32N6DK3/STM32CubeIDE/Appli/Middlewares/Camera_Middleware/sensors" -I"D:/STM32/STM32CubeIDE/STM32N6DK3/STM32CubeIDE/Appli/Middlewares/Camera_Middleware/sensors/imx335" -I"D:/STM32/STM32CubeIDE/STM32N6DK3/STM32CubeIDE/Appli/Middlewares/Camera_Middleware/sensors/vd6g" -I"D:/STM32/STM32CubeIDE/STM32N6DK3/STM32CubeIDE/Appli/Middlewares/Camera_Middleware/sensors/vd55g1" -I"D:/STM32/STM32CubeIDE/STM32N6DK3/STM32CubeIDE/Appli/Middlewares/Camera_Middleware/ISP_Library/evision/Inc" -I"D:/STM32/STM32CubeIDE/STM32N6DK3/STM32CubeIDE/Appli/Middlewares/Camera_Middleware/ISP_Library/isp/Inc" -I"D:/STM32/STM32CubeIDE/STM32N6DK3/STM32CubeIDE/Appli/Middlewares/Camera_Middleware" -I"C:/Users/Lenovo/STM32Cube/Repository/STM32Cube_FW_N6_V1.2.0/Drivers/CMSIS/DSP/Include" -O0 -ffunction-sections -fdata-sections -Wall -fstack-usage -fcyclomatic-complexity -mcmse -MMD -MP -MF"Application/User/Core/main.d" -MT"Application/User/Core/main.o" --specs=nano.specs -mfpu=fpv5-d16 -mfloat-abi=hard -mthumb -o "Application/User/Core/main.o"
D:/STM32/STM32CubeIDE/STM32N6DK3/Appli/Core/Src/main.c:106:12: warning: 'lcd_fg_buffer_rd_idx' defined but not used [-Wunused-variable]
  106 | static int lcd_fg_buffer_rd_idx;
      |            ^~~~~~~~~~~~~~~~~~~~
arm-none-eabi-gcc -o "STM32N6DK3_Appli.elf" @"objects.list"  -l:libn6-evision-awb_gcc.a -l:libn6-evision-st-ae_gcc.a -mcpu=cortex-m55 -T"D:\STM32\STM32CubeIDE\STM32N6DK3\STM32CubeIDE\Appli\STM32N657X0HXQ_ROMxspi2_RAMxspi1.ld" --specs=nosys.specs -Wl,-Map="STM32N6DK3_Appli.map" -Wl,--gc-sections -static -Wl,--cmse-implib -Wl,--out-implib=./secure_nsclib.o -L"D:\STM32\STM32CubeIDE\STM32N6DK3\STM32CubeIDE\Appli\Middlewares\Camera_Middleware\ISP_Library\evision\Lib" --specs=nano.specs -mfpu=fpv5-d16 -mfloat-abi=hard -mthumb -Wl,--start-group -lc -lm -Wl,--end-group
Finished building target: STM32N6DK3_Appli.elf
 
arm-none-eabi-size  STM32N6DK3_Appli.elf 
arm-none-eabi-objdump -h -S STM32N6DK3_Appli.elf  > "STM32N6DK3_Appli.list"
   text	   data	    bss	    dec	    hex	filename
 178176	    404	2313172	2491752	 260568	STM32N6DK3_Appli.elf
arm-none-eabi-objcopy  -O binary STM32N6DK3_Appli.elf  "STM32N6DK3_Appli.bin"
Finished building: default.size.stdout
 
Finished building: STM32N6DK3_Appli.bin
 
Finished building: STM32N6DK3_Appli.list
 

18:31:30 Build Finished. 0 errors, 1 warnings. (took 3s.8ms)

