09:38:13 **** Build of configuration Debug for project STM32N6DK2_ExtMemLoader ****
make -j8 all 
arm-none-eabi-gcc "D:/STM32/STM32CubeIDE/STM32N6DK2/Middlewares/ST/STM32_ExtMem_Manager/stm32_extmem.c" -mcpu=cortex-m55 -std=gnu11 -g3 -DDEBUG -DUSE_HAL_DRIVER -DSTM32N657xx -DSTM32_EXTMEMLOADER_STM32CUBETARGET -c -I../../../ExtMemLoader/Core/Inc -I../../../Secure_nsclib -I../../../Drivers/STM32N6xx_HAL_Driver/Inc -I../../../Drivers/CMSIS/Device/ST/STM32N6xx/Include -I../../../Drivers/STM32N6xx_HAL_Driver/Inc/Legacy -I../../../Middlewares/ST/STM32_ExtMem_Loader/core -I../../../Middlewares/ST/STM32_ExtMem_Loader/MDK-ARM -I../../../Middlewares/ST/STM32_ExtMem_Loader/STM32Cube -I../../../Middlewares/ST/STM32_ExtMem_Manager -I../../../Middlewares/ST/STM32_ExtMem_Manager/sal -I../../../Middlewares/ST/STM32_ExtMem_Manager/nor_sfdp -I../../../Middlewares/ST/STM32_ExtMem_Manager/psram -I../../../Middlewares/ST/STM32_ExtMem_Manager/sdcard -I../../../Middlewares/ST/STM32_ExtMem_Manager/user -I../../../Drivers/CMSIS/Include -O0 -ffunction-sections -fdata-sections -Wall -fstack-usage -fcyclomatic-complexity -mcmse -MMD -MP -MF"Middlewares/STM32_ExtMem_Manager/stm32_extmem.d" -MT"Middlewares/STM32_ExtMem_Manager/stm32_extmem.o" --specs=nano.specs -mfpu=fpv5-d16 -mfloat-abi=hard -mthumb -o "Middlewares/STM32_ExtMem_Manager/stm32_extmem.o"
arm-none-eabi-gcc "D:/STM32/STM32CubeIDE/STM32N6DK2/Middlewares/ST/STM32_ExtMem_Manager/psram/stm32_psram_driver.c" -mcpu=cortex-m55 -std=gnu11 -g3 -DDEBUG -DUSE_HAL_DRIVER -DSTM32N657xx -DSTM32_EXTMEMLOADER_STM32CUBETARGET -c -I../../../ExtMemLoader/Core/Inc -I../../../Secure_nsclib -I../../../Drivers/STM32N6xx_HAL_Driver/Inc -I../../../Drivers/CMSIS/Device/ST/STM32N6xx/Include -I../../../Drivers/STM32N6xx_HAL_Driver/Inc/Legacy -I../../../Middlewares/ST/STM32_ExtMem_Loader/core -I../../../Middlewares/ST/STM32_ExtMem_Loader/MDK-ARM -I../../../Middlewares/ST/STM32_ExtMem_Loader/STM32Cube -I../../../Middlewares/ST/STM32_ExtMem_Manager -I../../../Middlewares/ST/STM32_ExtMem_Manager/sal -I../../../Middlewares/ST/STM32_ExtMem_Manager/nor_sfdp -I../../../Middlewares/ST/STM32_ExtMem_Manager/psram -I../../../Middlewares/ST/STM32_ExtMem_Manager/sdcard -I../../../Middlewares/ST/STM32_ExtMem_Manager/user -I../../../Drivers/CMSIS/Include -O0 -ffunction-sections -fdata-sections -Wall -fstack-usage -fcyclomatic-complexity -mcmse -MMD -MP -MF"Middlewares/STM32_ExtMem_Manager/stm32_psram_driver.d" -MT"Middlewares/STM32_ExtMem_Manager/stm32_psram_driver.o" --specs=nano.specs -mfpu=fpv5-d16 -mfloat-abi=hard -mthumb -o "Middlewares/STM32_ExtMem_Manager/stm32_psram_driver.o"
arm-none-eabi-gcc "D:/STM32/STM32CubeIDE/STM32N6DK2/Middlewares/ST/STM32_ExtMem_Manager/sal/stm32_sal_sd.c" -mcpu=cortex-m55 -std=gnu11 -g3 -DDEBUG -DUSE_HAL_DRIVER -DSTM32N657xx -DSTM32_EXTMEMLOADER_STM32CUBETARGET -c -I../../../ExtMemLoader/Core/Inc -I../../../Secure_nsclib -I../../../Drivers/STM32N6xx_HAL_Driver/Inc -I../../../Drivers/CMSIS/Device/ST/STM32N6xx/Include -I../../../Drivers/STM32N6xx_HAL_Driver/Inc/Legacy -I../../../Middlewares/ST/STM32_ExtMem_Loader/core -I../../../Middlewares/ST/STM32_ExtMem_Loader/MDK-ARM -I../../../Middlewares/ST/STM32_ExtMem_Loader/STM32Cube -I../../../Middlewares/ST/STM32_ExtMem_Manager -I../../../Middlewares/ST/STM32_ExtMem_Manager/sal -I../../../Middlewares/ST/STM32_ExtMem_Manager/nor_sfdp -I../../../Middlewares/ST/STM32_ExtMem_Manager/psram -I../../../Middlewares/ST/STM32_ExtMem_Manager/sdcard -I../../../Middlewares/ST/STM32_ExtMem_Manager/user -I../../../Drivers/CMSIS/Include -O0 -ffunction-sections -fdata-sections -Wall -fstack-usage -fcyclomatic-complexity -mcmse -MMD -MP -MF"Middlewares/STM32_ExtMem_Manager/stm32_sal_sd.d" -MT"Middlewares/STM32_ExtMem_Manager/stm32_sal_sd.o" --specs=nano.specs -mfpu=fpv5-d16 -mfloat-abi=hard -mthumb -o "Middlewares/STM32_ExtMem_Manager/stm32_sal_sd.o"
arm-none-eabi-gcc "D:/STM32/STM32CubeIDE/STM32N6DK2/Middlewares/ST/STM32_ExtMem_Manager/sal/stm32_sal_xspi.c" -mcpu=cortex-m55 -std=gnu11 -g3 -DDEBUG -DUSE_HAL_DRIVER -DSTM32N657xx -DSTM32_EXTMEMLOADER_STM32CUBETARGET -c -I../../../ExtMemLoader/Core/Inc -I../../../Secure_nsclib -I../../../Drivers/STM32N6xx_HAL_Driver/Inc -I../../../Drivers/CMSIS/Device/ST/STM32N6xx/Include -I../../../Drivers/STM32N6xx_HAL_Driver/Inc/Legacy -I../../../Middlewares/ST/STM32_ExtMem_Loader/core -I../../../Middlewares/ST/STM32_ExtMem_Loader/MDK-ARM -I../../../Middlewares/ST/STM32_ExtMem_Loader/STM32Cube -I../../../Middlewares/ST/STM32_ExtMem_Manager -I../../../Middlewares/ST/STM32_ExtMem_Manager/sal -I../../../Middlewares/ST/STM32_ExtMem_Manager/nor_sfdp -I../../../Middlewares/ST/STM32_ExtMem_Manager/psram -I../../../Middlewares/ST/STM32_ExtMem_Manager/sdcard -I../../../Middlewares/ST/STM32_ExtMem_Manager/user -I../../../Drivers/CMSIS/Include -O0 -ffunction-sections -fdata-sections -Wall -fstack-usage -fcyclomatic-complexity -mcmse -MMD -MP -MF"Middlewares/STM32_ExtMem_Manager/stm32_sal_xspi.d" -MT"Middlewares/STM32_ExtMem_Manager/stm32_sal_xspi.o" --specs=nano.specs -mfpu=fpv5-d16 -mfloat-abi=hard -mthumb -o "Middlewares/STM32_ExtMem_Manager/stm32_sal_xspi.o"
arm-none-eabi-gcc "D:/STM32/STM32CubeIDE/STM32N6DK2/Middlewares/ST/STM32_ExtMem_Manager/sdcard/stm32_sdcard_driver.c" -mcpu=cortex-m55 -std=gnu11 -g3 -DDEBUG -DUSE_HAL_DRIVER -DSTM32N657xx -DSTM32_EXTMEMLOADER_STM32CUBETARGET -c -I../../../ExtMemLoader/Core/Inc -I../../../Secure_nsclib -I../../../Drivers/STM32N6xx_HAL_Driver/Inc -I../../../Drivers/CMSIS/Device/ST/STM32N6xx/Include -I../../../Drivers/STM32N6xx_HAL_Driver/Inc/Legacy -I../../../Middlewares/ST/STM32_ExtMem_Loader/core -I../../../Middlewares/ST/STM32_ExtMem_Loader/MDK-ARM -I../../../Middlewares/ST/STM32_ExtMem_Loader/STM32Cube -I../../../Middlewares/ST/STM32_ExtMem_Manager -I../../../Middlewares/ST/STM32_ExtMem_Manager/sal -I../../../Middlewares/ST/STM32_ExtMem_Manager/nor_sfdp -I../../../Middlewares/ST/STM32_ExtMem_Manager/psram -I../../../Middlewares/ST/STM32_ExtMem_Manager/sdcard -I../../../Middlewares/ST/STM32_ExtMem_Manager/user -I../../../Drivers/CMSIS/Include -O0 -ffunction-sections -fdata-sections -Wall -fstack-usage -fcyclomatic-complexity -mcmse -MMD -MP -MF"Middlewares/STM32_ExtMem_Manager/stm32_sdcard_driver.d" -MT"Middlewares/STM32_ExtMem_Manager/stm32_sdcard_driver.o" --specs=nano.specs -mfpu=fpv5-d16 -mfloat-abi=hard -mthumb -o "Middlewares/STM32_ExtMem_Manager/stm32_sdcard_driver.o"
arm-none-eabi-gcc "D:/STM32/STM32CubeIDE/STM32N6DK2/Middlewares/ST/STM32_ExtMem_Manager/nor_sfdp/stm32_sfdp_data.c" -mcpu=cortex-m55 -std=gnu11 -g3 -DDEBUG -DUSE_HAL_DRIVER -DSTM32N657xx -DSTM32_EXTMEMLOADER_STM32CUBETARGET -c -I../../../ExtMemLoader/Core/Inc -I../../../Secure_nsclib -I../../../Drivers/STM32N6xx_HAL_Driver/Inc -I../../../Drivers/CMSIS/Device/ST/STM32N6xx/Include -I../../../Drivers/STM32N6xx_HAL_Driver/Inc/Legacy -I../../../Middlewares/ST/STM32_ExtMem_Loader/core -I../../../Middlewares/ST/STM32_ExtMem_Loader/MDK-ARM -I../../../Middlewares/ST/STM32_ExtMem_Loader/STM32Cube -I../../../Middlewares/ST/STM32_ExtMem_Manager -I../../../Middlewares/ST/STM32_ExtMem_Manager/sal -I../../../Middlewares/ST/STM32_ExtMem_Manager/nor_sfdp -I../../../Middlewares/ST/STM32_ExtMem_Manager/psram -I../../../Middlewares/ST/STM32_ExtMem_Manager/sdcard -I../../../Middlewares/ST/STM32_ExtMem_Manager/user -I../../../Drivers/CMSIS/Include -O0 -ffunction-sections -fdata-sections -Wall -fstack-usage -fcyclomatic-complexity -mcmse -MMD -MP -MF"Middlewares/STM32_ExtMem_Manager/stm32_sfdp_data.d" -MT"Middlewares/STM32_ExtMem_Manager/stm32_sfdp_data.o" --specs=nano.specs -mfpu=fpv5-d16 -mfloat-abi=hard -mthumb -o "Middlewares/STM32_ExtMem_Manager/stm32_sfdp_data.o"
arm-none-eabi-gcc "D:/STM32/STM32CubeIDE/STM32N6DK2/Middlewares/ST/STM32_ExtMem_Manager/nor_sfdp/stm32_sfdp_driver.c" -mcpu=cortex-m55 -std=gnu11 -g3 -DDEBUG -DUSE_HAL_DRIVER -DSTM32N657xx -DSTM32_EXTMEMLOADER_STM32CUBETARGET -c -I../../../ExtMemLoader/Core/Inc -I../../../Secure_nsclib -I../../../Drivers/STM32N6xx_HAL_Driver/Inc -I../../../Drivers/CMSIS/Device/ST/STM32N6xx/Include -I../../../Drivers/STM32N6xx_HAL_Driver/Inc/Legacy -I../../../Middlewares/ST/STM32_ExtMem_Loader/core -I../../../Middlewares/ST/STM32_ExtMem_Loader/MDK-ARM -I../../../Middlewares/ST/STM32_ExtMem_Loader/STM32Cube -I../../../Middlewares/ST/STM32_ExtMem_Manager -I../../../Middlewares/ST/STM32_ExtMem_Manager/sal -I../../../Middlewares/ST/STM32_ExtMem_Manager/nor_sfdp -I../../../Middlewares/ST/STM32_ExtMem_Manager/psram -I../../../Middlewares/ST/STM32_ExtMem_Manager/sdcard -I../../../Middlewares/ST/STM32_ExtMem_Manager/user -I../../../Drivers/CMSIS/Include -O0 -ffunction-sections -fdata-sections -Wall -fstack-usage -fcyclomatic-complexity -mcmse -MMD -MP -MF"Middlewares/STM32_ExtMem_Manager/stm32_sfdp_driver.d" -MT"Middlewares/STM32_ExtMem_Manager/stm32_sfdp_driver.o" --specs=nano.specs -mfpu=fpv5-d16 -mfloat-abi=hard -mthumb -o "Middlewares/STM32_ExtMem_Manager/stm32_sfdp_driver.o"
arm-none-eabi-gcc "D:/STM32/STM32CubeIDE/STM32N6DK2/Middlewares/ST/STM32_ExtMem_Manager/user/stm32_user_driver.c" -mcpu=cortex-m55 -std=gnu11 -g3 -DDEBUG -DUSE_HAL_DRIVER -DSTM32N657xx -DSTM32_EXTMEMLOADER_STM32CUBETARGET -c -I../../../ExtMemLoader/Core/Inc -I../../../Secure_nsclib -I../../../Drivers/STM32N6xx_HAL_Driver/Inc -I../../../Drivers/CMSIS/Device/ST/STM32N6xx/Include -I../../../Drivers/STM32N6xx_HAL_Driver/Inc/Legacy -I../../../Middlewares/ST/STM32_ExtMem_Loader/core -I../../../Middlewares/ST/STM32_ExtMem_Loader/MDK-ARM -I../../../Middlewares/ST/STM32_ExtMem_Loader/STM32Cube -I../../../Middlewares/ST/STM32_ExtMem_Manager -I../../../Middlewares/ST/STM32_ExtMem_Manager/sal -I../../../Middlewares/ST/STM32_ExtMem_Manager/nor_sfdp -I../../../Middlewares/ST/STM32_ExtMem_Manager/psram -I../../../Middlewares/ST/STM32_ExtMem_Manager/sdcard -I../../../Middlewares/ST/STM32_ExtMem_Manager/user -I../../../Drivers/CMSIS/Include -O0 -ffunction-sections -fdata-sections -Wall -fstack-usage -fcyclomatic-complexity -mcmse -MMD -MP -MF"Middlewares/STM32_ExtMem_Manager/stm32_user_driver.d" -MT"Middlewares/STM32_ExtMem_Manager/stm32_user_driver.o" --specs=nano.specs -mfpu=fpv5-d16 -mfloat-abi=hard -mthumb -o "Middlewares/STM32_ExtMem_Manager/stm32_user_driver.o"
arm-none-eabi-gcc "D:/STM32/STM32CubeIDE/STM32N6DK2/Middlewares/ST/STM32_ExtMem_Loader/MDK-ARM/FlashDev.c" -mcpu=cortex-m55 -std=gnu11 -g3 -DDEBUG -DUSE_HAL_DRIVER -DSTM32N657xx -DSTM32_EXTMEMLOADER_STM32CUBETARGET -c -I../../../ExtMemLoader/Core/Inc -I../../../Secure_nsclib -I../../../Drivers/STM32N6xx_HAL_Driver/Inc -I../../../Drivers/CMSIS/Device/ST/STM32N6xx/Include -I../../../Drivers/STM32N6xx_HAL_Driver/Inc/Legacy -I../../../Middlewares/ST/STM32_ExtMem_Loader/core -I../../../Middlewares/ST/STM32_ExtMem_Loader/MDK-ARM -I../../../Middlewares/ST/STM32_ExtMem_Loader/STM32Cube -I../../../Middlewares/ST/STM32_ExtMem_Manager -I../../../Middlewares/ST/STM32_ExtMem_Manager/sal -I../../../Middlewares/ST/STM32_ExtMem_Manager/nor_sfdp -I../../../Middlewares/ST/STM32_ExtMem_Manager/psram -I../../../Middlewares/ST/STM32_ExtMem_Manager/sdcard -I../../../Middlewares/ST/STM32_ExtMem_Manager/user -I../../../Drivers/CMSIS/Include -O0 -ffunction-sections -fdata-sections -Wall -fstack-usage -fcyclomatic-complexity -mcmse -MMD -MP -MF"Middlewares/STM32_ExtMem_Loader/FlashDev.d" -MT"Middlewares/STM32_ExtMem_Loader/FlashDev.o" --specs=nano.specs -mfpu=fpv5-d16 -mfloat-abi=hard -mthumb -o "Middlewares/STM32_ExtMem_Loader/FlashDev.o"
arm-none-eabi-gcc "D:/STM32/STM32CubeIDE/STM32N6DK2/Middlewares/ST/STM32_ExtMem_Loader/MDK-ARM/FlashPrg.c" -mcpu=cortex-m55 -std=gnu11 -g3 -DDEBUG -DUSE_HAL_DRIVER -DSTM32N657xx -DSTM32_EXTMEMLOADER_STM32CUBETARGET -c -I../../../ExtMemLoader/Core/Inc -I../../../Secure_nsclib -I../../../Drivers/STM32N6xx_HAL_Driver/Inc -I../../../Drivers/CMSIS/Device/ST/STM32N6xx/Include -I../../../Drivers/STM32N6xx_HAL_Driver/Inc/Legacy -I../../../Middlewares/ST/STM32_ExtMem_Loader/core -I../../../Middlewares/ST/STM32_ExtMem_Loader/MDK-ARM -I../../../Middlewares/ST/STM32_ExtMem_Loader/STM32Cube -I../../../Middlewares/ST/STM32_ExtMem_Manager -I../../../Middlewares/ST/STM32_ExtMem_Manager/sal -I../../../Middlewares/ST/STM32_ExtMem_Manager/nor_sfdp -I../../../Middlewares/ST/STM32_ExtMem_Manager/psram -I../../../Middlewares/ST/STM32_ExtMem_Manager/sdcard -I../../../Middlewares/ST/STM32_ExtMem_Manager/user -I../../../Drivers/CMSIS/Include -O0 -ffunction-sections -fdata-sections -Wall -fstack-usage -fcyclomatic-complexity -mcmse -MMD -MP -MF"Middlewares/STM32_ExtMem_Loader/FlashPrg.d" -MT"Middlewares/STM32_ExtMem_Loader/FlashPrg.o" --specs=nano.specs -mfpu=fpv5-d16 -mfloat-abi=hard -mthumb -o "Middlewares/STM32_ExtMem_Loader/FlashPrg.o"
arm-none-eabi-gcc "D:/STM32/STM32CubeIDE/STM32N6DK2/Middlewares/ST/STM32_ExtMem_Loader/core/memory_wrapper.c" -mcpu=cortex-m55 -std=gnu11 -g3 -DDEBUG -DUSE_HAL_DRIVER -DSTM32N657xx -DSTM32_EXTMEMLOADER_STM32CUBETARGET -c -I../../../ExtMemLoader/Core/Inc -I../../../Secure_nsclib -I../../../Drivers/STM32N6xx_HAL_Driver/Inc -I../../../Drivers/CMSIS/Device/ST/STM32N6xx/Include -I../../../Drivers/STM32N6xx_HAL_Driver/Inc/Legacy -I../../../Middlewares/ST/STM32_ExtMem_Loader/core -I../../../Middlewares/ST/STM32_ExtMem_Loader/MDK-ARM -I../../../Middlewares/ST/STM32_ExtMem_Loader/STM32Cube -I../../../Middlewares/ST/STM32_ExtMem_Manager -I../../../Middlewares/ST/STM32_ExtMem_Manager/sal -I../../../Middlewares/ST/STM32_ExtMem_Manager/nor_sfdp -I../../../Middlewares/ST/STM32_ExtMem_Manager/psram -I../../../Middlewares/ST/STM32_ExtMem_Manager/sdcard -I../../../Middlewares/ST/STM32_ExtMem_Manager/user -I../../../Drivers/CMSIS/Include -O0 -ffunction-sections -fdata-sections -Wall -fstack-usage -fcyclomatic-complexity -mcmse -MMD -MP -MF"Middlewares/STM32_ExtMem_Loader/memory_wrapper.d" -MT"Middlewares/STM32_ExtMem_Loader/memory_wrapper.o" --specs=nano.specs -mfpu=fpv5-d16 -mfloat-abi=hard -mthumb -o "Middlewares/STM32_ExtMem_Loader/memory_wrapper.o"
arm-none-eabi-gcc "D:/STM32/STM32CubeIDE/STM32N6DK2/Middlewares/ST/STM32_ExtMem_Loader/STM32Cube/stm32_device_info.c" -mcpu=cortex-m55 -std=gnu11 -g3 -DDEBUG -DUSE_HAL_DRIVER -DSTM32N657xx -DSTM32_EXTMEMLOADER_STM32CUBETARGET -c -I../../../ExtMemLoader/Core/Inc -I../../../Secure_nsclib -I../../../Drivers/STM32N6xx_HAL_Driver/Inc -I../../../Drivers/CMSIS/Device/ST/STM32N6xx/Include -I../../../Drivers/STM32N6xx_HAL_Driver/Inc/Legacy -I../../../Middlewares/ST/STM32_ExtMem_Loader/core -I../../../Middlewares/ST/STM32_ExtMem_Loader/MDK-ARM -I../../../Middlewares/ST/STM32_ExtMem_Loader/STM32Cube -I../../../Middlewares/ST/STM32_ExtMem_Manager -I../../../Middlewares/ST/STM32_ExtMem_Manager/sal -I../../../Middlewares/ST/STM32_ExtMem_Manager/nor_sfdp -I../../../Middlewares/ST/STM32_ExtMem_Manager/psram -I../../../Middlewares/ST/STM32_ExtMem_Manager/sdcard -I../../../Middlewares/ST/STM32_ExtMem_Manager/user -I../../../Drivers/CMSIS/Include -O0 -ffunction-sections -fdata-sections -Wall -fstack-usage -fcyclomatic-complexity -mcmse -MMD -MP -MF"Middlewares/STM32_ExtMem_Loader/stm32_device_info.d" -MT"Middlewares/STM32_ExtMem_Loader/stm32_device_info.o" --specs=nano.specs -mfpu=fpv5-d16 -mfloat-abi=hard -mthumb -o "Middlewares/STM32_ExtMem_Loader/stm32_device_info.o"
arm-none-eabi-gcc "D:/STM32/STM32CubeIDE/STM32N6DK2/Middlewares/ST/STM32_ExtMem_Loader/STM32Cube/stm32_loader_api.c" -mcpu=cortex-m55 -std=gnu11 -g3 -DDEBUG -DUSE_HAL_DRIVER -DSTM32N657xx -DSTM32_EXTMEMLOADER_STM32CUBETARGET -c -I../../../ExtMemLoader/Core/Inc -I../../../Secure_nsclib -I../../../Drivers/STM32N6xx_HAL_Driver/Inc -I../../../Drivers/CMSIS/Device/ST/STM32N6xx/Include -I../../../Drivers/STM32N6xx_HAL_Driver/Inc/Legacy -I../../../Middlewares/ST/STM32_ExtMem_Loader/core -I../../../Middlewares/ST/STM32_ExtMem_Loader/MDK-ARM -I../../../Middlewares/ST/STM32_ExtMem_Loader/STM32Cube -I../../../Middlewares/ST/STM32_ExtMem_Manager -I../../../Middlewares/ST/STM32_ExtMem_Manager/sal -I../../../Middlewares/ST/STM32_ExtMem_Manager/nor_sfdp -I../../../Middlewares/ST/STM32_ExtMem_Manager/psram -I../../../Middlewares/ST/STM32_ExtMem_Manager/sdcard -I../../../Middlewares/ST/STM32_ExtMem_Manager/user -I../../../Drivers/CMSIS/Include -O0 -ffunction-sections -fdata-sections -Wall -fstack-usage -fcyclomatic-complexity -mcmse -MMD -MP -MF"Middlewares/STM32_ExtMem_Loader/stm32_loader_api.d" -MT"Middlewares/STM32_ExtMem_Loader/stm32_loader_api.o" --specs=nano.specs -mfpu=fpv5-d16 -mfloat-abi=hard -mthumb -o "Middlewares/STM32_ExtMem_Loader/stm32_loader_api.o"
arm-none-eabi-gcc "D:/STM32/STM32CubeIDE/STM32N6DK2/Middlewares/ST/STM32_ExtMem_Loader/core/systick_management.c" -mcpu=cortex-m55 -std=gnu11 -g3 -DDEBUG -DUSE_HAL_DRIVER -DSTM32N657xx -DSTM32_EXTMEMLOADER_STM32CUBETARGET -c -I../../../ExtMemLoader/Core/Inc -I../../../Secure_nsclib -I../../../Drivers/STM32N6xx_HAL_Driver/Inc -I../../../Drivers/CMSIS/Device/ST/STM32N6xx/Include -I../../../Drivers/STM32N6xx_HAL_Driver/Inc/Legacy -I../../../Middlewares/ST/STM32_ExtMem_Loader/core -I../../../Middlewares/ST/STM32_ExtMem_Loader/MDK-ARM -I../../../Middlewares/ST/STM32_ExtMem_Loader/STM32Cube -I../../../Middlewares/ST/STM32_ExtMem_Manager -I../../../Middlewares/ST/STM32_ExtMem_Manager/sal -I../../../Middlewares/ST/STM32_ExtMem_Manager/nor_sfdp -I../../../Middlewares/ST/STM32_ExtMem_Manager/psram -I../../../Middlewares/ST/STM32_ExtMem_Manager/sdcard -I../../../Middlewares/ST/STM32_ExtMem_Manager/user -I../../../Drivers/CMSIS/Include -O0 -ffunction-sections -fdata-sections -Wall -fstack-usage -fcyclomatic-complexity -mcmse -MMD -MP -MF"Middlewares/STM32_ExtMem_Loader/systick_management.d" -MT"Middlewares/STM32_ExtMem_Loader/systick_management.o" --specs=nano.specs -mfpu=fpv5-d16 -mfloat-abi=hard -mthumb -o "Middlewares/STM32_ExtMem_Loader/systick_management.o"
arm-none-eabi-gcc "D:/STM32/STM32CubeIDE/STM32N6DK2/Drivers/STM32N6xx_HAL_Driver/Src/stm32n6xx_hal.c" -mcpu=cortex-m55 -std=gnu11 -g3 -DDEBUG -DUSE_HAL_DRIVER -DSTM32N657xx -DSTM32_EXTMEMLOADER_STM32CUBETARGET -c -I../../../ExtMemLoader/Core/Inc -I../../../Secure_nsclib -I../../../Drivers/STM32N6xx_HAL_Driver/Inc -I../../../Drivers/CMSIS/Device/ST/STM32N6xx/Include -I../../../Drivers/STM32N6xx_HAL_Driver/Inc/Legacy -I../../../Middlewares/ST/STM32_ExtMem_Loader/core -I../../../Middlewares/ST/STM32_ExtMem_Loader/MDK-ARM -I../../../Middlewares/ST/STM32_ExtMem_Loader/STM32Cube -I../../../Middlewares/ST/STM32_ExtMem_Manager -I../../../Middlewares/ST/STM32_ExtMem_Manager/sal -I../../../Middlewares/ST/STM32_ExtMem_Manager/nor_sfdp -I../../../Middlewares/ST/STM32_ExtMem_Manager/psram -I../../../Middlewares/ST/STM32_ExtMem_Manager/sdcard -I../../../Middlewares/ST/STM32_ExtMem_Manager/user -I../../../Drivers/CMSIS/Include -O0 -ffunction-sections -fdata-sections -Wall -fstack-usage -fcyclomatic-complexity -mcmse -MMD -MP -MF"Drivers/STM32N6xx_HAL_Driver/stm32n6xx_hal.d" -MT"Drivers/STM32N6xx_HAL_Driver/stm32n6xx_hal.o" --specs=nano.specs -mfpu=fpv5-d16 -mfloat-abi=hard -mthumb -o "Drivers/STM32N6xx_HAL_Driver/stm32n6xx_hal.o"
arm-none-eabi-gcc "D:/STM32/STM32CubeIDE/STM32N6DK2/Drivers/STM32N6xx_HAL_Driver/Src/stm32n6xx_hal_cortex.c" -mcpu=cortex-m55 -std=gnu11 -g3 -DDEBUG -DUSE_HAL_DRIVER -DSTM32N657xx -DSTM32_EXTMEMLOADER_STM32CUBETARGET -c -I../../../ExtMemLoader/Core/Inc -I../../../Secure_nsclib -I../../../Drivers/STM32N6xx_HAL_Driver/Inc -I../../../Drivers/CMSIS/Device/ST/STM32N6xx/Include -I../../../Drivers/STM32N6xx_HAL_Driver/Inc/Legacy -I../../../Middlewares/ST/STM32_ExtMem_Loader/core -I../../../Middlewares/ST/STM32_ExtMem_Loader/MDK-ARM -I../../../Middlewares/ST/STM32_ExtMem_Loader/STM32Cube -I../../../Middlewares/ST/STM32_ExtMem_Manager -I../../../Middlewares/ST/STM32_ExtMem_Manager/sal -I../../../Middlewares/ST/STM32_ExtMem_Manager/nor_sfdp -I../../../Middlewares/ST/STM32_ExtMem_Manager/psram -I../../../Middlewares/ST/STM32_ExtMem_Manager/sdcard -I../../../Middlewares/ST/STM32_ExtMem_Manager/user -I../../../Drivers/CMSIS/Include -O0 -ffunction-sections -fdata-sections -Wall -fstack-usage -fcyclomatic-complexity -mcmse -MMD -MP -MF"Drivers/STM32N6xx_HAL_Driver/stm32n6xx_hal_cortex.d" -MT"Drivers/STM32N6xx_HAL_Driver/stm32n6xx_hal_cortex.o" --specs=nano.specs -mfpu=fpv5-d16 -mfloat-abi=hard -mthumb -o "Drivers/STM32N6xx_HAL_Driver/stm32n6xx_hal_cortex.o"
arm-none-eabi-gcc "D:/STM32/STM32CubeIDE/STM32N6DK2/Drivers/STM32N6xx_HAL_Driver/Src/stm32n6xx_hal_dma.c" -mcpu=cortex-m55 -std=gnu11 -g3 -DDEBUG -DUSE_HAL_DRIVER -DSTM32N657xx -DSTM32_EXTMEMLOADER_STM32CUBETARGET -c -I../../../ExtMemLoader/Core/Inc -I../../../Secure_nsclib -I../../../Drivers/STM32N6xx_HAL_Driver/Inc -I../../../Drivers/CMSIS/Device/ST/STM32N6xx/Include -I../../../Drivers/STM32N6xx_HAL_Driver/Inc/Legacy -I../../../Middlewares/ST/STM32_ExtMem_Loader/core -I../../../Middlewares/ST/STM32_ExtMem_Loader/MDK-ARM -I../../../Middlewares/ST/STM32_ExtMem_Loader/STM32Cube -I../../../Middlewares/ST/STM32_ExtMem_Manager -I../../../Middlewares/ST/STM32_ExtMem_Manager/sal -I../../../Middlewares/ST/STM32_ExtMem_Manager/nor_sfdp -I../../../Middlewares/ST/STM32_ExtMem_Manager/psram -I../../../Middlewares/ST/STM32_ExtMem_Manager/sdcard -I../../../Middlewares/ST/STM32_ExtMem_Manager/user -I../../../Drivers/CMSIS/Include -O0 -ffunction-sections -fdata-sections -Wall -fstack-usage -fcyclomatic-complexity -mcmse -MMD -MP -MF"Drivers/STM32N6xx_HAL_Driver/stm32n6xx_hal_dma.d" -MT"Drivers/STM32N6xx_HAL_Driver/stm32n6xx_hal_dma.o" --specs=nano.specs -mfpu=fpv5-d16 -mfloat-abi=hard -mthumb -o "Drivers/STM32N6xx_HAL_Driver/stm32n6xx_hal_dma.o"
arm-none-eabi-gcc "D:/STM32/STM32CubeIDE/STM32N6DK2/Drivers/STM32N6xx_HAL_Driver/Src/stm32n6xx_hal_dma_ex.c" -mcpu=cortex-m55 -std=gnu11 -g3 -DDEBUG -DUSE_HAL_DRIVER -DSTM32N657xx -DSTM32_EXTMEMLOADER_STM32CUBETARGET -c -I../../../ExtMemLoader/Core/Inc -I../../../Secure_nsclib -I../../../Drivers/STM32N6xx_HAL_Driver/Inc -I../../../Drivers/CMSIS/Device/ST/STM32N6xx/Include -I../../../Drivers/STM32N6xx_HAL_Driver/Inc/Legacy -I../../../Middlewares/ST/STM32_ExtMem_Loader/core -I../../../Middlewares/ST/STM32_ExtMem_Loader/MDK-ARM -I../../../Middlewares/ST/STM32_ExtMem_Loader/STM32Cube -I../../../Middlewares/ST/STM32_ExtMem_Manager -I../../../Middlewares/ST/STM32_ExtMem_Manager/sal -I../../../Middlewares/ST/STM32_ExtMem_Manager/nor_sfdp -I../../../Middlewares/ST/STM32_ExtMem_Manager/psram -I../../../Middlewares/ST/STM32_ExtMem_Manager/sdcard -I../../../Middlewares/ST/STM32_ExtMem_Manager/user -I../../../Drivers/CMSIS/Include -O0 -ffunction-sections -fdata-sections -Wall -fstack-usage -fcyclomatic-complexity -mcmse -MMD -MP -MF"Drivers/STM32N6xx_HAL_Driver/stm32n6xx_hal_dma_ex.d" -MT"Drivers/STM32N6xx_HAL_Driver/stm32n6xx_hal_dma_ex.o" --specs=nano.specs -mfpu=fpv5-d16 -mfloat-abi=hard -mthumb -o "Drivers/STM32N6xx_HAL_Driver/stm32n6xx_hal_dma_ex.o"
arm-none-eabi-gcc "D:/STM32/STM32CubeIDE/STM32N6DK2/Drivers/STM32N6xx_HAL_Driver/Src/stm32n6xx_hal_exti.c" -mcpu=cortex-m55 -std=gnu11 -g3 -DDEBUG -DUSE_HAL_DRIVER -DSTM32N657xx -DSTM32_EXTMEMLOADER_STM32CUBETARGET -c -I../../../ExtMemLoader/Core/Inc -I../../../Secure_nsclib -I../../../Drivers/STM32N6xx_HAL_Driver/Inc -I../../../Drivers/CMSIS/Device/ST/STM32N6xx/Include -I../../../Drivers/STM32N6xx_HAL_Driver/Inc/Legacy -I../../../Middlewares/ST/STM32_ExtMem_Loader/core -I../../../Middlewares/ST/STM32_ExtMem_Loader/MDK-ARM -I../../../Middlewares/ST/STM32_ExtMem_Loader/STM32Cube -I../../../Middlewares/ST/STM32_ExtMem_Manager -I../../../Middlewares/ST/STM32_ExtMem_Manager/sal -I../../../Middlewares/ST/STM32_ExtMem_Manager/nor_sfdp -I../../../Middlewares/ST/STM32_ExtMem_Manager/psram -I../../../Middlewares/ST/STM32_ExtMem_Manager/sdcard -I../../../Middlewares/ST/STM32_ExtMem_Manager/user -I../../../Drivers/CMSIS/Include -O0 -ffunction-sections -fdata-sections -Wall -fstack-usage -fcyclomatic-complexity -mcmse -MMD -MP -MF"Drivers/STM32N6xx_HAL_Driver/stm32n6xx_hal_exti.d" -MT"Drivers/STM32N6xx_HAL_Driver/stm32n6xx_hal_exti.o" --specs=nano.specs -mfpu=fpv5-d16 -mfloat-abi=hard -mthumb -o "Drivers/STM32N6xx_HAL_Driver/stm32n6xx_hal_exti.o"
arm-none-eabi-gcc "D:/STM32/STM32CubeIDE/STM32N6DK2/Drivers/STM32N6xx_HAL_Driver/Src/stm32n6xx_hal_gpio.c" -mcpu=cortex-m55 -std=gnu11 -g3 -DDEBUG -DUSE_HAL_DRIVER -DSTM32N657xx -DSTM32_EXTMEMLOADER_STM32CUBETARGET -c -I../../../ExtMemLoader/Core/Inc -I../../../Secure_nsclib -I../../../Drivers/STM32N6xx_HAL_Driver/Inc -I../../../Drivers/CMSIS/Device/ST/STM32N6xx/Include -I../../../Drivers/STM32N6xx_HAL_Driver/Inc/Legacy -I../../../Middlewares/ST/STM32_ExtMem_Loader/core -I../../../Middlewares/ST/STM32_ExtMem_Loader/MDK-ARM -I../../../Middlewares/ST/STM32_ExtMem_Loader/STM32Cube -I../../../Middlewares/ST/STM32_ExtMem_Manager -I../../../Middlewares/ST/STM32_ExtMem_Manager/sal -I../../../Middlewares/ST/STM32_ExtMem_Manager/nor_sfdp -I../../../Middlewares/ST/STM32_ExtMem_Manager/psram -I../../../Middlewares/ST/STM32_ExtMem_Manager/sdcard -I../../../Middlewares/ST/STM32_ExtMem_Manager/user -I../../../Drivers/CMSIS/Include -O0 -ffunction-sections -fdata-sections -Wall -fstack-usage -fcyclomatic-complexity -mcmse -MMD -MP -MF"Drivers/STM32N6xx_HAL_Driver/stm32n6xx_hal_gpio.d" -MT"Drivers/STM32N6xx_HAL_Driver/stm32n6xx_hal_gpio.o" --specs=nano.specs -mfpu=fpv5-d16 -mfloat-abi=hard -mthumb -o "Drivers/STM32N6xx_HAL_Driver/stm32n6xx_hal_gpio.o"
arm-none-eabi-gcc "D:/STM32/STM32CubeIDE/STM32N6DK2/Drivers/STM32N6xx_HAL_Driver/Src/stm32n6xx_hal_pwr.c" -mcpu=cortex-m55 -std=gnu11 -g3 -DDEBUG -DUSE_HAL_DRIVER -DSTM32N657xx -DSTM32_EXTMEMLOADER_STM32CUBETARGET -c -I../../../ExtMemLoader/Core/Inc -I../../../Secure_nsclib -I../../../Drivers/STM32N6xx_HAL_Driver/Inc -I../../../Drivers/CMSIS/Device/ST/STM32N6xx/Include -I../../../Drivers/STM32N6xx_HAL_Driver/Inc/Legacy -I../../../Middlewares/ST/STM32_ExtMem_Loader/core -I../../../Middlewares/ST/STM32_ExtMem_Loader/MDK-ARM -I../../../Middlewares/ST/STM32_ExtMem_Loader/STM32Cube -I../../../Middlewares/ST/STM32_ExtMem_Manager -I../../../Middlewares/ST/STM32_ExtMem_Manager/sal -I../../../Middlewares/ST/STM32_ExtMem_Manager/nor_sfdp -I../../../Middlewares/ST/STM32_ExtMem_Manager/psram -I../../../Middlewares/ST/STM32_ExtMem_Manager/sdcard -I../../../Middlewares/ST/STM32_ExtMem_Manager/user -I../../../Drivers/CMSIS/Include -O0 -ffunction-sections -fdata-sections -Wall -fstack-usage -fcyclomatic-complexity -mcmse -MMD -MP -MF"Drivers/STM32N6xx_HAL_Driver/stm32n6xx_hal_pwr.d" -MT"Drivers/STM32N6xx_HAL_Driver/stm32n6xx_hal_pwr.o" --specs=nano.specs -mfpu=fpv5-d16 -mfloat-abi=hard -mthumb -o "Drivers/STM32N6xx_HAL_Driver/stm32n6xx_hal_pwr.o"
arm-none-eabi-gcc "D:/STM32/STM32CubeIDE/STM32N6DK2/Drivers/STM32N6xx_HAL_Driver/Src/stm32n6xx_hal_pwr_ex.c" -mcpu=cortex-m55 -std=gnu11 -g3 -DDEBUG -DUSE_HAL_DRIVER -DSTM32N657xx -DSTM32_EXTMEMLOADER_STM32CUBETARGET -c -I../../../ExtMemLoader/Core/Inc -I../../../Secure_nsclib -I../../../Drivers/STM32N6xx_HAL_Driver/Inc -I../../../Drivers/CMSIS/Device/ST/STM32N6xx/Include -I../../../Drivers/STM32N6xx_HAL_Driver/Inc/Legacy -I../../../Middlewares/ST/STM32_ExtMem_Loader/core -I../../../Middlewares/ST/STM32_ExtMem_Loader/MDK-ARM -I../../../Middlewares/ST/STM32_ExtMem_Loader/STM32Cube -I../../../Middlewares/ST/STM32_ExtMem_Manager -I../../../Middlewares/ST/STM32_ExtMem_Manager/sal -I../../../Middlewares/ST/STM32_ExtMem_Manager/nor_sfdp -I../../../Middlewares/ST/STM32_ExtMem_Manager/psram -I../../../Middlewares/ST/STM32_ExtMem_Manager/sdcard -I../../../Middlewares/ST/STM32_ExtMem_Manager/user -I../../../Drivers/CMSIS/Include -O0 -ffunction-sections -fdata-sections -Wall -fstack-usage -fcyclomatic-complexity -mcmse -MMD -MP -MF"Drivers/STM32N6xx_HAL_Driver/stm32n6xx_hal_pwr_ex.d" -MT"Drivers/STM32N6xx_HAL_Driver/stm32n6xx_hal_pwr_ex.o" --specs=nano.specs -mfpu=fpv5-d16 -mfloat-abi=hard -mthumb -o "Drivers/STM32N6xx_HAL_Driver/stm32n6xx_hal_pwr_ex.o"
arm-none-eabi-gcc "D:/STM32/STM32CubeIDE/STM32N6DK2/Drivers/STM32N6xx_HAL_Driver/Src/stm32n6xx_hal_rcc.c" -mcpu=cortex-m55 -std=gnu11 -g3 -DDEBUG -DUSE_HAL_DRIVER -DSTM32N657xx -DSTM32_EXTMEMLOADER_STM32CUBETARGET -c -I../../../ExtMemLoader/Core/Inc -I../../../Secure_nsclib -I../../../Drivers/STM32N6xx_HAL_Driver/Inc -I../../../Drivers/CMSIS/Device/ST/STM32N6xx/Include -I../../../Drivers/STM32N6xx_HAL_Driver/Inc/Legacy -I../../../Middlewares/ST/STM32_ExtMem_Loader/core -I../../../Middlewares/ST/STM32_ExtMem_Loader/MDK-ARM -I../../../Middlewares/ST/STM32_ExtMem_Loader/STM32Cube -I../../../Middlewares/ST/STM32_ExtMem_Manager -I../../../Middlewares/ST/STM32_ExtMem_Manager/sal -I../../../Middlewares/ST/STM32_ExtMem_Manager/nor_sfdp -I../../../Middlewares/ST/STM32_ExtMem_Manager/psram -I../../../Middlewares/ST/STM32_ExtMem_Manager/sdcard -I../../../Middlewares/ST/STM32_ExtMem_Manager/user -I../../../Drivers/CMSIS/Include -O0 -ffunction-sections -fdata-sections -Wall -fstack-usage -fcyclomatic-complexity -mcmse -MMD -MP -MF"Drivers/STM32N6xx_HAL_Driver/stm32n6xx_hal_rcc.d" -MT"Drivers/STM32N6xx_HAL_Driver/stm32n6xx_hal_rcc.o" --specs=nano.specs -mfpu=fpv5-d16 -mfloat-abi=hard -mthumb -o "Drivers/STM32N6xx_HAL_Driver/stm32n6xx_hal_rcc.o"
arm-none-eabi-gcc "D:/STM32/STM32CubeIDE/STM32N6DK2/Drivers/STM32N6xx_HAL_Driver/Src/stm32n6xx_hal_rcc_ex.c" -mcpu=cortex-m55 -std=gnu11 -g3 -DDEBUG -DUSE_HAL_DRIVER -DSTM32N657xx -DSTM32_EXTMEMLOADER_STM32CUBETARGET -c -I../../../ExtMemLoader/Core/Inc -I../../../Secure_nsclib -I../../../Drivers/STM32N6xx_HAL_Driver/Inc -I../../../Drivers/CMSIS/Device/ST/STM32N6xx/Include -I../../../Drivers/STM32N6xx_HAL_Driver/Inc/Legacy -I../../../Middlewares/ST/STM32_ExtMem_Loader/core -I../../../Middlewares/ST/STM32_ExtMem_Loader/MDK-ARM -I../../../Middlewares/ST/STM32_ExtMem_Loader/STM32Cube -I../../../Middlewares/ST/STM32_ExtMem_Manager -I../../../Middlewares/ST/STM32_ExtMem_Manager/sal -I../../../Middlewares/ST/STM32_ExtMem_Manager/nor_sfdp -I../../../Middlewares/ST/STM32_ExtMem_Manager/psram -I../../../Middlewares/ST/STM32_ExtMem_Manager/sdcard -I../../../Middlewares/ST/STM32_ExtMem_Manager/user -I../../../Drivers/CMSIS/Include -O0 -ffunction-sections -fdata-sections -Wall -fstack-usage -fcyclomatic-complexity -mcmse -MMD -MP -MF"Drivers/STM32N6xx_HAL_Driver/stm32n6xx_hal_rcc_ex.d" -MT"Drivers/STM32N6xx_HAL_Driver/stm32n6xx_hal_rcc_ex.o" --specs=nano.specs -mfpu=fpv5-d16 -mfloat-abi=hard -mthumb -o "Drivers/STM32N6xx_HAL_Driver/stm32n6xx_hal_rcc_ex.o"
arm-none-eabi-gcc "D:/STM32/STM32CubeIDE/STM32N6DK2/Drivers/STM32N6xx_HAL_Driver/Src/stm32n6xx_hal_xspi.c" -mcpu=cortex-m55 -std=gnu11 -g3 -DDEBUG -DUSE_HAL_DRIVER -DSTM32N657xx -DSTM32_EXTMEMLOADER_STM32CUBETARGET -c -I../../../ExtMemLoader/Core/Inc -I../../../Secure_nsclib -I../../../Drivers/STM32N6xx_HAL_Driver/Inc -I../../../Drivers/CMSIS/Device/ST/STM32N6xx/Include -I../../../Drivers/STM32N6xx_HAL_Driver/Inc/Legacy -I../../../Middlewares/ST/STM32_ExtMem_Loader/core -I../../../Middlewares/ST/STM32_ExtMem_Loader/MDK-ARM -I../../../Middlewares/ST/STM32_ExtMem_Loader/STM32Cube -I../../../Middlewares/ST/STM32_ExtMem_Manager -I../../../Middlewares/ST/STM32_ExtMem_Manager/sal -I../../../Middlewares/ST/STM32_ExtMem_Manager/nor_sfdp -I../../../Middlewares/ST/STM32_ExtMem_Manager/psram -I../../../Middlewares/ST/STM32_ExtMem_Manager/sdcard -I../../../Middlewares/ST/STM32_ExtMem_Manager/user -I../../../Drivers/CMSIS/Include -O0 -ffunction-sections -fdata-sections -Wall -fstack-usage -fcyclomatic-complexity -mcmse -MMD -MP -MF"Drivers/STM32N6xx_HAL_Driver/stm32n6xx_hal_xspi.d" -MT"Drivers/STM32N6xx_HAL_Driver/stm32n6xx_hal_xspi.o" --specs=nano.specs -mfpu=fpv5-d16 -mfloat-abi=hard -mthumb -o "Drivers/STM32N6xx_HAL_Driver/stm32n6xx_hal_xspi.o"
arm-none-eabi-gcc "D:/STM32/STM32CubeIDE/STM32N6DK2/ExtMemLoader/Core/Src/system_stm32n6xx_fsbl.c" -mcpu=cortex-m55 -std=gnu11 -g3 -DDEBUG -DUSE_HAL_DRIVER -DSTM32N657xx -DSTM32_EXTMEMLOADER_STM32CUBETARGET -c -I../../../ExtMemLoader/Core/Inc -I../../../Secure_nsclib -I../../../Drivers/STM32N6xx_HAL_Driver/Inc -I../../../Drivers/CMSIS/Device/ST/STM32N6xx/Include -I../../../Drivers/STM32N6xx_HAL_Driver/Inc/Legacy -I../../../Middlewares/ST/STM32_ExtMem_Loader/core -I../../../Middlewares/ST/STM32_ExtMem_Loader/MDK-ARM -I../../../Middlewares/ST/STM32_ExtMem_Loader/STM32Cube -I../../../Middlewares/ST/STM32_ExtMem_Manager -I../../../Middlewares/ST/STM32_ExtMem_Manager/sal -I../../../Middlewares/ST/STM32_ExtMem_Manager/nor_sfdp -I../../../Middlewares/ST/STM32_ExtMem_Manager/psram -I../../../Middlewares/ST/STM32_ExtMem_Manager/sdcard -I../../../Middlewares/ST/STM32_ExtMem_Manager/user -I../../../Drivers/CMSIS/Include -O0 -ffunction-sections -fdata-sections -Wall -fstack-usage -fcyclomatic-complexity -mcmse -MMD -MP -MF"Drivers/CMSIS/system_stm32n6xx_fsbl.d" -MT"Drivers/CMSIS/system_stm32n6xx_fsbl.o" --specs=nano.specs -mfpu=fpv5-d16 -mfloat-abi=hard -mthumb -o "Drivers/CMSIS/system_stm32n6xx_fsbl.o"
arm-none-eabi-gcc "../Application/User/Core/Src/syscalls.c" -mcpu=cortex-m55 -std=gnu11 -g3 -DDEBUG -DUSE_HAL_DRIVER -DSTM32N657xx -DSTM32_EXTMEMLOADER_STM32CUBETARGET -c -I../../../ExtMemLoader/Core/Inc -I../../../Secure_nsclib -I../../../Drivers/STM32N6xx_HAL_Driver/Inc -I../../../Drivers/CMSIS/Device/ST/STM32N6xx/Include -I../../../Drivers/STM32N6xx_HAL_Driver/Inc/Legacy -I../../../Middlewares/ST/STM32_ExtMem_Loader/core -I../../../Middlewares/ST/STM32_ExtMem_Loader/MDK-ARM -I../../../Middlewares/ST/STM32_ExtMem_Loader/STM32Cube -I../../../Middlewares/ST/STM32_ExtMem_Manager -I../../../Middlewares/ST/STM32_ExtMem_Manager/sal -I../../../Middlewares/ST/STM32_ExtMem_Manager/nor_sfdp -I../../../Middlewares/ST/STM32_ExtMem_Manager/psram -I../../../Middlewares/ST/STM32_ExtMem_Manager/sdcard -I../../../Middlewares/ST/STM32_ExtMem_Manager/user -I../../../Drivers/CMSIS/Include -O0 -ffunction-sections -fdata-sections -Wall -fstack-usage -fcyclomatic-complexity -mcmse -MMD -MP -MF"Application/User/Core/Src/syscalls.d" -MT"Application/User/Core/Src/syscalls.o" --specs=nano.specs -mfpu=fpv5-d16 -mfloat-abi=hard -mthumb -o "Application/User/Core/Src/syscalls.o"
arm-none-eabi-gcc "../Application/User/Core/Src/sysmem.c" -mcpu=cortex-m55 -std=gnu11 -g3 -DDEBUG -DUSE_HAL_DRIVER -DSTM32N657xx -DSTM32_EXTMEMLOADER_STM32CUBETARGET -c -I../../../ExtMemLoader/Core/Inc -I../../../Secure_nsclib -I../../../Drivers/STM32N6xx_HAL_Driver/Inc -I../../../Drivers/CMSIS/Device/ST/STM32N6xx/Include -I../../../Drivers/STM32N6xx_HAL_Driver/Inc/Legacy -I../../../Middlewares/ST/STM32_ExtMem_Loader/core -I../../../Middlewares/ST/STM32_ExtMem_Loader/MDK-ARM -I../../../Middlewares/ST/STM32_ExtMem_Loader/STM32Cube -I../../../Middlewares/ST/STM32_ExtMem_Manager -I../../../Middlewares/ST/STM32_ExtMem_Manager/sal -I../../../Middlewares/ST/STM32_ExtMem_Manager/nor_sfdp -I../../../Middlewares/ST/STM32_ExtMem_Manager/psram -I../../../Middlewares/ST/STM32_ExtMem_Manager/sdcard -I../../../Middlewares/ST/STM32_ExtMem_Manager/user -I../../../Drivers/CMSIS/Include -O0 -ffunction-sections -fdata-sections -Wall -fstack-usage -fcyclomatic-complexity -mcmse -MMD -MP -MF"Application/User/Core/Src/sysmem.d" -MT"Application/User/Core/Src/sysmem.o" --specs=nano.specs -mfpu=fpv5-d16 -mfloat-abi=hard -mthumb -o "Application/User/Core/Src/sysmem.o"
arm-none-eabi-gcc "D:/STM32/STM32CubeIDE/STM32N6DK2/ExtMemLoader/Core/Src/extmem_manager.c" -mcpu=cortex-m55 -std=gnu11 -g3 -DDEBUG -DUSE_HAL_DRIVER -DSTM32N657xx -DSTM32_EXTMEMLOADER_STM32CUBETARGET -c -I../../../ExtMemLoader/Core/Inc -I../../../Secure_nsclib -I../../../Drivers/STM32N6xx_HAL_Driver/Inc -I../../../Drivers/CMSIS/Device/ST/STM32N6xx/Include -I../../../Drivers/STM32N6xx_HAL_Driver/Inc/Legacy -I../../../Middlewares/ST/STM32_ExtMem_Loader/core -I../../../Middlewares/ST/STM32_ExtMem_Loader/MDK-ARM -I../../../Middlewares/ST/STM32_ExtMem_Loader/STM32Cube -I../../../Middlewares/ST/STM32_ExtMem_Manager -I../../../Middlewares/ST/STM32_ExtMem_Manager/sal -I../../../Middlewares/ST/STM32_ExtMem_Manager/nor_sfdp -I../../../Middlewares/ST/STM32_ExtMem_Manager/psram -I../../../Middlewares/ST/STM32_ExtMem_Manager/sdcard -I../../../Middlewares/ST/STM32_ExtMem_Manager/user -I../../../Drivers/CMSIS/Include -O0 -ffunction-sections -fdata-sections -Wall -fstack-usage -fcyclomatic-complexity -mcmse -MMD -MP -MF"Application/User/Core/extmem_manager.d" -MT"Application/User/Core/extmem_manager.o" --specs=nano.specs -mfpu=fpv5-d16 -mfloat-abi=hard -mthumb -o "Application/User/Core/extmem_manager.o"
arm-none-eabi-gcc "D:/STM32/STM32CubeIDE/STM32N6DK2/ExtMemLoader/Core/Src/extmemloader_init.c" -mcpu=cortex-m55 -std=gnu11 -g3 -DDEBUG -DUSE_HAL_DRIVER -DSTM32N657xx -DSTM32_EXTMEMLOADER_STM32CUBETARGET -c -I../../../ExtMemLoader/Core/Inc -I../../../Secure_nsclib -I../../../Drivers/STM32N6xx_HAL_Driver/Inc -I../../../Drivers/CMSIS/Device/ST/STM32N6xx/Include -I../../../Drivers/STM32N6xx_HAL_Driver/Inc/Legacy -I../../../Middlewares/ST/STM32_ExtMem_Loader/core -I../../../Middlewares/ST/STM32_ExtMem_Loader/MDK-ARM -I../../../Middlewares/ST/STM32_ExtMem_Loader/STM32Cube -I../../../Middlewares/ST/STM32_ExtMem_Manager -I../../../Middlewares/ST/STM32_ExtMem_Manager/sal -I../../../Middlewares/ST/STM32_ExtMem_Manager/nor_sfdp -I../../../Middlewares/ST/STM32_ExtMem_Manager/psram -I../../../Middlewares/ST/STM32_ExtMem_Manager/sdcard -I../../../Middlewares/ST/STM32_ExtMem_Manager/user -I../../../Drivers/CMSIS/Include -O0 -ffunction-sections -fdata-sections -Wall -fstack-usage -fcyclomatic-complexity -mcmse -MMD -MP -MF"Application/User/Core/extmemloader_init.d" -MT"Application/User/Core/extmemloader_init.o" --specs=nano.specs -mfpu=fpv5-d16 -mfloat-abi=hard -mthumb -o "Application/User/Core/extmemloader_init.o"
arm-none-eabi-gcc "D:/STM32/STM32CubeIDE/STM32N6DK2/ExtMemLoader/Core/Src/gpio.c" -mcpu=cortex-m55 -std=gnu11 -g3 -DDEBUG -DUSE_HAL_DRIVER -DSTM32N657xx -DSTM32_EXTMEMLOADER_STM32CUBETARGET -c -I../../../ExtMemLoader/Core/Inc -I../../../Secure_nsclib -I../../../Drivers/STM32N6xx_HAL_Driver/Inc -I../../../Drivers/CMSIS/Device/ST/STM32N6xx/Include -I../../../Drivers/STM32N6xx_HAL_Driver/Inc/Legacy -I../../../Middlewares/ST/STM32_ExtMem_Loader/core -I../../../Middlewares/ST/STM32_ExtMem_Loader/MDK-ARM -I../../../Middlewares/ST/STM32_ExtMem_Loader/STM32Cube -I../../../Middlewares/ST/STM32_ExtMem_Manager -I../../../Middlewares/ST/STM32_ExtMem_Manager/sal -I../../../Middlewares/ST/STM32_ExtMem_Manager/nor_sfdp -I../../../Middlewares/ST/STM32_ExtMem_Manager/psram -I../../../Middlewares/ST/STM32_ExtMem_Manager/sdcard -I../../../Middlewares/ST/STM32_ExtMem_Manager/user -I../../../Drivers/CMSIS/Include -O0 -ffunction-sections -fdata-sections -Wall -fstack-usage -fcyclomatic-complexity -mcmse -MMD -MP -MF"Application/User/Core/gpio.d" -MT"Application/User/Core/gpio.o" --specs=nano.specs -mfpu=fpv5-d16 -mfloat-abi=hard -mthumb -o "Application/User/Core/gpio.o"
arm-none-eabi-gcc "D:/STM32/STM32CubeIDE/STM32N6DK2/ExtMemLoader/Core/Src/stm32n6xx_hal_msp.c" -mcpu=cortex-m55 -std=gnu11 -g3 -DDEBUG -DUSE_HAL_DRIVER -DSTM32N657xx -DSTM32_EXTMEMLOADER_STM32CUBETARGET -c -I../../../ExtMemLoader/Core/Inc -I../../../Secure_nsclib -I../../../Drivers/STM32N6xx_HAL_Driver/Inc -I../../../Drivers/CMSIS/Device/ST/STM32N6xx/Include -I../../../Drivers/STM32N6xx_HAL_Driver/Inc/Legacy -I../../../Middlewares/ST/STM32_ExtMem_Loader/core -I../../../Middlewares/ST/STM32_ExtMem_Loader/MDK-ARM -I../../../Middlewares/ST/STM32_ExtMem_Loader/STM32Cube -I../../../Middlewares/ST/STM32_ExtMem_Manager -I../../../Middlewares/ST/STM32_ExtMem_Manager/sal -I../../../Middlewares/ST/STM32_ExtMem_Manager/nor_sfdp -I../../../Middlewares/ST/STM32_ExtMem_Manager/psram -I../../../Middlewares/ST/STM32_ExtMem_Manager/sdcard -I../../../Middlewares/ST/STM32_ExtMem_Manager/user -I../../../Drivers/CMSIS/Include -O0 -ffunction-sections -fdata-sections -Wall -fstack-usage -fcyclomatic-complexity -mcmse -MMD -MP -MF"Application/User/Core/stm32n6xx_hal_msp.d" -MT"Application/User/Core/stm32n6xx_hal_msp.o" --specs=nano.specs -mfpu=fpv5-d16 -mfloat-abi=hard -mthumb -o "Application/User/Core/stm32n6xx_hal_msp.o"
arm-none-eabi-gcc "D:/STM32/STM32CubeIDE/STM32N6DK2/ExtMemLoader/Core/Src/xspi.c" -mcpu=cortex-m55 -std=gnu11 -g3 -DDEBUG -DUSE_HAL_DRIVER -DSTM32N657xx -DSTM32_EXTMEMLOADER_STM32CUBETARGET -c -I../../../ExtMemLoader/Core/Inc -I../../../Secure_nsclib -I../../../Drivers/STM32N6xx_HAL_Driver/Inc -I../../../Drivers/CMSIS/Device/ST/STM32N6xx/Include -I../../../Drivers/STM32N6xx_HAL_Driver/Inc/Legacy -I../../../Middlewares/ST/STM32_ExtMem_Loader/core -I../../../Middlewares/ST/STM32_ExtMem_Loader/MDK-ARM -I../../../Middlewares/ST/STM32_ExtMem_Loader/STM32Cube -I../../../Middlewares/ST/STM32_ExtMem_Manager -I../../../Middlewares/ST/STM32_ExtMem_Manager/sal -I../../../Middlewares/ST/STM32_ExtMem_Manager/nor_sfdp -I../../../Middlewares/ST/STM32_ExtMem_Manager/psram -I../../../Middlewares/ST/STM32_ExtMem_Manager/sdcard -I../../../Middlewares/ST/STM32_ExtMem_Manager/user -I../../../Drivers/CMSIS/Include -O0 -ffunction-sections -fdata-sections -Wall -fstack-usage -fcyclomatic-complexity -mcmse -MMD -MP -MF"Application/User/Core/xspi.d" -MT"Application/User/Core/xspi.o" --specs=nano.specs -mfpu=fpv5-d16 -mfloat-abi=hard -mthumb -o "Application/User/Core/xspi.o"
arm-none-eabi-gcc "D:/STM32/STM32CubeIDE/STM32N6DK2/ExtMemLoader/Core/Src/xspim.c" -mcpu=cortex-m55 -std=gnu11 -g3 -DDEBUG -DUSE_HAL_DRIVER -DSTM32N657xx -DSTM32_EXTMEMLOADER_STM32CUBETARGET -c -I../../../ExtMemLoader/Core/Inc -I../../../Secure_nsclib -I../../../Drivers/STM32N6xx_HAL_Driver/Inc -I../../../Drivers/CMSIS/Device/ST/STM32N6xx/Include -I../../../Drivers/STM32N6xx_HAL_Driver/Inc/Legacy -I../../../Middlewares/ST/STM32_ExtMem_Loader/core -I../../../Middlewares/ST/STM32_ExtMem_Loader/MDK-ARM -I../../../Middlewares/ST/STM32_ExtMem_Loader/STM32Cube -I../../../Middlewares/ST/STM32_ExtMem_Manager -I../../../Middlewares/ST/STM32_ExtMem_Manager/sal -I../../../Middlewares/ST/STM32_ExtMem_Manager/nor_sfdp -I../../../Middlewares/ST/STM32_ExtMem_Manager/psram -I../../../Middlewares/ST/STM32_ExtMem_Manager/sdcard -I../../../Middlewares/ST/STM32_ExtMem_Manager/user -I../../../Drivers/CMSIS/Include -O0 -ffunction-sections -fdata-sections -Wall -fstack-usage -fcyclomatic-complexity -mcmse -MMD -MP -MF"Application/User/Core/xspim.d" -MT"Application/User/Core/xspim.o" --specs=nano.specs -mfpu=fpv5-d16 -mfloat-abi=hard -mthumb -o "Application/User/Core/xspim.o"
arm-none-eabi-gcc -o "STM32N6DK2_ExtMemLoader.elf" @"objects.list"   -mcpu=cortex-m55 -T"D:\STM32\STM32CubeIDE\STM32N6DK2\STM32CubeIDE\ExtMemLoader\STM32N657X0HXQ_extmemloader_default.ld" --specs=nosys.specs -Wl,-Map="STM32N6DK2_ExtMemLoader.map" -Wl,--gc-sections -static -Wl,--cmse-implib -Wl,--out-implib=./secure_nsclib.o --specs=nano.specs -mfpu=fpv5-d16 -mfloat-abi=hard -mthumb -Wl,--start-group -lc -lm -Wl,--end-group
Finished building target: STM32N6DK2_ExtMemLoader.elf
 
arm-none-eabi-size  STM32N6DK2_ExtMemLoader.elf 
arm-none-eabi-objdump -h -S STM32N6DK2_ExtMemLoader.elf  > "STM32N6DK2_ExtMemLoader.list"
arm-none-eabi-objcopy  -O binary STM32N6DK2_ExtMemLoader.elf  "STM32N6DK2_ExtMemLoader.bin"
   text	   data	    bss	    dec	    hex	filename
  62204	    520	   3380	  66104	  10238	STM32N6DK2_ExtMemLoader.elf
Finished building: default.size.stdout
 
Finished building: STM32N6DK2_ExtMemLoader.list
 
Finished building: STM32N6DK2_ExtMemLoader.bin
 
bash "../postbuild.sh" "D:\STM32\STM32CubeIDE_2.0.0\STM32CubeIDE\plugins\com.st.stm32cube.ide.mcu.externaltools.cubeprogrammer.win32_2.2.300.202508131133\tools\bin/ExternalLoader"
STM32CUBE IDE is found!
File copied successfully under STM32CubeProgrammer.
File copied successfully under STM32CubeIDE
 

09:38:22 Build Finished. 0 errors, 0 warnings. (took 9s.167ms)

